Archive member included to satisfy reference by file (symbol)

../libat28bv64b.a(at28bv64b.c.o)
                              CMakeFiles/program_paths.dir/program_paths.c.o (at28bv64b_init)
/Applications/ArmGNUToolchain/15.2.rel1/arm-none-eabi/bin/../lib/gcc/arm-none-eabi/15.2.1/../../../../arm-none-eabi/lib/thumb/v8-m.main+fp/softfp/libm.a(libm_a-wf_sqrt.o)
                              CMakeFiles/program_paths.dir/Users/cgtolley/Desktop/elsie/pico-sdk/src/rp2_common/pico_float/float_math.c.o (sqrtf)
/Applications/ArmGNUToolchain/15.2.rel1/arm-none-eabi/bin/../lib/gcc/arm-none-eabi/15.2.1/../../../../arm-none-eabi/lib/thumb/v8-m.main+fp/softfp/libm.a(libm_a-ef_sqrt.o)
                              /Applications/ArmGNUToolchain/15.2.rel1/arm-none-eabi/bin/../lib/gcc/arm-none-eabi/15.2.1/../../../../arm-none-eabi/lib/thumb/v8-m.main+fp/softfp/libm.a(libm_a-wf_sqrt.o) (__ieee754_sqrtf)
/Applications/ArmGNUToolchain/15.2.rel1/arm-none-eabi/bin/../lib/gcc/arm-none-eabi/15.2.1/thumb/v8-m.main+fp/softfp/libgcc.a(_arm_addsubdf3.o)
                              CMakeFiles/program_paths.dir/Users/cgtolley/Desktop/elsie/pico-sdk/src/rp2_common/pico_float/float_math.c.o (__aeabi_f2d)
/Applications/ArmGNUToolchain/15.2.rel1/arm-none-eabi/bin/../lib/gcc/arm-none-eabi/15.2.1/thumb/v8-m.main+fp/softfp/libgcc.a(_aeabi_ldivmod.o)
                              CMakeFiles/program_paths.dir/Users/cgtolley/Desktop/elsie/pico-sdk/src/common/pico_time/time.c.o (__aeabi_ldivmod)
/Applications/ArmGNUToolchain/15.2.rel1/arm-none-eabi/bin/../lib/gcc/arm-none-eabi/15.2.1/thumb/v8-m.main+fp/softfp/libgcc.a(_aeabi_uldivmod.o)
                              CMakeFiles/program_paths.dir/Users/cgtolley/Desktop/elsie/pico-sdk/src/rp2_common/hardware_clocks/clocks.c.o (__aeabi_uldivmod)
/Applications/ArmGNUToolchain/15.2.rel1/arm-none-eabi/bin/../lib/gcc/arm-none-eabi/15.2.1/thumb/v8-m.main+fp/softfp/libgcc.a(_udivmoddi4.o)
                              /Applications/ArmGNUToolchain/15.2.rel1/arm-none-eabi/bin/../lib/gcc/arm-none-eabi/15.2.1/thumb/v8-m.main+fp/softfp/libgcc.a(_aeabi_ldivmod.o) (__udivmoddi4)
/Applications/ArmGNUToolchain/15.2.rel1/arm-none-eabi/bin/../lib/gcc/arm-none-eabi/15.2.1/thumb/v8-m.main+fp/softfp/libgcc.a(_dvmd_tls.o)
                              /Applications/ArmGNUToolchain/15.2.rel1/arm-none-eabi/bin/../lib/gcc/arm-none-eabi/15.2.1/thumb/v8-m.main+fp/softfp/libgcc.a(_aeabi_ldivmod.o) (__aeabi_ldiv0)
/Applications/ArmGNUToolchain/15.2.rel1/arm-none-eabi/bin/../lib/gcc/arm-none-eabi/15.2.1/../../../../arm-none-eabi/lib/thumb/v8-m.main+fp/softfp/libg.a(libc_a-calloc.o)
                              CMakeFiles/program_paths.dir/Users/cgtolley/Desktop/elsie/pico-sdk/src/rp2_common/pico_malloc/malloc.c.o (calloc)
/Applications/ArmGNUToolchain/15.2.rel1/arm-none-eabi/bin/../lib/gcc/arm-none-eabi/15.2.1/../../../../arm-none-eabi/lib/thumb/v8-m.main+fp/softfp/libg.a(libc_a-callocr.o)
                              /Applications/ArmGNUToolchain/15.2.rel1/arm-none-eabi/bin/../lib/gcc/arm-none-eabi/15.2.1/../../../../arm-none-eabi/lib/thumb/v8-m.main+fp/softfp/libg.a(libc_a-calloc.o) (_calloc_r)
/Applications/ArmGNUToolchain/15.2.rel1/arm-none-eabi/bin/../lib/gcc/arm-none-eabi/15.2.1/../../../../arm-none-eabi/lib/thumb/v8-m.main+fp/softfp/libg.a(libc_a-malloc.o)
                              CMakeFiles/program_paths.dir/Users/cgtolley/Desktop/elsie/pico-sdk/src/rp2_common/pico_malloc/malloc.c.o (malloc)
/Applications/ArmGNUToolchain/15.2.rel1/arm-none-eabi/bin/../lib/gcc/arm-none-eabi/15.2.1/../../../../arm-none-eabi/lib/thumb/v8-m.main+fp/softfp/libg.a(libc_a-mallocr.o)
                              /Applications/ArmGNUToolchain/15.2.rel1/arm-none-eabi/bin/../lib/gcc/arm-none-eabi/15.2.1/../../../../arm-none-eabi/lib/thumb/v8-m.main+fp/softfp/libg.a(libc_a-callocr.o) (_malloc_r)
/Applications/ArmGNUToolchain/15.2.rel1/arm-none-eabi/bin/../lib/gcc/arm-none-eabi/15.2.1/../../../../arm-none-eabi/lib/thumb/v8-m.main+fp/softfp/libg.a(libc_a-mlock.o)
                              /Applications/ArmGNUToolchain/15.2.rel1/arm-none-eabi/bin/../lib/gcc/arm-none-eabi/15.2.1/../../../../arm-none-eabi/lib/thumb/v8-m.main+fp/softfp/libg.a(libc_a-mallocr.o) (__malloc_lock)
/Applications/ArmGNUToolchain/15.2.rel1/arm-none-eabi/bin/../lib/gcc/arm-none-eabi/15.2.1/../../../../arm-none-eabi/lib/thumb/v8-m.main+fp/softfp/libg.a(libc_a-realloc.o)
                              CMakeFiles/program_paths.dir/Users/cgtolley/Desktop/elsie/pico-sdk/src/rp2_common/pico_malloc/malloc.c.o (realloc)
/Applications/ArmGNUToolchain/15.2.rel1/arm-none-eabi/bin/../lib/gcc/arm-none-eabi/15.2.1/../../../../arm-none-eabi/lib/thumb/v8-m.main+fp/softfp/libg.a(libc_a-reallocr.o)
                              /Applications/ArmGNUToolchain/15.2.rel1/arm-none-eabi/bin/../lib/gcc/arm-none-eabi/15.2.1/../../../../arm-none-eabi/lib/thumb/v8-m.main+fp/softfp/libg.a(libc_a-realloc.o) (_realloc_r)
[...]
Memory Configuration

Name             Origin             Length             Attributes
FLASH            0x10000000         0x00400000         xr
RAM              0x20000000         0x00080000         xrw
SCRATCH_X        0x20080000         0x00001000         xrw
SCRATCH_Y        0x20081000         0x00001000         xrw
*default*        0x00000000         0xffffffff

Linker script and memory map

LOAD /Applications/ArmGNUToolchain/15.2.rel1/arm-none-eabi/bin/../lib/gcc/arm-none-eabi/15.2.1/thumb/v8-m.main+fp/softfp/crti.o
LOAD /Applications/ArmGNUToolchain/15.2.rel1/arm-none-eabi/bin/../lib/gcc/arm-none-eabi/15.2.1/thumb/v8-m.main+fp/softfp/crtbegin.o
LOAD /Applications/ArmGNUToolchain/15.2.rel1/arm-none-eabi/bin/../lib/gcc/arm-none-eabi/15.2.1/../../../../arm-none-eabi/lib/thumb/v8-m.main+fp/softfp/crt0.o

.flash_begin    0x10000000        0x0
                0x10000000                        __flash_binary_start = .

.text           0x10000000     0x6f18
                0x10000000                        __logical_binary_start = .
 *(.vectors)
 .vectors       0x10000000      0x124 CMakeFiles/program_paths.dir/Users/cgtolley/Desktop/elsie/pico-sdk/src/rp2_common/pico_crt0/crt0.S.o
                0x10000000                __vectors
                0x10000000                __VECTOR_TABLE
                0x10000110                __default_isrs_start
                0x10000110                isr_invalid
                0x10000112                isr_nmi
                0x10000114                isr_hardfault
                0x10000116                isr_svcall
                0x10000118                isr_pendsv
                0x1000011a                isr_systick
                0x1000011c                isr_irq5
                0x1000011c                isr_irq11
                0x1000011c                isr_irq23
                0x1000011c                isr_irq48
                0x1000011c                isr_irq35
                0x1000011c                isr_irq18
                0x1000011c                isr_irq50
                0x1000011c                isr_irq40
                0x1000011c                isr_irq28
                0x1000011c                isr_irq19
                0x1000011c                isr_irq36
                0x1000011c                isr_irq41
                0x1000011c                isr_irq0
                0x1000011c                isr_irq6
                0x1000011c                isr_irq37
                0x1000011c                isr_irq42
                0x1000011c                isr_irq22
                0x1000011c                isr_irq17
                0x1000011c                isr_irq38
                0x1000011c                isr_irq14
                0x1000011c                isr_irq2
                0x1000011c                isr_irq10
                0x1000011c                isr_irq8
                0x1000011c                isr_irq24
                0x1000011c                isr_irq46
                0x1000011c                isr_irq1
                0x1000011c                isr_irq47
                0x1000011c                isr_irq51
                0x1000011c                isr_irq7
                0x1000011c                isr_irq21
                0x1000011c                isr_irq39
                0x1000011c                isr_irq20
                0x1000011c                isr_irq15
                0x1000011c                isr_irq25
                0x1000011c                isr_irq34
                0x1000011c                isr_irq4
                0x1000011c                isr_irq16
                0x1000011c                isr_irq44
                0x1000011c                isr_irq29
                0x1000011c                isr_irq26
                0x1000011c                __default_isrs_end
                0x1000011c                isr_irq33
                0x1000011c                isr_irq3
                0x1000011c                isr_irq9
                0x1000011c                __unhandled_user_irq
                0x1000011c                isr_irq49
                0x1000011c                isr_irq13
                0x1000011c                isr_irq43
                0x1000011c                isr_irq45
                0x1000011c                isr_irq27
                0x1000011c                isr_irq32
                0x1000011c                isr_irq31
                0x1000011c                isr_irq30
                0x1000011c                isr_irq12
                0x10000122                unhandled_user_irq_num_in_r0
 *(.binary_info_header)
 .binary_info_header
                0x10000124       0x14 CMakeFiles/program_paths.dir/Users/cgtolley/Desktop/elsie/pico-sdk/src/rp2_common/pico_crt0/crt0.S.o
                0x10000138                        __binary_info_header_end = .
 *(.embedded_block)
 .embedded_block
                0x10000138       0x14 CMakeFiles/program_paths.dir/Users/cgtolley/Desktop/elsie/pico-sdk/src/rp2_common/pico_crt0/crt0.S.o
                0x1000014c                        __embedded_block_end = .
 *(.reset)
 .reset         0x1000014c       0xa0 CMakeFiles/program_paths.dir/Users/cgtolley/Desktop/elsie/pico-sdk/src/rp2_common/pico_crt0/crt0.S.o
                0x1000014c                _entry_point
 *(.init)
 .init          0x100001ec        0x4 /Applications/ArmGNUToolchain/15.2.rel1/arm-none-eabi/bin/../lib/gcc/arm-none-eabi/15.2.1/thumb/v8-m.main+fp/softfp/crti.o
                0x100001ec                _init
 SORT_BY_NAME(REVERSE(*libgcc.a:cmse_nonsecure_call.o))()
 *(EXCLUDE_FILE(*libm.a: *libc.a:*lib_a-mem*.o *libgcc.a:) .text*)
 .text.register_tm_clones
                0x100001f0       0x28 /Applications/ArmGNUToolchain/15.2.rel1/arm-none-eabi/bin/../lib/gcc/arm-none-eabi/15.2.1/thumb/v8-m.main+fp/softfp/crtbegin.o
 .text.frame_dummy
                0x10000218       0x24 /Applications/ArmGNUToolchain/15.2.rel1/arm-none-eabi/bin/../lib/gcc/arm-none-eabi/15.2.1/thumb/v8-m.main+fp/softfp/crtbegin.o
 .text.led_cb   0x1000023c        0xc CMakeFiles/program_paths.dir/program_paths.c.o
 .text.startup.main
                0x10000248      0x240 CMakeFiles/program_paths.dir/program_paths.c.o
                0x10000248                main
 .text.gpio_set_pulls
                0x10000488       0x24 CMakeFiles/program_paths.dir/Users/cgtolley/Desktop/elsie/pico-sdk/src/rp2_common/hardware_gpio/gpio.c.o
                0x10000488                gpio_set_pulls
 .text.gpio_init
                0x100004ac       0x4c CMakeFiles/program_paths.dir/Users/cgtolley/Desktop/elsie/pico-sdk/src/rp2_common/hardware_gpio/gpio.c.o
                0x100004ac                gpio_init
 .text.panic    0x100004f8       0x30 CMakeFiles/program_paths.dir/Users/cgtolley/Desktop/elsie/pico-sdk/src/rp2_common/pico_platform_panic/panic.c.o
                0x100004f8                panic
 .text.hw_claim_or_assert
                0x10000528       0x58 CMakeFiles/program_paths.dir/Users/cgtolley/Desktop/elsie/pico-sdk/src/common/hardware_claim/claim.c.o
                0x10000528                hw_claim_or_assert
 .text.hw_claim_unused_from_range
                0x10000580       0x84 CMakeFiles/program_paths.dir/Users/cgtolley/Desktop/elsie/pico-sdk/src/common/hardware_claim/claim.c.o
                0x10000580                hw_claim_unused_from_range
 .text.next_striped_spin_lock_num
                0x10000604       0x18 CMakeFiles/program_paths.dir/Users/cgtolley/Desktop/elsie/pico-sdk/src/rp2_common/hardware_sync/sync.c.o
                0x10000604                next_striped_spin_lock_num
 .text.spin_lock_claim_unused
                0x1000061c       0x24 CMakeFiles/program_paths.dir/Users/cgtolley/Desktop/elsie/pico-sdk/src/rp2_common/hardware_sync/sync.c.o
                0x1000061c                spin_lock_claim_unused
 .text.spinlock_set_extexclall
                0x10000640       0x10 CMakeFiles/program_paths.dir/Users/cgtolley/Desktop/elsie/pico-sdk/src/rp2_common/hardware_sync_spin_lock/sync_spin_lock.c.o
 .text.spin_locks_reset
                0x10000650       0x18 CMakeFiles/program_paths.dir/Users/cgtolley/Desktop/elsie/pico-sdk/src/rp2_common/hardware_sync_spin_lock/sync_spin_lock.c.o
                0x10000650                spin_locks_reset
 .text.runtime_init_per_core_irq_priorities
                0x10000668       0x40 CMakeFiles/program_paths.dir/Users/cgtolley/Desktop/elsie/pico-sdk/src/rp2_common/hardware_irq/irq.c.o
                0x10000668                runtime_init_per_core_irq_priorities
 .text.irq_set_enabled
                0x100006a8       0x2c CMakeFiles/program_paths.dir/Users/cgtolley/Desktop/elsie/pico-sdk/src/rp2_common/hardware_irq/irq.c.o
                0x100006a8                irq_set_enabled
 .text.irq_is_enabled
                0x100006d4       0x20 CMakeFiles/program_paths.dir/Users/cgtolley/Desktop/elsie/pico-sdk/src/rp2_common/hardware_irq/irq.c.o
                0x100006d4                irq_is_enabled
 .text.irq_set_pending
                0x100006f4       0x18 CMakeFiles/program_paths.dir/Users/cgtolley/Desktop/elsie/pico-sdk/src/rp2_common/hardware_irq/irq.c.o
                0x100006f4                irq_set_pending
 .text.irq_has_shared_handler
                0x1000070c       0x20 CMakeFiles/program_paths.dir/Users/cgtolley/Desktop/elsie/pico-sdk/src/rp2_common/hardware_irq/irq.c.o
                0x1000070c                irq_has_shared_handler
 .text.irq_set_exclusive_handler
                0x1000072c       0x70 CMakeFiles/program_paths.dir/Users/cgtolley/Desktop/elsie/pico-sdk/src/rp2_common/hardware_irq/irq.c.o
                0x1000072c                irq_set_exclusive_handler
 .text.irq_add_shared_handler
                0x1000079c      0x1f4 CMakeFiles/program_paths.dir/Users/cgtolley/Desktop/elsie/pico-sdk/src/rp2_common/hardware_irq/irq.c.o
                0x1000079c                irq_add_shared_handler
 .text.irq_add_tail_to_free_list
                0x10000990       0xcc CMakeFiles/program_paths.dir/Users/cgtolley/Desktop/elsie/pico-sdk/src/rp2_common/hardware_irq/irq.c.o
                0x10000990                irq_add_tail_to_free_list
 .text.user_irq_claim_unused
                0x10000a5c       0x2c CMakeFiles/program_paths.dir/Users/cgtolley/Desktop/elsie/pico-sdk/src/rp2_common/hardware_irq/irq.c.o
                0x10000a5c                user_irq_claim_unused
 .text.lock_init
                0x10000a88        0xc CMakeFiles/program_paths.dir/Users/cgtolley/Desktop/elsie/pico-sdk/src/common/pico_sync/lock_core.c.o
                0x10000a88                lock_init
 .text.runtime_init_mutex
                0x10000a94       0x4c CMakeFiles/program_paths.dir/Users/cgtolley/Desktop/elsie/pico-sdk/src/common/pico_sync/mutex.c.o
                0x10000a94                runtime_init_mutex
 .text.mutex_init
                0x10000ae0       0x1c CMakeFiles/program_paths.dir/Users/cgtolley/Desktop/elsie/pico-sdk/src/common/pico_sync/mutex.c.o
                0x10000ae0                mutex_init
 .text.critical_section_init
                0x10000afc       0x1c CMakeFiles/program_paths.dir/Users/cgtolley/Desktop/elsie/pico-sdk/src/common/pico_sync/critical_section.c.o
                0x10000afc                critical_section_init
 .text.critical_section_init_with_lock_num
                0x10000b18       0x10 CMakeFiles/program_paths.dir/Users/cgtolley/Desktop/elsie/pico-sdk/src/common/pico_sync/critical_section.c.o
                0x10000b18                critical_section_init_with_lock_num
 .text.sleep_until_callback
                0x10000b28       0x3c CMakeFiles/program_paths.dir/Users/cgtolley/Desktop/elsie/pico-sdk/src/common/pico_time/time.c.o
 *fill*         0x10000b64        0x4 
 .text.alarm_pool_irq_handler
                0x10000b68      0x2ec CMakeFiles/program_paths.dir/Users/cgtolley/Desktop/elsie/pico-sdk/src/common/pico_time/time.c.o
 .text.runtime_init_default_alarm_pool
                0x10000e54      0x104 CMakeFiles/program_paths.dir/Users/cgtolley/Desktop/elsie/pico-sdk/src/common/pico_time/time.c.o
                0x10000e54                runtime_init_default_alarm_pool
 .text.alarm_pool_get_default
                0x10000f58        0x8 CMakeFiles/program_paths.dir/Users/cgtolley/Desktop/elsie/pico-sdk/src/common/pico_time/time.c.o
                0x10000f58                alarm_pool_get_default
 .text.alarm_pool_add_alarm_at
                0x10000f60       0xe4 CMakeFiles/program_paths.dir/Users/cgtolley/Desktop/elsie/pico-sdk/src/common/pico_time/time.c.o
                0x10000f60                alarm_pool_add_alarm_at
 .text.alarm_pool_add_alarm_at_force_in_context
                0x10001044       0xcc CMakeFiles/program_paths.dir/Users/cgtolley/Desktop/elsie/pico-sdk/src/common/pico_time/time.c.o
                0x10001044                alarm_pool_add_alarm_at_force_in_context
 .text.alarm_pool_cancel_alarm
                0x10001110       0x84 CMakeFiles/program_paths.dir/Users/cgtolley/Desktop/elsie/pico-sdk/src/common/pico_time/time.c.o
                0x10001110                alarm_pool_cancel_alarm
 .text.alarm_pool_core_num
                0x10001194        0x4 CMakeFiles/program_paths.dir/Users/cgtolley/Desktop/elsie/pico-sdk/src/common/pico_time/time.c.o
                0x10001194                alarm_pool_core_num
 .text.sleep_ms
                0x10001198       0xdc CMakeFiles/program_paths.dir/Users/cgtolley/Desktop/elsie/pico-sdk/src/common/pico_time/time.c.o
                0x10001198                sleep_ms
 .text.best_effort_wfe_or_timeout
                0x10001274       0xf8 CMakeFiles/program_paths.dir/Users/cgtolley/Desktop/elsie/pico-sdk/src/common/pico_time/time.c.o
                0x10001274                best_effort_wfe_or_timeout
 .text.alarm_pool_add_repeating_timer_us
                0x1000136c      0x120 CMakeFiles/program_paths.dir/Users/cgtolley/Desktop/elsie/pico-sdk/src/common/pico_time/time.c.o
                0x1000136c                alarm_pool_add_repeating_timer_us
 .text.timer_hardware_alarm_claim
                0x1000148c       0x24 CMakeFiles/program_paths.dir/Users/cgtolley/Desktop/elsie/pico-sdk/src/rp2_common/hardware_timer/timer.c.o
                0x1000148c                timer_hardware_alarm_claim
 .text.timer_time_us_64
                0x100014b0       0x10 CMakeFiles/program_paths.dir/Users/cgtolley/Desktop/elsie/pico-sdk/src/rp2_common/hardware_timer/timer.c.o
                0x100014b0                timer_time_us_64
 .text.time_us_64
                0x100014c0       0x14 CMakeFiles/program_paths.dir/Users/cgtolley/Desktop/elsie/pico-sdk/src/rp2_common/hardware_timer/timer.c.o
                0x100014c0                time_us_64
 .text.busy_wait_us_32
                0x100014d4       0x70 CMakeFiles/program_paths.dir/Users/cgtolley/Desktop/elsie/pico-sdk/src/rp2_common/hardware_timer/timer.c.o
                0x100014d4                busy_wait_us_32
 .text.busy_wait_us
                0x10001544       0x60 CMakeFiles/program_paths.dir/Users/cgtolley/Desktop/elsie/pico-sdk/src/rp2_common/hardware_timer/timer.c.o
                0x10001544                busy_wait_us
 .text.busy_wait_until
                0x100015a4       0x24 CMakeFiles/program_paths.dir/Users/cgtolley/Desktop/elsie/pico-sdk/src/rp2_common/hardware_timer/timer.c.o
                0x100015a4                busy_wait_until
 .text.clock_configure_undivided
                0x100015c8       0xdc CMakeFiles/program_paths.dir/Users/cgtolley/Desktop/elsie/pico-sdk/src/rp2_common/hardware_clocks/clocks.c.o
                0x100015c8                clock_configure_undivided
 .text.clock_get_hz
                0x100016a4        0xc CMakeFiles/program_paths.dir/Users/cgtolley/Desktop/elsie/pico-sdk/src/rp2_common/hardware_clocks/clocks.c.o
                0x100016a4                clock_get_hz
 .text.pll_init
                0x100016b0       0x90 CMakeFiles/program_paths.dir/Users/cgtolley/Desktop/elsie/pico-sdk/src/rp2_common/hardware_pll/pll.c.o
                0x100016b0                pll_init
 .text.watchdog_reboot
                0x10001740       0xac CMakeFiles/program_paths.dir/Users/cgtolley/Desktop/elsie/pico-sdk/src/rp2_common/hardware_watchdog/watchdog.c.o
                0x10001740                watchdog_reboot
 .text.tick_start
                0x100017ec       0x18 CMakeFiles/program_paths.dir/Users/cgtolley/Desktop/elsie/pico-sdk/src/rp2_common/hardware_ticks/ticks.c.o
                0x100017ec                tick_start
 .text.rom_reboot.constprop.0.isra.0
                0x10001804       0x38 CMakeFiles/program_paths.dir/Users/cgtolley/Desktop/elsie/pico-sdk/src/rp2_common/pico_bootrom/bootrom.c.o
 .text.rom_func_lookup
                0x1000183c       0x18 CMakeFiles/program_paths.dir/Users/cgtolley/Desktop/elsie/pico-sdk/src/rp2_common/pico_bootrom/bootrom.c.o
                0x1000183c                rom_func_lookup
 .text.rom_reset_usb_boot_extra
                0x10001854       0x1c CMakeFiles/program_paths.dir/Users/cgtolley/Desktop/elsie/pico-sdk/src/rp2_common/pico_bootrom/bootrom.c.o
                0x10001854                rom_reset_usb_boot_extra
 .text.runtime_init_bootrom_locking_enable
                0x10001870       0x14 CMakeFiles/program_paths.dir/Users/cgtolley/Desktop/elsie/pico-sdk/src/rp2_common/pico_bootrom/bootrom_lock.c.o
                0x10001870                runtime_init_bootrom_locking_enable
 .text.runtime_init_boot_locks_reset
                0x10001884       0x1c CMakeFiles/program_paths.dir/Users/cgtolley/Desktop/elsie/pico-sdk/src/rp2_common/hardware_boot_lock/boot_lock.c.o
                0x10001884                runtime_init_boot_locks_reset
 .text.xosc_init
                0x100018a0       0x2c CMakeFiles/program_paths.dir/Users/cgtolley/Desktop/elsie/pico-sdk/src/rp2_common/hardware_xosc/xosc.c.o
                0x100018a0                xosc_init
 .text.first_per_core_initializer
                0x100018cc        0x4 CMakeFiles/program_paths.dir/Users/cgtolley/Desktop/elsie/pico-sdk/src/rp2_common/pico_runtime/runtime.c.o
 .text.hard_assertion_failure
                0x100018d0        0xc CMakeFiles/program_paths.dir/Users/cgtolley/Desktop/elsie/pico-sdk/src/rp2_common/pico_runtime/runtime.c.o
                0x100018d0                hard_assertion_failure
 .text.runtime_run_initializers
                0x100018dc       0x20 CMakeFiles/program_paths.dir/Users/cgtolley/Desktop/elsie/pico-sdk/src/rp2_common/pico_runtime/runtime.c.o
                0x100018dc                runtime_run_initializers
 .text.runtime_init_early_resets
                0x100018fc       0x30 CMakeFiles/program_paths.dir/Users/cgtolley/Desktop/elsie/pico-sdk/src/rp2_common/pico_runtime_init/runtime_init.c.o
                0x100018fc                runtime_init_early_resets
 .text.runtime_init_usb_power_down
                0x1000192c       0x1c CMakeFiles/program_paths.dir/Users/cgtolley/Desktop/elsie/pico-sdk/src/rp2_common/pico_runtime_init/runtime_init.c.o
                0x1000192c                runtime_init_usb_power_down
 .text.runtime_init_per_core_enable_coprocessors
                0x10001948       0x1c CMakeFiles/program_paths.dir/Users/cgtolley/Desktop/elsie/pico-sdk/src/rp2_common/pico_runtime_init/runtime_init.c.o
                0x10001948                runtime_init_per_core_enable_coprocessors
 .text.runtime_init_post_clock_resets
                0x10001964       0x20 CMakeFiles/program_paths.dir/Users/cgtolley/Desktop/elsie/pico-sdk/src/rp2_common/pico_runtime_init/runtime_init.c.o
                0x10001964                runtime_init_post_clock_resets
 .text.runtime_init_bootrom_reset
                0x10001984       0x14 CMakeFiles/program_paths.dir/Users/cgtolley/Desktop/elsie/pico-sdk/src/rp2_common/pico_runtime_init/runtime_init.c.o
                0x10001984                runtime_init_bootrom_reset
 .text.runtime_init_per_core_bootrom_reset
                0x10001998       0x14 CMakeFiles/program_paths.dir/Users/cgtolley/Desktop/elsie/pico-sdk/src/rp2_common/pico_runtime_init/runtime_init.c.o
                0x10001998                runtime_init_per_core_bootrom_reset
 .text.runtime_init_spin_locks_reset
                0x100019ac        0x4 CMakeFiles/program_paths.dir/Users/cgtolley/Desktop/elsie/pico-sdk/src/rp2_common/pico_runtime_init/runtime_init.c.o
                0x100019ac                runtime_init_spin_locks_reset
 .text.runtime_init_install_ram_vector_table
                0x100019b0       0x1c CMakeFiles/program_paths.dir/Users/cgtolley/Desktop/elsie/pico-sdk/src/rp2_common/pico_runtime_init/runtime_init.c.o
                0x100019b0                runtime_init_install_ram_vector_table
 .text.runtime_init_clocks
                0x100019cc       0xdc CMakeFiles/program_paths.dir/Users/cgtolley/Desktop/elsie/pico-sdk/src/rp2_common/pico_runtime_init/runtime_init_clocks.c.o
                0x100019cc                runtime_init_clocks
 .text.__rp2350_dcp_engaged_state_save_restore
                0x10001aa8       0x3a CMakeFiles/program_paths.dir/Users/cgtolley/Desktop/elsie/pico-sdk/src/rp2_common/pico_double/double_aeabi_dcp.S.o
 *fill*         0x10001ae2        0x2 
 .text.__wrap___aeabi_dadd
                0x10001ae4       0x28 CMakeFiles/program_paths.dir/Users/cgtolley/Desktop/elsie/pico-sdk/src/rp2_common/pico_double/double_aeabi_dcp.S.o
                0x10001aec                __wrap___aeabi_dadd
 .text.__wrap___aeabi_dsub
                0x10001b0c       0x28 CMakeFiles/program_paths.dir/Users/cgtolley/Desktop/elsie/pico-sdk/src/rp2_common/pico_double/double_aeabi_dcp.S.o
                0x10001b14                __wrap___aeabi_dsub
 .text.__wrap___aeabi_dmul
                0x10001b34       0x4c CMakeFiles/program_paths.dir/Users/cgtolley/Desktop/elsie/pico-sdk/src/rp2_common/pico_double/double_aeabi_dcp.S.o
                0x10001b3c                __wrap___aeabi_dmul
 .text.__wrap___aeabi_ddiv
                0x10001b80       0x9c CMakeFiles/program_paths.dir/Users/cgtolley/Desktop/elsie/pico-sdk/src/rp2_common/pico_double/double_aeabi_dcp.S.o
                0x10001b88                __wrap___aeabi_ddiv
 .text.__wrap___aeabi_i2d
                0x10001c1c       0x24 CMakeFiles/program_paths.dir/Users/cgtolley/Desktop/elsie/pico-sdk/src/rp2_common/pico_double/double_aeabi_dcp.S.o
                0x10001c24                __wrap___aeabi_i2d
                0x10001c24                int2double
 .text.__wrap___aeabi_ui2d
                0x10001c40       0x24 CMakeFiles/program_paths.dir/Users/cgtolley/Desktop/elsie/pico-sdk/src/rp2_common/pico_double/double_aeabi_dcp.S.o
                0x10001c48                __wrap___aeabi_ui2d
                0x10001c48                uint2double
 .text.__wrap___aeabi_d2iz
                0x10001c64       0x24 CMakeFiles/program_paths.dir/Users/cgtolley/Desktop/elsie/pico-sdk/src/rp2_common/pico_double/double_aeabi_dcp.S.o
                0x10001c6c                __wrap___aeabi_d2iz
                0x10001c6c                double2int_z
 .text.__wrap___aeabi_d2uiz
                0x10001c88       0x24 CMakeFiles/program_paths.dir/Users/cgtolley/Desktop/elsie/pico-sdk/src/rp2_common/pico_double/double_aeabi_dcp.S.o
                0x10001c90                double2uint_z
                0x10001c90                double2uint
                0x10001c90                __wrap___aeabi_d2uiz
 .text.__wrap___aeabi_dcmpun
                0x10001cac       0x24 CMakeFiles/program_paths.dir/Users/cgtolley/Desktop/elsie/pico-sdk/src/rp2_common/pico_double/double_aeabi_dcp.S.o
                0x10001cb4                __wrap___aeabi_dcmpun
 .text.__wrap___aeabi_dcmplt
                0x10001cd0       0x28 CMakeFiles/program_paths.dir/Users/cgtolley/Desktop/elsie/pico-sdk/src/rp2_common/pico_double/double_aeabi_dcp.S.o
                0x10001cd8                __wrap___aeabi_dcmplt
 .text.__wrap___aeabi_dcmple
                0x10001cf8       0x28 CMakeFiles/program_paths.dir/Users/cgtolley/Desktop/elsie/pico-sdk/src/rp2_common/pico_double/double_aeabi_dcp.S.o
                0x10001d00                __wrap___aeabi_dcmple
 .text.__wrap___aeabi_dcmpge
                0x10001d20       0x28 CMakeFiles/program_paths.dir/Users/cgtolley/Desktop/elsie/pico-sdk/src/rp2_common/pico_double/double_aeabi_dcp.S.o
                0x10001d28                __wrap___aeabi_dcmpge
 .text.__wrap___aeabi_dcmpgt
                0x10001d48       0x28 CMakeFiles/program_paths.dir/Users/cgtolley/Desktop/elsie/pico-sdk/src/rp2_common/pico_double/double_aeabi_dcp.S.o
                0x10001d50                __wrap___aeabi_dcmpgt
 .text._out_null
                0x10001d70        0x4 CMakeFiles/program_paths.dir/Users/cgtolley/Desktop/elsie/pico-sdk/src/rp2_common/pico_printf/printf.c.o
 .text._out_rev
                0x10001d74       0xa8 CMakeFiles/program_paths.dir/Users/cgtolley/Desktop/elsie/pico-sdk/src/rp2_common/pico_printf/printf.c.o
 .text._ntoa_format
                0x10001e1c      0x1dc CMakeFiles/program_paths.dir/Users/cgtolley/Desktop/elsie/pico-sdk/src/rp2_common/pico_printf/printf.c.o
 .text._out_char
                0x10001ff8        0x8 CMakeFiles/program_paths.dir/Users/cgtolley/Desktop/elsie/pico-sdk/src/rp2_common/pico_printf/printf.c.o
 .text._out_fct
                0x10002000        0xc CMakeFiles/program_paths.dir/Users/cgtolley/Desktop/elsie/pico-sdk/src/rp2_common/pico_printf/printf.c.o
 *fill*         0x1000200c        0x4 
 .text._ftoa    0x10002010      0x494 CMakeFiles/program_paths.dir/Users/cgtolley/Desktop/elsie/pico-sdk/src/rp2_common/pico_printf/printf.c.o
 *fill*         0x100024a4        0x4 
 .text._etoa    0x100024a8      0x584 CMakeFiles/program_paths.dir/Users/cgtolley/Desktop/elsie/pico-sdk/src/rp2_common/pico_printf/printf.c.o
 .text._vsnprintf
                0x10002a2c      0x9d8 CMakeFiles/program_paths.dir/Users/cgtolley/Desktop/elsie/pico-sdk/src/rp2_common/pico_printf/printf.c.o
 .text.vfctprintf
                0x10003404       0x24 CMakeFiles/program_paths.dir/Users/cgtolley/Desktop/elsie/pico-sdk/src/rp2_common/pico_printf/printf.c.o
                0x10003404                vfctprintf
 .text.weak_raw_vprintf
                0x10003428       0x30 CMakeFiles/program_paths.dir/Users/cgtolley/Desktop/elsie/pico-sdk/src/rp2_common/pico_printf/printf.c.o
                0x10003428                weak_raw_vprintf
 .text._exit    0x10003458        0x4 CMakeFiles/program_paths.dir/Users/cgtolley/Desktop/elsie/pico-sdk/src/rp2_common/pico_clib_interface/newlib_interface.c.o
                0x10003458                _exit
 .text.exit     0x1000345c        0x8 CMakeFiles/program_paths.dir/Users/cgtolley/Desktop/elsie/pico-sdk/src/rp2_common/pico_clib_interface/newlib_interface.c.o
                0x1000345c                exit
 .text.runtime_init
                0x10003464       0x24 CMakeFiles/program_paths.dir/Users/cgtolley/Desktop/elsie/pico-sdk/src/rp2_common/pico_clib_interface/newlib_interface.c.o
                0x10003464                runtime_init
 .text.stdio_out_chars_no_crlf
                0x10003488        0x8 CMakeFiles/program_paths.dir/Users/cgtolley/Desktop/elsie/pico-sdk/src/rp2_common/pico_stdio/stdio.c.o
 .text.stdio_out_chars_crlf
                0x10003490       0xc0 CMakeFiles/program_paths.dir/Users/cgtolley/Desktop/elsie/pico-sdk/src/rp2_common/pico_stdio/stdio.c.o
 .text.stdio_buffered_printer
                0x10003550       0x5c CMakeFiles/program_paths.dir/Users/cgtolley/Desktop/elsie/pico-sdk/src/rp2_common/pico_stdio/stdio.c.o
 .text.stdio_put_string
                0x100035ac       0xec CMakeFiles/program_paths.dir/Users/cgtolley/Desktop/elsie/pico-sdk/src/rp2_common/pico_stdio/stdio.c.o
                0x100035ac                stdio_put_string
 .text.stdio_set_driver_enabled
                0x10003698       0x28 CMakeFiles/program_paths.dir/Users/cgtolley/Desktop/elsie/pico-sdk/src/rp2_common/pico_stdio/stdio.c.o
                0x10003698                stdio_set_driver_enabled
 .text.stdio_init_all
                0x100036c0        0x4 CMakeFiles/program_paths.dir/Users/cgtolley/Desktop/elsie/pico-sdk/src/rp2_common/pico_stdio/stdio.c.o
                0x100036c0                stdio_init_all
 .text.stdio_getchar_timeout_us
                0x100036c4       0x8c CMakeFiles/program_paths.dir/Users/cgtolley/Desktop/elsie/pico-sdk/src/rp2_common/pico_stdio/stdio.c.o
                0x100036c4                stdio_getchar_timeout_us
 .text.__wrap_putchar
                0x10003750       0x84 CMakeFiles/program_paths.dir/Users/cgtolley/Desktop/elsie/pico-sdk/src/rp2_common/pico_stdio/stdio.c.o
                0x10003750                stdio_putchar
                0x10003750                __wrap_putchar
 .text.__wrap_puts
                0x100037d4       0x3c CMakeFiles/program_paths.dir/Users/cgtolley/Desktop/elsie/pico-sdk/src/rp2_common/pico_stdio/stdio.c.o
                0x100037d4                __wrap_puts
                0x100037d4                stdio_puts
 .text.__wrap_vprintf
                0x10003810       0xc0 CMakeFiles/program_paths.dir/Users/cgtolley/Desktop/elsie/pico-sdk/src/rp2_common/pico_stdio/stdio.c.o
                0x10003810                __wrap_vprintf
                0x10003810                stdio_vprintf
 .text.__wrap_printf
                0x100038d0       0x1c CMakeFiles/program_paths.dir/Users/cgtolley/Desktop/elsie/pico-sdk/src/rp2_common/pico_stdio/stdio.c.o
                0x100038d0                stdio_printf
                0x100038d0                __wrap_printf
 .text.resetd_init
                0x100038ec        0x4 CMakeFiles/program_paths.dir/Users/cgtolley/Desktop/elsie/pico-sdk/src/rp2_common/pico_stdio_usb/reset_interface.c.o
 .text.resetd_reset
                0x100038f0        0xc CMakeFiles/program_paths.dir/Users/cgtolley/Desktop/elsie/pico-sdk/src/rp2_common/pico_stdio_usb/reset_interface.c.o
 .text.resetd_open
                0x100038fc       0x28 CMakeFiles/program_paths.dir/Users/cgtolley/Desktop/elsie/pico-sdk/src/rp2_common/pico_stdio_usb/reset_interface.c.o
 .text.resetd_xfer_cb
                0x10003924        0x4 CMakeFiles/program_paths.dir/Users/cgtolley/Desktop/elsie/pico-sdk/src/rp2_common/pico_stdio_usb/reset_interface.c.o
 .text.resetd_control_xfer_cb
                0x10003928       0x50 CMakeFiles/program_paths.dir/Users/cgtolley/Desktop/elsie/pico-sdk/src/rp2_common/pico_stdio_usb/reset_interface.c.o
 .text.tud_descriptor_bos_cb
                0x10003978        0x8 CMakeFiles/program_paths.dir/Users/cgtolley/Desktop/elsie/pico-sdk/src/rp2_common/pico_stdio_usb/reset_interface.c.o
                0x10003978                tud_descriptor_bos_cb
 .text.tud_vendor_control_xfer_cb
                0x10003980       0x28 CMakeFiles/program_paths.dir/Users/cgtolley/Desktop/elsie/pico-sdk/src/rp2_common/pico_stdio_usb/reset_interface.c.o
                0x10003980                tud_vendor_control_xfer_cb
 .text.usbd_app_driver_get_cb
                0x100039a8       0x10 CMakeFiles/program_paths.dir/Users/cgtolley/Desktop/elsie/pico-sdk/src/rp2_common/pico_stdio_usb/reset_interface.c.o
                0x100039a8                usbd_app_driver_get_cb
 .text.tud_cdc_line_coding_cb
                0x100039b8       0x18 CMakeFiles/program_paths.dir/Users/cgtolley/Desktop/elsie/pico-sdk/src/rp2_common/pico_stdio_usb/reset_interface.c.o
                0x100039b8                tud_cdc_line_coding_cb
 .text.stdio_usb_set_chars_available_callback
                0x100039d0       0x14 CMakeFiles/program_paths.dir/Users/cgtolley/Desktop/elsie/pico-sdk/src/rp2_common/pico_stdio_usb/stdio_usb.c.o
                0x100039d0                stdio_usb_set_chars_available_callback
 .text.timer_task
                0x100039e4       0x70 CMakeFiles/program_paths.dir/Users/cgtolley/Desktop/elsie/pico-sdk/src/rp2_common/pico_stdio_usb/stdio_usb.c.o
 .text.usb_irq  0x10003a54        0xc CMakeFiles/program_paths.dir/Users/cgtolley/Desktop/elsie/pico-sdk/src/rp2_common/pico_stdio_usb/stdio_usb.c.o
 .text.stdio_usb_in_chars
                0x10003a60       0x88 CMakeFiles/program_paths.dir/Users/cgtolley/Desktop/elsie/pico-sdk/src/rp2_common/pico_stdio_usb/stdio_usb.c.o
                0x10003a60                stdio_usb_in_chars
 .text.stdio_usb_out_flush
                0x10003ae8       0x54 CMakeFiles/program_paths.dir/Users/cgtolley/Desktop/elsie/pico-sdk/src/rp2_common/pico_stdio_usb/stdio_usb.c.o
 .text.stdio_usb_out_chars
                0x10003b3c       0xf0 CMakeFiles/program_paths.dir/Users/cgtolley/Desktop/elsie/pico-sdk/src/rp2_common/pico_stdio_usb/stdio_usb.c.o
 .text.low_priority_worker_irq
                0x10003c2c       0xe8 CMakeFiles/program_paths.dir/Users/cgtolley/Desktop/elsie/pico-sdk/src/rp2_common/pico_stdio_usb/stdio_usb.c.o
 .text.stdio_usb_init
                0x10003d14       0xf0 CMakeFiles/program_paths.dir/Users/cgtolley/Desktop/elsie/pico-sdk/src/rp2_common/pico_stdio_usb/stdio_usb.c.o
                0x10003d14                stdio_usb_init
 .text.stdio_usb_connected
                0x10003e04        0x8 CMakeFiles/program_paths.dir/Users/cgtolley/Desktop/elsie/pico-sdk/src/rp2_common/pico_stdio_usb/stdio_usb.c.o
                0x10003e04                stdio_usb_connected
 .text.tud_descriptor_device_cb
                0x10003e0c        0x8 CMakeFiles/program_paths.dir/Users/cgtolley/Desktop/elsie/pico-sdk/src/rp2_common/pico_stdio_usb/stdio_usb_descriptors.c.o
                0x10003e0c                tud_descriptor_device_cb
 .text.tud_descriptor_configuration_cb
                0x10003e14        0x8 CMakeFiles/program_paths.dir/Users/cgtolley/Desktop/elsie/pico-sdk/src/rp2_common/pico_stdio_usb/stdio_usb_descriptors.c.o
                0x10003e14                tud_descriptor_configuration_cb
 .text.tud_descriptor_string_cb
                0x10003e1c       0x80 CMakeFiles/program_paths.dir/Users/cgtolley/Desktop/elsie/pico-sdk/src/rp2_common/pico_stdio_usb/stdio_usb_descriptors.c.o
                0x10003e1c                tud_descriptor_string_cb
 .text.startup._retrieve_unique_id_on_boot
                0x10003e9c       0x2c CMakeFiles/program_paths.dir/Users/cgtolley/Desktop/elsie/pico-sdk/src/rp2_common/pico_unique_id/unique_id.c.o
 .text.pico_get_unique_board_id_string
                0x10003ec8      0x190 CMakeFiles/program_paths.dir/Users/cgtolley/Desktop/elsie/pico-sdk/src/rp2_common/pico_unique_id/unique_id.c.o
                0x10003ec8                pico_get_unique_board_id_string
 .text.dcd_init
                0x10004058       0x9c CMakeFiles/program_paths.dir/Users/cgtolley/Desktop/elsie/pico-sdk/lib/tinyusb/src/portable/raspberrypi/rp2040/dcd_rp2040.c.o
                0x10004058                dcd_init
 .text.dcd_int_enable
                0x100040f4        0x8 CMakeFiles/program_paths.dir/Users/cgtolley/Desktop/elsie/pico-sdk/lib/tinyusb/src/portable/raspberrypi/rp2040/dcd_rp2040.c.o
                0x100040f4                dcd_int_enable
 .text.dcd_set_address
                0x100040fc       0x10 CMakeFiles/program_paths.dir/Users/cgtolley/Desktop/elsie/pico-sdk/lib/tinyusb/src/portable/raspberrypi/rp2040/dcd_rp2040.c.o
                0x100040fc                dcd_set_address
 .text.dcd_sof_enable
                0x1000410c       0x1c CMakeFiles/program_paths.dir/Users/cgtolley/Desktop/elsie/pico-sdk/lib/tinyusb/src/portable/raspberrypi/rp2040/dcd_rp2040.c.o
                0x1000410c                dcd_sof_enable
 .text.dcd_edpt0_status_complete
                0x10004128       0x1c CMakeFiles/program_paths.dir/Users/cgtolley/Desktop/elsie/pico-sdk/lib/tinyusb/src/portable/raspberrypi/rp2040/dcd_rp2040.c.o
                0x10004128                dcd_edpt0_status_complete
 .text.dcd_edpt_open
                0x10004144      0x10c CMakeFiles/program_paths.dir/Users/cgtolley/Desktop/elsie/pico-sdk/lib/tinyusb/src/portable/raspberrypi/rp2040/dcd_rp2040.c.o
                0x10004144                dcd_edpt_open
 .text.dcd_edpt_close_all
                0x10004250        0x4 CMakeFiles/program_paths.dir/Users/cgtolley/Desktop/elsie/pico-sdk/lib/tinyusb/src/portable/raspberrypi/rp2040/dcd_rp2040.c.o
                0x10004250                dcd_edpt_close_all
 .text.dcd_edpt_xfer
                0x10004254       0x28 CMakeFiles/program_paths.dir/Users/cgtolley/Desktop/elsie/pico-sdk/lib/tinyusb/src/portable/raspberrypi/rp2040/dcd_rp2040.c.o
                0x10004254                dcd_edpt_xfer
 .text.dcd_edpt_stall
                0x1000427c       0x30 CMakeFiles/program_paths.dir/Users/cgtolley/Desktop/elsie/pico-sdk/lib/tinyusb/src/portable/raspberrypi/rp2040/dcd_rp2040.c.o
                0x1000427c                dcd_edpt_stall
 .text.dcd_edpt_clear_stall
                0x100042ac       0x24 CMakeFiles/program_paths.dir/Users/cgtolley/Desktop/elsie/pico-sdk/lib/tinyusb/src/portable/raspberrypi/rp2040/dcd_rp2040.c.o
                0x100042ac                dcd_edpt_clear_stall
 .text.rp2040_usb_init
                0x100042d0       0x40 CMakeFiles/program_paths.dir/Users/cgtolley/Desktop/elsie/pico-sdk/lib/tinyusb/src/portable/raspberrypi/rp2040/rp2040_usb.c.o
                0x100042d0                rp2040_usb_init
 .text.hw_endpoint_xfer_start
                0x10004310       0x40 CMakeFiles/program_paths.dir/Users/cgtolley/Desktop/elsie/pico-sdk/lib/tinyusb/src/portable/raspberrypi/rp2040/rp2040_usb.c.o
                0x10004310                hw_endpoint_xfer_start
 .text.configuration_reset
                0x10004350       0x8c CMakeFiles/program_paths.dir/Users/cgtolley/Desktop/elsie/pico-sdk/lib/tinyusb/src/device/usbd.c.o
 .text.tud_event_hook_cb
                0x100043dc        0x4 CMakeFiles/program_paths.dir/Users/cgtolley/Desktop/elsie/pico-sdk/lib/tinyusb/src/device/usbd.c.o
                0x100043dc                tud_event_hook_cb
 .text.tud_sof_cb
                0x100043e0        0x4 CMakeFiles/program_paths.dir/Users/cgtolley/Desktop/elsie/pico-sdk/lib/tinyusb/src/device/usbd.c.o
                0x100043e0                tud_sof_cb
 .text.tud_descriptor_device_qualifier_cb
                0x100043e4        0x4 CMakeFiles/program_paths.dir/Users/cgtolley/Desktop/elsie/pico-sdk/lib/tinyusb/src/device/usbd.c.o
                0x100043e4                tud_descriptor_device_qualifier_cb
 .text.tud_descriptor_other_speed_configuration_cb
                0x100043e8        0x4 CMakeFiles/program_paths.dir/Users/cgtolley/Desktop/elsie/pico-sdk/lib/tinyusb/src/device/usbd.c.o
                0x100043e8                tud_descriptor_other_speed_configuration_cb
 .text.tud_mount_cb
                0x100043ec        0x4 CMakeFiles/program_paths.dir/Users/cgtolley/Desktop/elsie/pico-sdk/lib/tinyusb/src/device/usbd.c.o
                0x100043ec                tud_mount_cb
 .text.tud_umount_cb
                0x100043f0        0x4 CMakeFiles/program_paths.dir/Users/cgtolley/Desktop/elsie/pico-sdk/lib/tinyusb/src/device/usbd.c.o
                0x100043f0                tud_umount_cb
 .text.tud_suspend_cb
                0x100043f4        0x4 CMakeFiles/program_paths.dir/Users/cgtolley/Desktop/elsie/pico-sdk/lib/tinyusb/src/device/usbd.c.o
                0x100043f4                tud_suspend_cb
 .text.tud_resume_cb
                0x100043f8        0x4 CMakeFiles/program_paths.dir/Users/cgtolley/Desktop/elsie/pico-sdk/lib/tinyusb/src/device/usbd.c.o
                0x100043f8                tud_resume_cb
 .text.tud_mounted
                0x100043fc       0x10 CMakeFiles/program_paths.dir/Users/cgtolley/Desktop/elsie/pico-sdk/lib/tinyusb/src/device/usbd.c.o
                0x100043fc                tud_mounted
 .text.tud_suspended
                0x1000440c       0x10 CMakeFiles/program_paths.dir/Users/cgtolley/Desktop/elsie/pico-sdk/lib/tinyusb/src/device/usbd.c.o
                0x1000440c                tud_suspended
 .text.tud_rhport_init
                0x1000441c       0xf0 CMakeFiles/program_paths.dir/Users/cgtolley/Desktop/elsie/pico-sdk/lib/tinyusb/src/device/usbd.c.o
                0x1000441c                tud_rhport_init
 .text.tud_task_ext
                0x1000450c      0x7cc CMakeFiles/program_paths.dir/Users/cgtolley/Desktop/elsie/pico-sdk/lib/tinyusb/src/device/usbd.c.o
                0x1000450c                tud_task_ext
 .text.usbd_open_edpt_pair
                0x10004cd8       0xa0 CMakeFiles/program_paths.dir/Users/cgtolley/Desktop/elsie/pico-sdk/lib/tinyusb/src/device/usbd.c.o
                0x10004cd8                usbd_open_edpt_pair
 .text.usbd_edpt_open
                0x10004d78       0x5c CMakeFiles/program_paths.dir/Users/cgtolley/Desktop/elsie/pico-sdk/lib/tinyusb/src/device/usbd.c.o
                0x10004d78                usbd_edpt_open
 .text.usbd_edpt_claim
                0x10004dd4       0x24 CMakeFiles/program_paths.dir/Users/cgtolley/Desktop/elsie/pico-sdk/lib/tinyusb/src/device/usbd.c.o
                0x10004dd4                usbd_edpt_claim
 .text.usbd_edpt_release
                0x10004df8       0x24 CMakeFiles/program_paths.dir/Users/cgtolley/Desktop/elsie/pico-sdk/lib/tinyusb/src/device/usbd.c.o
                0x10004df8                usbd_edpt_release
 .text.usbd_edpt_xfer
                0x10004e1c       0x70 CMakeFiles/program_paths.dir/Users/cgtolley/Desktop/elsie/pico-sdk/lib/tinyusb/src/device/usbd.c.o
                0x10004e1c                usbd_edpt_xfer
 .text.tud_control_status
                0x10004e8c       0x38 CMakeFiles/program_paths.dir/Users/cgtolley/Desktop/elsie/pico-sdk/lib/tinyusb/src/device/usbd_control.c.o
                0x10004e8c                tud_control_status
 .text.tud_control_xfer
                0x10004ec4       0xb4 CMakeFiles/program_paths.dir/Users/cgtolley/Desktop/elsie/pico-sdk/lib/tinyusb/src/device/usbd_control.c.o
                0x10004ec4                tud_control_xfer
 .text.usbd_control_reset
                0x10004f78       0x14 CMakeFiles/program_paths.dir/Users/cgtolley/Desktop/elsie/pico-sdk/lib/tinyusb/src/device/usbd_control.c.o
                0x10004f78                usbd_control_reset
 .text.usbd_control_set_complete_callback
                0x10004f8c        0xc CMakeFiles/program_paths.dir/Users/cgtolley/Desktop/elsie/pico-sdk/lib/tinyusb/src/device/usbd_control.c.o
                0x10004f8c                usbd_control_set_complete_callback
 .text.usbd_control_set_request
                0x10004f98       0x1c CMakeFiles/program_paths.dir/Users/cgtolley/Desktop/elsie/pico-sdk/lib/tinyusb/src/device/usbd_control.c.o
                0x10004f98                usbd_control_set_request
 .text.usbd_control_xfer_cb
                0x10004fb4      0x104 CMakeFiles/program_paths.dir/Users/cgtolley/Desktop/elsie/pico-sdk/lib/tinyusb/src/device/usbd_control.c.o
                0x10004fb4                usbd_control_xfer_cb
 .text._prep_out_transaction.isra.0
                0x100050b8       0x80 CMakeFiles/program_paths.dir/Users/cgtolley/Desktop/elsie/pico-sdk/lib/tinyusb/src/class/cdc/cdc_device.c.o
 .text.tud_cdc_n_connected
                0x10005138       0x2c CMakeFiles/program_paths.dir/Users/cgtolley/Desktop/elsie/pico-sdk/lib/tinyusb/src/class/cdc/cdc_device.c.o
                0x10005138                tud_cdc_n_connected
 .text.tud_cdc_n_available
                0x10005164       0x14 CMakeFiles/program_paths.dir/Users/cgtolley/Desktop/elsie/pico-sdk/lib/tinyusb/src/class/cdc/cdc_device.c.o
                0x10005164                tud_cdc_n_available
 .text.tud_cdc_n_read
                0x10005178       0x8c CMakeFiles/program_paths.dir/Users/cgtolley/Desktop/elsie/pico-sdk/lib/tinyusb/src/class/cdc/cdc_device.c.o
                0x10005178                tud_cdc_n_read
 .text.tud_cdc_n_write_flush
                0x10005204       0x94 CMakeFiles/program_paths.dir/Users/cgtolley/Desktop/elsie/pico-sdk/lib/tinyusb/src/class/cdc/cdc_device.c.o
                0x10005204                tud_cdc_n_write_flush
 .text.tud_cdc_n_write
                0x10005298       0x3c CMakeFiles/program_paths.dir/Users/cgtolley/Desktop/elsie/pico-sdk/lib/tinyusb/src/class/cdc/cdc_device.c.o
                0x10005298                tud_cdc_n_write
 .text.tud_cdc_n_write_available
                0x100052d4       0x14 CMakeFiles/program_paths.dir/Users/cgtolley/Desktop/elsie/pico-sdk/lib/tinyusb/src/class/cdc/cdc_device.c.o
                0x100052d4                tud_cdc_n_write_available
 .text.cdcd_init
                0x100052e8       0x74 CMakeFiles/program_paths.dir/Users/cgtolley/Desktop/elsie/pico-sdk/lib/tinyusb/src/class/cdc/cdc_device.c.o
                0x100052e8                cdcd_init
 .text.cdcd_deinit
                0x1000535c       0x30 CMakeFiles/program_paths.dir/Users/cgtolley/Desktop/elsie/pico-sdk/lib/tinyusb/src/class/cdc/cdc_device.c.o
                0x1000535c                cdcd_deinit
 .text.cdcd_reset
                0x1000538c       0x50 CMakeFiles/program_paths.dir/Users/cgtolley/Desktop/elsie/pico-sdk/lib/tinyusb/src/class/cdc/cdc_device.c.o
                0x1000538c                cdcd_reset
 .text.cdcd_open
                0x100053dc       0xd0 CMakeFiles/program_paths.dir/Users/cgtolley/Desktop/elsie/pico-sdk/lib/tinyusb/src/class/cdc/cdc_device.c.o
                0x100053dc                cdcd_open
 .text.cdcd_control_xfer_cb
                0x100054ac       0xd0 CMakeFiles/program_paths.dir/Users/cgtolley/Desktop/elsie/pico-sdk/lib/tinyusb/src/class/cdc/cdc_device.c.o
                0x100054ac                cdcd_control_xfer_cb
 .text.cdcd_xfer_cb
                0x1000557c       0xf8 CMakeFiles/program_paths.dir/Users/cgtolley/Desktop/elsie/pico-sdk/lib/tinyusb/src/class/cdc/cdc_device.c.o
                0x1000557c                cdcd_xfer_cb
 .text.vendord_init
                0x10005674       0x5c CMakeFiles/program_paths.dir/Users/cgtolley/Desktop/elsie/pico-sdk/lib/tinyusb/src/class/vendor/vendor_device.c.o
                0x10005674                vendord_init
 .text.vendord_deinit
                0x100056d0       0x1c CMakeFiles/program_paths.dir/Users/cgtolley/Desktop/elsie/pico-sdk/lib/tinyusb/src/class/vendor/vendor_device.c.o
                0x100056d0                vendord_deinit
 .text.vendord_reset
                0x100056ec       0x24 CMakeFiles/program_paths.dir/Users/cgtolley/Desktop/elsie/pico-sdk/lib/tinyusb/src/class/vendor/vendor_device.c.o
                0x100056ec                vendord_reset
 .text.vendord_open
                0x10005710       0xf4 CMakeFiles/program_paths.dir/Users/cgtolley/Desktop/elsie/pico-sdk/lib/tinyusb/src/class/vendor/vendor_device.c.o
                0x10005710                vendord_open
 .text.vendord_xfer_cb
                0x10005804       0x98 CMakeFiles/program_paths.dir/Users/cgtolley/Desktop/elsie/pico-sdk/lib/tinyusb/src/class/vendor/vendor_device.c.o
                0x10005804                vendord_xfer_cb
 .text.tusb_rhport_init
                0x1000589c       0x6c CMakeFiles/program_paths.dir/Users/cgtolley/Desktop/elsie/pico-sdk/lib/tinyusb/src/tusb.c.o
                0x1000589c                tusb_rhport_init
 .text.tu_edpt_claim
                0x10005908       0x60 CMakeFiles/program_paths.dir/Users/cgtolley/Desktop/elsie/pico-sdk/lib/tinyusb/src/tusb.c.o
                0x10005908                tu_edpt_claim
 .text.tu_edpt_release
                0x10005968       0x38 CMakeFiles/program_paths.dir/Users/cgtolley/Desktop/elsie/pico-sdk/lib/tinyusb/src/tusb.c.o
                0x10005968                tu_edpt_release
 .text.tu_edpt_validate
                0x100059a0       0x60 CMakeFiles/program_paths.dir/Users/cgtolley/Desktop/elsie/pico-sdk/lib/tinyusb/src/tusb.c.o
                0x100059a0                tu_edpt_validate
 .text.tu_edpt_bind_driver
                0x10005a00       0x54 CMakeFiles/program_paths.dir/Users/cgtolley/Desktop/elsie/pico-sdk/lib/tinyusb/src/tusb.c.o
                0x10005a00                tu_edpt_bind_driver
 .text.tu_edpt_stream_init
                0x10005a54       0x58 CMakeFiles/program_paths.dir/Users/cgtolley/Desktop/elsie/pico-sdk/lib/tinyusb/src/tusb.c.o
                0x10005a54                tu_edpt_stream_init
 .text.tu_edpt_stream_deinit
                0x10005aac        0x4 CMakeFiles/program_paths.dir/Users/cgtolley/Desktop/elsie/pico-sdk/lib/tinyusb/src/tusb.c.o
                0x10005aac                tu_edpt_stream_deinit
 .text.tu_edpt_stream_write_zlp_if_needed
                0x10005ab0       0x6c CMakeFiles/program_paths.dir/Users/cgtolley/Desktop/elsie/pico-sdk/lib/tinyusb/src/tusb.c.o
                0x10005ab0                tu_edpt_stream_write_zlp_if_needed
 .text.tu_edpt_stream_write_xfer
                0x10005b1c       0x74 CMakeFiles/program_paths.dir/Users/cgtolley/Desktop/elsie/pico-sdk/lib/tinyusb/src/tusb.c.o
                0x10005b1c                tu_edpt_stream_write_xfer
 .text.tu_edpt_stream_read_xfer
                0x10005b90       0xd0 CMakeFiles/program_paths.dir/Users/cgtolley/Desktop/elsie/pico-sdk/lib/tinyusb/src/tusb.c.o
                0x10005b90                tu_edpt_stream_read_xfer
 .text.tu_fifo_config
                0x10005c60       0x60 CMakeFiles/program_paths.dir/Users/cgtolley/Desktop/elsie/pico-sdk/lib/tinyusb/src/common/tusb_fifo.c.o
                0x10005c60                tu_fifo_config
 .text.tu_fifo_count
                0x10005cc0       0x20 CMakeFiles/program_paths.dir/Users/cgtolley/Desktop/elsie/pico-sdk/lib/tinyusb/src/common/tusb_fifo.c.o
                0x10005cc0                tu_fifo_count
 .text.tu_fifo_empty
                0x10005ce0       0x14 CMakeFiles/program_paths.dir/Users/cgtolley/Desktop/elsie/pico-sdk/lib/tinyusb/src/common/tusb_fifo.c.o
                0x10005ce0                tu_fifo_empty
 .text.tu_fifo_remaining
                0x10005cf4       0x24 CMakeFiles/program_paths.dir/Users/cgtolley/Desktop/elsie/pico-sdk/lib/tinyusb/src/common/tusb_fifo.c.o
                0x10005cf4                tu_fifo_remaining
 .text.tu_fifo_read
                0x10005d18       0x9c CMakeFiles/program_paths.dir/Users/cgtolley/Desktop/elsie/pico-sdk/lib/tinyusb/src/common/tusb_fifo.c.o
                0x10005d18                tu_fifo_read
 .text.tu_fifo_read_n
                0x10005db4       0xe0 CMakeFiles/program_paths.dir/Users/cgtolley/Desktop/elsie/pico-sdk/lib/tinyusb/src/common/tusb_fifo.c.o
                0x10005db4                tu_fifo_read_n
 .text.tu_fifo_write
                0x10005e94       0xa8 CMakeFiles/program_paths.dir/Users/cgtolley/Desktop/elsie/pico-sdk/lib/tinyusb/src/common/tusb_fifo.c.o
                0x10005e94                tu_fifo_write
 .text.tu_fifo_write_n
                0x10005f3c      0x150 CMakeFiles/program_paths.dir/Users/cgtolley/Desktop/elsie/pico-sdk/lib/tinyusb/src/common/tusb_fifo.c.o
                0x10005f3c                tu_fifo_write_n
 .text.tu_fifo_clear
                0x1000608c       0x38 CMakeFiles/program_paths.dir/Users/cgtolley/Desktop/elsie/pico-sdk/lib/tinyusb/src/common/tusb_fifo.c.o
                0x1000608c                tu_fifo_clear
 .text.tu_fifo_set_overwritable
                0x100060c4       0x3c CMakeFiles/program_paths.dir/Users/cgtolley/Desktop/elsie/pico-sdk/lib/tinyusb/src/common/tusb_fifo.c.o
                0x100060c4                tu_fifo_set_overwritable
 .text.poll_write_complete
                0x10006100      0x2b8 ../libat28bv64b.a(at28bv64b.c.o)
 .text.at28bv64b_init
                0x100063b8       0x94 ../libat28bv64b.a(at28bv64b.c.o)
                0x100063b8                at28bv64b_init
 .text.at28bv64b_read_byte
                0x1000644c      0x21c ../libat28bv64b.a(at28bv64b.c.o)
                0x1000644c                at28bv64b_read_byte
 .text.at28bv64b_read_buf
                0x10006668       0x30 ../libat28bv64b.a(at28bv64b.c.o)
                0x10006668                at28bv64b_read_buf
 .text.at28bv64b_write_page
                0x10006698      0x5c0 ../libat28bv64b.a(at28bv64b.c.o)
                0x10006698                at28bv64b_write_page
 .text.at28bv64b_write_buf
                0x10006c58       0x54 ../libat28bv64b.a(at28bv64b.c.o)
                0x10006c58                at28bv64b_write_buf
 .text.memset   0x10006cac       0x88 /Applications/ArmGNUToolchain/15.2.rel1/arm-none-eabi/bin/../lib/gcc/arm-none-eabi/15.2.1/../../../../arm-none-eabi/lib/thumb/v8-m.main+fp/softfp/libg.a(libc_a-memset.o)
                0x10006cac                memset
 .text          0x10006d34       0xec /Applications/ArmGNUToolchain/15.2.rel1/arm-none-eabi/bin/../lib/gcc/arm-none-eabi/15.2.1/../../../../arm-none-eabi/lib/thumb/v8-m.main+fp/softfp/libg.a(libc_a-memcpy.o)
                0x10006d34                memcpy
 .text.strlen   0x10006e20       0x5c /Applications/ArmGNUToolchain/15.2.rel1/arm-none-eabi/bin/../lib/gcc/arm-none-eabi/15.2.1/../../../../arm-none-eabi/lib/thumb/v8-m.main+fp/softfp/libg.a(libc_a-strlen-stub.o)
                0x10006e20                strlen
 *(.fini)
 .fini          0x10006e7c        0x4 /Applications/ArmGNUToolchain/15.2.rel1/arm-none-eabi/bin/../lib/gcc/arm-none-eabi/15.2.1/thumb/v8-m.main+fp/softfp/crti.o
                0x10006e7c                _fini
 .fini.__stub   0x10006e80       0x50 linker stubs
 *crtbegin.o(.ctors)
 *crtbegin?.o(.ctors)
 *(EXCLUDE_FILE(*crtend.o *crtend?.o) .ctors)
 *(SORT_BY_NAME(.ctors.*))
 *(.ctors)
 *crtbegin.o(.dtors)
 *crtbegin?.o(.dtors)
 *(EXCLUDE_FILE(*crtend.o *crtend?.o) .dtors)
 *(SORT_BY_NAME(.dtors.*))
 *(.dtors)
                0x10006ed0                        . = ALIGN (0x4)
                0x10006ed0                        PROVIDE (__preinit_array_start = .)
 *(SORT_BY_NAME(.preinit_array.*))
 .preinit_array.00050
                0x10006ed0        0x4 CMakeFiles/program_paths.dir/Users/cgtolley/Desktop/elsie/pico-sdk/src/rp2_common/pico_runtime_init/runtime_init.c.o
                0x10006ed0                __pre_init_runtime_init_bootrom_reset
 .preinit_array.00100
                0x10006ed4        0x4 CMakeFiles/program_paths.dir/Users/cgtolley/Desktop/elsie/pico-sdk/src/rp2_common/pico_runtime_init/runtime_init.c.o
                0x10006ed4                __pre_init_runtime_init_early_resets
 .preinit_array.00101
                0x10006ed8        0x4 CMakeFiles/program_paths.dir/Users/cgtolley/Desktop/elsie/pico-sdk/src/rp2_common/pico_runtime_init/runtime_init.c.o
                0x10006ed8                __pre_init_runtime_init_usb_power_down
 .preinit_array.00500
                0x10006edc        0x4 CMakeFiles/program_paths.dir/Users/cgtolley/Desktop/elsie/pico-sdk/src/rp2_common/pico_runtime_init/runtime_init.c.o
                0x10006edc                __pre_init_runtime_init_clocks
 .preinit_array.00600
                0x10006ee0        0x4 CMakeFiles/program_paths.dir/Users/cgtolley/Desktop/elsie/pico-sdk/src/rp2_common/pico_runtime_init/runtime_init.c.o
                0x10006ee0                __pre_init_runtime_init_post_clock_resets
 .preinit_array.01000
                0x10006ee4        0x4 CMakeFiles/program_paths.dir/Users/cgtolley/Desktop/elsie/pico-sdk/src/rp2_common/hardware_boot_lock/boot_lock.c.o
                0x10006ee4                __pre_init_runtime_init_boot_locks_reset
 .preinit_array.01000
                0x10006ee8        0x4 CMakeFiles/program_paths.dir/Users/cgtolley/Desktop/elsie/pico-sdk/src/rp2_common/pico_runtime_init/runtime_init.c.o
                0x10006ee8                __pre_init_runtime_init_spin_locks_reset
 .preinit_array.01010
                0x10006eec        0x4 CMakeFiles/program_paths.dir/Users/cgtolley/Desktop/elsie/pico-sdk/src/rp2_common/pico_bootrom/bootrom_lock.c.o
                0x10006eec                __pre_init_runtime_init_bootrom_locking_enable
 .preinit_array.01100
                0x10006ef0        0x4 CMakeFiles/program_paths.dir/Users/cgtolley/Desktop/elsie/pico-sdk/src/common/pico_sync/mutex.c.o
                0x10006ef0                __pre_init_runtime_init_mutex
 .preinit_array.10080
                0x10006ef4        0x4 CMakeFiles/program_paths.dir/Users/cgtolley/Desktop/elsie/pico-sdk/src/rp2_common/pico_runtime_init/runtime_init.c.o
                0x10006ef4                __pre_init_runtime_init_install_ram_vector_table
 .preinit_array.11000
                0x10006ef8        0x4 CMakeFiles/program_paths.dir/Users/cgtolley/Desktop/elsie/pico-sdk/src/common/pico_time/time.c.o
                0x10006ef8                __pre_init_runtime_init_default_alarm_pool
 .preinit_array.YYYYY
                0x10006efc        0x4 CMakeFiles/program_paths.dir/Users/cgtolley/Desktop/elsie/pico-sdk/src/rp2_common/pico_runtime/runtime.c.o
                0x10006efc                __pre_init_first_per_core_initializer
 .preinit_array.ZZZZZ.00051
                0x10006f00        0x4 CMakeFiles/program_paths.dir/Users/cgtolley/Desktop/elsie/pico-sdk/src/rp2_common/pico_runtime_init/runtime_init.c.o
                0x10006f00                __pre_init_runtime_init_per_core_bootrom_reset
 .preinit_array.ZZZZZ.00200
                0x10006f04        0x4 CMakeFiles/program_paths.dir/Users/cgtolley/Desktop/elsie/pico-sdk/src/rp2_common/pico_runtime_init/runtime_init.c.o
                0x10006f04                __pre_init_runtime_init_per_core_enable_coprocessors
 .preinit_array.ZZZZZ.01000
                0x10006f08        0x4 CMakeFiles/program_paths.dir/Users/cgtolley/Desktop/elsie/pico-sdk/src/rp2_common/hardware_sync_spin_lock/sync_spin_lock.c.o
                0x10006f08                __pre_init_spinlock_set_extexclall
 .preinit_array.ZZZZZ.01200
                0x10006f0c        0x4 CMakeFiles/program_paths.dir/Users/cgtolley/Desktop/elsie/pico-sdk/src/rp2_common/hardware_irq/irq.c.o
                0x10006f0c                __pre_init_runtime_init_per_core_irq_priorities
 *(.preinit_array)
                0x10006f10                        PROVIDE (__preinit_array_end = .)
                0x10006f10                        . = ALIGN (0x4)
                0x10006f10                        PROVIDE (__init_array_start = .)
 *(SORT_BY_NAME(.init_array.*))
 *(.init_array)
 .init_array    0x10006f10        0x4 /Applications/ArmGNUToolchain/15.2.rel1/arm-none-eabi/bin/../lib/gcc/arm-none-eabi/15.2.1/thumb/v8-m.main+fp/softfp/crtbegin.o
 .init_array    0x10006f14        0x4 CMakeFiles/program_paths.dir/Users/cgtolley/Desktop/elsie/pico-sdk/src/rp2_common/pico_unique_id/unique_id.c.o
                0x10006f18                        PROVIDE (__init_array_end = .)
                0x10006f18                        . = ALIGN (0x4)
                [!provide]                        PROVIDE (__fini_array_start = .)
 *(SORT_BY_NAME(.fini_array.*))
 *(.fini_array)
                [!provide]                        PROVIDE (__fini_array_end = .)
 *(.eh_frame*)
 .eh_frame      0x10006f18        0x0 /Applications/ArmGNUToolchain/15.2.rel1/arm-none-eabi/bin/../lib/gcc/arm-none-eabi/15.2.1/thumb/v8-m.main+fp/softfp/crtbegin.o
                0x10006f18                        . = ALIGN (0x4)

.glue_7         0x10006f18        0x0
 .glue_7        0x10006f18        0x0 linker stubs

.glue_7t        0x10006f18        0x0
 .glue_7t       0x10006f18        0x0 linker stubs

.vfp11_veneer   0x10006f18        0x0
 .vfp11_veneer  0x10006f18        0x0 linker stubs

.v4_bx          0x10006f18        0x0
 .v4_bx         0x10006f18        0x0 linker stubs

.iplt           0x10006f18        0x0
 .iplt          0x10006f18        0x0 /Applications/ArmGNUToolchain/15.2.rel1/arm-none-eabi/bin/../lib/gcc/arm-none-eabi/15.2.1/thumb/v8-m.main+fp/softfp/crtbegin.o

.boot2          0x10006f18        0x0
                0x10006f18                        __boot2_start__ = .
 *(.boot2)
                0x10006f18                        __boot2_end__ = .
                0x00000001                        ASSERT (((__boot2_end__ - __boot2_start__) <= 0x100), ERROR: Pico second stage bootloader must be no more than 256 bytes in size)

.rodata         0x10006f18      0x7c4
 *(EXCLUDE_FILE(*libm.a: *libc.a:*lib_a-mem*.o *libgcc.a:) .rodata*)
 .rodata.main.str1.4
                0x10006f18      0x4e4 CMakeFiles/program_paths.dir/program_paths.c.o
                                0x23c (size before relaxing)
 .rodata.str1.4
                0x100073fc        0x0 CMakeFiles/program_paths.dir/program_paths.c.o
                                0x137 (size before relaxing)
 .rodata.PATHS  0x100073fc       0x80 CMakeFiles/program_paths.dir/program_paths.c.o
 .rodata.panic.str1.4
                0x1000747c        0x0 CMakeFiles/program_paths.dir/Users/cgtolley/Desktop/elsie/pico-sdk/src/rp2_common/pico_platform_panic/panic.c.o
                                 0x12 (size before relaxing)
 .rodata.spin_lock_claim_unused.str1.4
                0x1000747c        0x0 CMakeFiles/program_paths.dir/Users/cgtolley/Desktop/elsie/pico-sdk/src/rp2_common/hardware_sync/sync.c.o
                                 0x1b (size before relaxing)
 .rodata.user_irq_claim_unused.str1.4
                0x1000747c        0x0 CMakeFiles/program_paths.dir/Users/cgtolley/Desktop/elsie/pico-sdk/src/rp2_common/hardware_irq/irq.c.o
                                 0x1b (size before relaxing)
 .rodata.timer_hardware_alarm_claim.str1.4
                0x1000747c        0x0 CMakeFiles/program_paths.dir/Users/cgtolley/Desktop/elsie/pico-sdk/src/rp2_common/hardware_timer/timer.c.o
                                 0x22 (size before relaxing)
 .rodata.hard_assertion_failure.str1.4
                0x1000747c        0x0 CMakeFiles/program_paths.dir/Users/cgtolley/Desktop/elsie/pico-sdk/src/rp2_common/pico_runtime/runtime.c.o
                                  0xc (size before relaxing)
 .rodata.str1.4
                0x1000747c        0x0 CMakeFiles/program_paths.dir/Users/cgtolley/Desktop/elsie/pico-sdk/src/rp2_common/pico_standard_binary_info/standard_binary_info.c.o
                                 0x44 (size before relaxing)
 .rodata.__bi_84
                0x1000747c        0xc CMakeFiles/program_paths.dir/Users/cgtolley/Desktop/elsie/pico-sdk/src/rp2_common/pico_standard_binary_info/standard_binary_info.c.o
 .rodata.__bi_78
                0x10007488        0xc CMakeFiles/program_paths.dir/Users/cgtolley/Desktop/elsie/pico-sdk/src/rp2_common/pico_standard_binary_info/standard_binary_info.c.o
 .rodata.__bi_54
                0x10007494        0xc CMakeFiles/program_paths.dir/Users/cgtolley/Desktop/elsie/pico-sdk/src/rp2_common/pico_standard_binary_info/standard_binary_info.c.o
 .rodata.__bi_48
                0x100074a0        0xc CMakeFiles/program_paths.dir/Users/cgtolley/Desktop/elsie/pico-sdk/src/rp2_common/pico_standard_binary_info/standard_binary_info.c.o
 .rodata.__bi_42
                0x100074ac        0xc CMakeFiles/program_paths.dir/Users/cgtolley/Desktop/elsie/pico-sdk/src/rp2_common/pico_standard_binary_info/standard_binary_info.c.o
 .rodata.__bi_34
                0x100074b8        0xc CMakeFiles/program_paths.dir/Users/cgtolley/Desktop/elsie/pico-sdk/src/rp2_common/pico_standard_binary_info/standard_binary_info.c.o
 .rodata.__bi_26
                0x100074c4        0xc CMakeFiles/program_paths.dir/Users/cgtolley/Desktop/elsie/pico-sdk/src/rp2_common/pico_standard_binary_info/standard_binary_info.c.o
 .rodata._ftoa.str1.4
                0x100074d0        0x0 CMakeFiles/program_paths.dir/Users/cgtolley/Desktop/elsie/pico-sdk/src/rp2_common/pico_printf/printf.c.o
                                 0x15 (size before relaxing)
 .rodata.pow10.0
                0x100074d0       0x50 CMakeFiles/program_paths.dir/Users/cgtolley/Desktop/elsie/pico-sdk/src/rp2_common/pico_printf/printf.c.o
 .rodata.crlf_str.0
                0x10007520        0x2 CMakeFiles/program_paths.dir/Users/cgtolley/Desktop/elsie/pico-sdk/src/rp2_common/pico_stdio/stdio.c.o
 *fill*         0x10007522        0x2 
 .rodata._resetd_driver
                0x10007524       0x20 CMakeFiles/program_paths.dir/Users/cgtolley/Desktop/elsie/pico-sdk/src/rp2_common/pico_stdio_usb/reset_interface.c.o
 .rodata.desc_ms_os_20
                0x10007544       0xa6 CMakeFiles/program_paths.dir/Users/cgtolley/Desktop/elsie/pico-sdk/src/rp2_common/pico_stdio_usb/reset_interface.c.o
 *fill*         0x100075ea        0x2 
 .rodata.desc_bos
                0x100075ec       0x21 CMakeFiles/program_paths.dir/Users/cgtolley/Desktop/elsie/pico-sdk/src/rp2_common/pico_stdio_usb/reset_interface.c.o
                0x100075ec                desc_bos
 .rodata.str1.4
                0x1000760d        0x0 CMakeFiles/program_paths.dir/Users/cgtolley/Desktop/elsie/pico-sdk/src/rp2_common/pico_stdio_usb/stdio_usb.c.o
                                 0x13 (size before relaxing)
 *fill*         0x1000760d        0x3 
 .rodata.__bi_197.0
                0x10007610        0xc CMakeFiles/program_paths.dir/Users/cgtolley/Desktop/elsie/pico-sdk/src/rp2_common/pico_stdio_usb/stdio_usb.c.o
 .rodata.str1.4
                0x1000761c        0x0 CMakeFiles/program_paths.dir/Users/cgtolley/Desktop/elsie/pico-sdk/src/rp2_common/pico_stdio_usb/stdio_usb_descriptors.c.o
                                 0x2a (size before relaxing)
 .rodata.usbd_desc_str
                0x1000761c       0x18 CMakeFiles/program_paths.dir/Users/cgtolley/Desktop/elsie/pico-sdk/src/rp2_common/pico_stdio_usb/stdio_usb_descriptors.c.o
 .rodata.usbd_desc_cfg
                0x10007634       0x54 CMakeFiles/program_paths.dir/Users/cgtolley/Desktop/elsie/pico-sdk/src/rp2_common/pico_stdio_usb/stdio_usb_descriptors.c.o
 .rodata.usbd_desc_device
                0x10007688       0x12 CMakeFiles/program_paths.dir/Users/cgtolley/Desktop/elsie/pico-sdk/src/rp2_common/pico_stdio_usb/stdio_usb_descriptors.c.o
 .rodata.str1.4
                0x1000769a        0x0 CMakeFiles/program_paths.dir/Users/cgtolley/Desktop/elsie/pico-sdk/lib/tinyusb/src/portable/raspberrypi/rp2040/dcd_rp2040.c.o
                                 0x14 (size before relaxing)
 .rodata.str1.4
                0x1000769a        0x0 CMakeFiles/program_paths.dir/Users/cgtolley/Desktop/elsie/pico-sdk/lib/tinyusb/src/portable/raspberrypi/rp2040/rp2040_usb.c.o
                                 0x48 (size before relaxing)
 *fill*         0x1000769a        0x2 
 .rodata._usbd_driver
                0x1000769c       0x40 CMakeFiles/program_paths.dir/Users/cgtolley/Desktop/elsie/pico-sdk/lib/tinyusb/src/device/usbd.c.o
 *(.srodata*)
                0x100076dc                        . = ALIGN (0x4)
 *(SORT_BY_ALIGNMENT(SORT_BY_NAME(.flashdata*)))
                0x100076dc                        . = ALIGN (0x4)

.ARM.extab
 *(.ARM.extab* .gnu.linkonce.armextab.*)
                0x100076dc                        __exidx_start = .

.ARM.exidx      0x100076dc        0x8
 *(.ARM.exidx* .gnu.linkonce.armexidx.*)
 .ARM.exidx     0x100076dc        0x8 /Applications/ArmGNUToolchain/15.2.rel1/arm-none-eabi/bin/../lib/gcc/arm-none-eabi/15.2.1/../../../../arm-none-eabi/lib/thumb/v8-m.main+fp/softfp/libg.a(libc_a-memcpy.o)
 .ARM.exidx.text.__udivmoddi4
                0x100076e4        0x0 /Applications/ArmGNUToolchain/15.2.rel1/arm-none-eabi/bin/../lib/gcc/arm-none-eabi/15.2.1/thumb/v8-m.main+fp/softfp/libgcc.a(_udivmoddi4.o)
                                  0x8 (size before relaxing)
                0x100076e4                        __exidx_end = .
                0x100076e4                        . = ALIGN (0x4)
                0x100076e4                        __binary_info_start = .

.binary_info    0x100076e4       0x20
 *(.binary_info.keep.*)
 .binary_info.keep.__bi_ptr84
                0x100076e4        0x4 CMakeFiles/program_paths.dir/Users/cgtolley/Desktop/elsie/pico-sdk/src/rp2_common/pico_standard_binary_info/standard_binary_info.c.o
 .binary_info.keep.__bi_ptr78
                0x100076e8        0x4 CMakeFiles/program_paths.dir/Users/cgtolley/Desktop/elsie/pico-sdk/src/rp2_common/pico_standard_binary_info/standard_binary_info.c.o
 .binary_info.keep.__bi_ptr54
                0x100076ec        0x4 CMakeFiles/program_paths.dir/Users/cgtolley/Desktop/elsie/pico-sdk/src/rp2_common/pico_standard_binary_info/standard_binary_info.c.o
 .binary_info.keep.__bi_ptr48
                0x100076f0        0x4 CMakeFiles/program_paths.dir/Users/cgtolley/Desktop/elsie/pico-sdk/src/rp2_common/pico_standard_binary_info/standard_binary_info.c.o
 .binary_info.keep.__bi_ptr42
                0x100076f4        0x4 CMakeFiles/program_paths.dir/Users/cgtolley/Desktop/elsie/pico-sdk/src/rp2_common/pico_standard_binary_info/standard_binary_info.c.o
 .binary_info.keep.__bi_ptr34
                0x100076f8        0x4 CMakeFiles/program_paths.dir/Users/cgtolley/Desktop/elsie/pico-sdk/src/rp2_common/pico_standard_binary_info/standard_binary_info.c.o
 .binary_info.keep.__bi_ptr26
                0x100076fc        0x4 CMakeFiles/program_paths.dir/Users/cgtolley/Desktop/elsie/pico-sdk/src/rp2_common/pico_standard_binary_info/standard_binary_info.c.o
 *(.binary_info.*)
 .binary_info.__bi_ptr197
                0x10007700        0x4 CMakeFiles/program_paths.dir/Users/cgtolley/Desktop/elsie/pico-sdk/src/rp2_common/pico_stdio_usb/stdio_usb.c.o
                0x10007704                        __binary_info_end = .
                0x10007704                        . = ALIGN (0x4)

.ram_vector_table
                0x20000000      0x110
 *(.ram_vector_table)
 .ram_vector_table
                0x20000000      0x110 CMakeFiles/program_paths.dir/Users/cgtolley/Desktop/elsie/pico-sdk/src/rp2_common/pico_runtime_init/runtime_init.c.o
                0x20000000                ram_vector_table

.uninitialized_data
                0x20000110        0x0
                0x20000110                        . = ALIGN (0x4)
 *(.uninitialized_data*)

.data           0x20000110     0x1150 load address 0x10007704
                0x20000110                        __data_start__ = .
 *(vtable)
 *(.time_critical*)
 .time_critical.mutex_try_enter
                0x20000110       0x50 CMakeFiles/program_paths.dir/Users/cgtolley/Desktop/elsie/pico-sdk/src/common/pico_sync/mutex.c.o
                0x20000110                mutex_try_enter
 .time_critical.mutex_enter_block_until
                0x20000160       0x6c CMakeFiles/program_paths.dir/Users/cgtolley/Desktop/elsie/pico-sdk/src/common/pico_sync/mutex.c.o
                0x20000160                mutex_enter_block_until
 .time_critical.mutex_try_enter_block_until
                0x200001cc       0x68 CMakeFiles/program_paths.dir/Users/cgtolley/Desktop/elsie/pico-sdk/src/common/pico_sync/mutex.c.o
                0x200001cc                mutex_try_enter_block_until
 .time_critical.mutex_enter_timeout_ms
                0x20000234       0x38 CMakeFiles/program_paths.dir/Users/cgtolley/Desktop/elsie/pico-sdk/src/common/pico_sync/mutex.c.o
                0x20000234                mutex_enter_timeout_ms
 .time_critical.mutex_exit
                0x2000026c       0x3c CMakeFiles/program_paths.dir/Users/cgtolley/Desktop/elsie/pico-sdk/src/common/pico_sync/mutex.c.o
                0x2000026c                mutex_exit
 .time_critical.reset_non_control_endpoints
                0x200002a8       0x64 CMakeFiles/program_paths.dir/Users/cgtolley/Desktop/elsie/pico-sdk/lib/tinyusb/src/portable/raspberrypi/rp2040/dcd_rp2040.c.o
 .time_critical.hw_handle_buff_status
                0x2000030c       0x8c CMakeFiles/program_paths.dir/Users/cgtolley/Desktop/elsie/pico-sdk/lib/tinyusb/src/portable/raspberrypi/rp2040/dcd_rp2040.c.o
 .time_critical.dcd_rp2040_irq
                0x20000398      0x514 CMakeFiles/program_paths.dir/Users/cgtolley/Desktop/elsie/pico-sdk/lib/tinyusb/src/portable/raspberrypi/rp2040/dcd_rp2040.c.o
 .time_critical.prepare_ep_buffer
                0x200008ac       0xc4 CMakeFiles/program_paths.dir/Users/cgtolley/Desktop/elsie/pico-sdk/lib/tinyusb/src/portable/raspberrypi/rp2040/rp2040_usb.c.o
 .time_critical.sync_ep_buffer
                0x20000970       0xb8 CMakeFiles/program_paths.dir/Users/cgtolley/Desktop/elsie/pico-sdk/lib/tinyusb/src/portable/raspberrypi/rp2040/rp2040_usb.c.o
 .time_critical._hw_endpoint_xfer_sync
                0x20000a28       0x2c CMakeFiles/program_paths.dir/Users/cgtolley/Desktop/elsie/pico-sdk/lib/tinyusb/src/portable/raspberrypi/rp2040/rp2040_usb.c.o
 .time_critical.e15_is_bulkin_ep
                0x20000a54       0x28 CMakeFiles/program_paths.dir/Users/cgtolley/Desktop/elsie/pico-sdk/lib/tinyusb/src/portable/raspberrypi/rp2040/rp2040_usb.c.o
 .time_critical.e15_is_critical_frame_period
                0x20000a7c       0x28 CMakeFiles/program_paths.dir/Users/cgtolley/Desktop/elsie/pico-sdk/lib/tinyusb/src/portable/raspberrypi/rp2040/rp2040_usb.c.o
 .time_critical.hw_endpoint_reset_transfer
                0x20000aa4        0xc CMakeFiles/program_paths.dir/Users/cgtolley/Desktop/elsie/pico-sdk/lib/tinyusb/src/portable/raspberrypi/rp2040/rp2040_usb.c.o
                0x20000aa4                hw_endpoint_reset_transfer
 .time_critical._hw_endpoint_buffer_control_update32
                0x20000ab0       0x48 CMakeFiles/program_paths.dir/Users/cgtolley/Desktop/elsie/pico-sdk/lib/tinyusb/src/portable/raspberrypi/rp2040/rp2040_usb.c.o
                0x20000ab0                _hw_endpoint_buffer_control_update32
 .time_critical.hw_endpoint_start_next_buffer
                0x20000af8       0x64 CMakeFiles/program_paths.dir/Users/cgtolley/Desktop/elsie/pico-sdk/lib/tinyusb/src/portable/raspberrypi/rp2040/rp2040_usb.c.o
                0x20000af8                hw_endpoint_start_next_buffer
 .time_critical.hw_endpoint_xfer_continue
                0x20000b5c       0x3c CMakeFiles/program_paths.dir/Users/cgtolley/Desktop/elsie/pico-sdk/lib/tinyusb/src/portable/raspberrypi/rp2040/rp2040_usb.c.o
                0x20000b5c                hw_endpoint_xfer_continue
 .time_critical.tinyusb
                0x20000b98      0x218 CMakeFiles/program_paths.dir/Users/cgtolley/Desktop/elsie/pico-sdk/lib/tinyusb/src/device/usbd.c.o
                0x20000b98                dcd_event_handler
 *(.text*)
 .text          0x20000db0       0x30 /Applications/ArmGNUToolchain/15.2.rel1/arm-none-eabi/bin/../lib/gcc/arm-none-eabi/15.2.1/thumb/v8-m.main+fp/softfp/libgcc.a(_aeabi_uldivmod.o)
                0x20000db0                __aeabi_uldivmod
 .text.__udivmoddi4
                0x20000de0      0x340 /Applications/ArmGNUToolchain/15.2.rel1/arm-none-eabi/bin/../lib/gcc/arm-none-eabi/15.2.1/thumb/v8-m.main+fp/softfp/libgcc.a(_udivmoddi4.o)
                0x20000de0                __udivmoddi4
 .text          0x20001120        0x4 /Applications/ArmGNUToolchain/15.2.rel1/arm-none-eabi/bin/../lib/gcc/arm-none-eabi/15.2.1/thumb/v8-m.main+fp/softfp/libgcc.a(_dvmd_tls.o)
                0x20001120                __aeabi_ldiv0
                0x20001120                __aeabi_idiv0
 *fill*         0x20001124        0x4 
 .text.__stub   0x20001128       0x30 linker stubs
                0x20001158                        . = ALIGN (0x4)
 *(.rodata*)
                0x20001158                        . = ALIGN (0x4)
 *(.data*)
 .data.dev      0x20001158       0x64 CMakeFiles/program_paths.dir/program_paths.c.o
 .data.striped_spin_lock_num
                0x200011bc        0x1 CMakeFiles/program_paths.dir/Users/cgtolley/Desktop/elsie/pico-sdk/src/rp2_common/hardware_sync/sync.c.o
 *fill*         0x200011bd        0x3 
 .data          0x200011c0       0x48 CMakeFiles/program_paths.dir/Users/cgtolley/Desktop/elsie/pico-sdk/src/rp2_common/hardware_irq/irq_handler_chain.S.o
                0x200011c0                irq_handler_chain_slots
                0x200011f0                irq_handler_chain_first_slot
                0x200011fa                irq_handler_chain_remove_tail
 .data.default_alarm_pool
                0x20001208       0x18 CMakeFiles/program_paths.dir/Users/cgtolley/Desktop/elsie/pico-sdk/src/common/pico_time/time.c.o
 .data.stdio_usb
                0x20001220       0x18 CMakeFiles/program_paths.dir/Users/cgtolley/Desktop/elsie/pico-sdk/src/rp2_common/pico_stdio_usb/stdio_usb.c.o
                0x20001220                stdio_usb
 .data._usbd_qdef
                0x20001238       0x1c CMakeFiles/program_paths.dir/Users/cgtolley/Desktop/elsie/pico-sdk/lib/tinyusb/src/device/usbd.c.o
                0x20001238                _usbd_qdef
 .data._usbd_rhport
                0x20001254        0x1 CMakeFiles/program_paths.dir/Users/cgtolley/Desktop/elsie/pico-sdk/lib/tinyusb/src/device/usbd.c.o
 *(.sdata*)
                0x20001258                        . = ALIGN (0x4)
 *fill*         0x20001255        0x3 
 *(.after_data.*)
                0x20001258                        . = ALIGN (0x4)
                0x20001258                        PROVIDE (__mutex_array_start = .)
 *(SORT_BY_NAME(.mutex_array.*))
 *(.mutex_array)
 .mutex_array   0x20001258        0x8 CMakeFiles/program_paths.dir/Users/cgtolley/Desktop/elsie/pico-sdk/src/rp2_common/pico_stdio/stdio.c.o
                0x20001260                        PROVIDE (__mutex_array_end = .)
 *(.jcr)
                0x20001260                        . = ALIGN (0x4)

.tm_clone_table
                0x20001260        0x0 load address 0x10008854
 .tm_clone_table
                0x20001260        0x0 /Applications/ArmGNUToolchain/15.2.rel1/arm-none-eabi/bin/../lib/gcc/arm-none-eabi/15.2.1/thumb/v8-m.main+fp/softfp/crtbegin.o
 .tm_clone_table
                0x20001260        0x0 /Applications/ArmGNUToolchain/15.2.rel1/arm-none-eabi/bin/../lib/gcc/arm-none-eabi/15.2.1/thumb/v8-m.main+fp/softfp/crtend.o

.igot.plt       0x20001260        0x0 load address 0x10008854
 .igot.plt      0x20001260        0x0 /Applications/ArmGNUToolchain/15.2.rel1/arm-none-eabi/bin/../lib/gcc/arm-none-eabi/15.2.1/thumb/v8-m.main+fp/softfp/crtbegin.o

.tdata          0x20001260        0x0 load address 0x10008854
                0x20001260                        . = ALIGN (0x4)
 *(.tdata .tdata.* .gnu.linkonce.td.*)
                0x20001260                        __tdata_end = .
                0x20001260                        PROVIDE (__data_end__ = .)
                0x10007704                        __etext = LOADADDR (.data)

.tbss           0x20001260        0x0 load address 0x10008854
                0x20001260                        . = ALIGN (0x4)
                0x20001260                        __bss_start__ = .
                0x20001260                        __tls_base = .
 *(.tbss .tbss.* .gnu.linkonce.tb.*)
 *(.tcommon)
                0x20001260                        __tls_end = .

.bss            0x20001260      0xc28 load address 0x10008854
                0x20001260                        . = ALIGN (0x4)
                0x20001260                        __tbss_end = .
 *(SORT_BY_ALIGNMENT(SORT_BY_NAME(.bss*)))
 .bss._cdcd_itf
                0x20001260       0xc8 CMakeFiles/program_paths.dir/Users/cgtolley/Desktop/elsie/pico-sdk/lib/tinyusb/src/class/cdc/cdc_device.c.o
 .bss.default_alarm_pool_entries
                0x20001328      0x180 CMakeFiles/program_paths.dir/Users/cgtolley/Desktop/elsie/pico-sdk/src/common/pico_time/time.c.o
 .bss.last_avail_time.1
                0x200014a8        0x8 CMakeFiles/program_paths.dir/Users/cgtolley/Desktop/elsie/pico-sdk/src/rp2_common/pico_stdio_usb/stdio_usb.c.o
 .bss._app_driver
                0x200014b0        0x4 CMakeFiles/program_paths.dir/Users/cgtolley/Desktop/elsie/pico-sdk/lib/tinyusb/src/device/usbd.c.o
 .bss._cdcd_epbuf
                0x200014b4       0x80 CMakeFiles/program_paths.dir/Users/cgtolley/Desktop/elsie/pico-sdk/lib/tinyusb/src/class/cdc/cdc_device.c.o
 .bss._cdcd_fifo_cfg
                0x20001534        0x1 CMakeFiles/program_paths.dir/Users/cgtolley/Desktop/elsie/pico-sdk/lib/tinyusb/src/class/cdc/cdc_device.c.o
 *fill*         0x20001535        0x3 
 .bss._ctrl_epbuf
                0x20001538       0x40 CMakeFiles/program_paths.dir/Users/cgtolley/Desktop/elsie/pico-sdk/lib/tinyusb/src/device/usbd_control.c.o
 .bss._ctrl_xfer
                0x20001578       0x14 CMakeFiles/program_paths.dir/Users/cgtolley/Desktop/elsie/pico-sdk/lib/tinyusb/src/device/usbd_control.c.o
 .bss._sw_spin_locks
                0x2000158c       0x20 CMakeFiles/program_paths.dir/Users/cgtolley/Desktop/elsie/pico-sdk/src/rp2_common/hardware_sync_spin_lock/sync_spin_lock.c.o
                0x2000158c                _sw_spin_locks
 .bss._tusb_rhport_role
                0x200015ac        0x2 CMakeFiles/program_paths.dir/Users/cgtolley/Desktop/elsie/pico-sdk/lib/tinyusb/src/tusb.c.o
                0x200015ac                _tusb_rhport_role
 *fill*         0x200015ae        0x2 
 .bss._ubsd_mutexdef
                0x200015b0        0x8 CMakeFiles/program_paths.dir/Users/cgtolley/Desktop/elsie/pico-sdk/lib/tinyusb/src/device/usbd.c.o
 .bss._usbd_dev
                0x200015b8       0x54 CMakeFiles/program_paths.dir/Users/cgtolley/Desktop/elsie/pico-sdk/lib/tinyusb/src/device/usbd.c.o
 .bss._usbd_mutex
                0x2000160c        0x4 CMakeFiles/program_paths.dir/Users/cgtolley/Desktop/elsie/pico-sdk/lib/tinyusb/src/device/usbd.c.o
 .bss._usbd_q   0x20001610        0x4 CMakeFiles/program_paths.dir/Users/cgtolley/Desktop/elsie/pico-sdk/lib/tinyusb/src/device/usbd.c.o
 .bss._usbd_qdef_buf
                0x20001614       0xc0 CMakeFiles/program_paths.dir/Users/cgtolley/Desktop/elsie/pico-sdk/lib/tinyusb/src/device/usbd.c.o
                0x20001614                _usbd_qdef_buf
 .bss._vendord_epbuf
                0x200016d4       0x80 CMakeFiles/program_paths.dir/Users/cgtolley/Desktop/elsie/pico-sdk/lib/tinyusb/src/class/vendor/vendor_device.c.o
 .bss._vendord_itf
                0x20001754      0x24c CMakeFiles/program_paths.dir/Users/cgtolley/Desktop/elsie/pico-sdk/lib/tinyusb/src/class/vendor/vendor_device.c.o
 .bss.chars_available_callback
                0x200019a0        0x4 CMakeFiles/program_paths.dir/Users/cgtolley/Desktop/elsie/pico-sdk/src/rp2_common/pico_stdio_usb/stdio_usb.c.o
 .bss.chars_available_param
                0x200019a4        0x4 CMakeFiles/program_paths.dir/Users/cgtolley/Desktop/elsie/pico-sdk/src/rp2_common/pico_stdio_usb/stdio_usb.c.o
 .bss.claimed   0x200019a8        0x4 CMakeFiles/program_paths.dir/Users/cgtolley/Desktop/elsie/pico-sdk/src/rp2_common/hardware_sync/sync.c.o
 .bss.claimed   0x200019ac        0x2 CMakeFiles/program_paths.dir/Users/cgtolley/Desktop/elsie/pico-sdk/src/rp2_common/hardware_timer/timer.c.o
 *fill*         0x200019ae        0x2 
 .bss.configured_freq
                0x200019b0       0x28 CMakeFiles/program_paths.dir/Users/cgtolley/Desktop/elsie/pico-sdk/src/rp2_common/hardware_clocks/clocks.c.o
 .bss.desc_str.0
                0x200019d8       0x28 CMakeFiles/program_paths.dir/Users/cgtolley/Desktop/elsie/pico-sdk/src/rp2_common/pico_stdio_usb/stdio_usb_descriptors.c.o
 .bss.drivers   0x20001a00        0x4 CMakeFiles/program_paths.dir/Users/cgtolley/Desktop/elsie/pico-sdk/src/rp2_common/pico_stdio/stdio.c.o
 .bss.e15_last_sof
                0x20001a04        0x4 CMakeFiles/program_paths.dir/Users/cgtolley/Desktop/elsie/pico-sdk/lib/tinyusb/src/portable/raspberrypi/rp2040/rp2040_usb.c.o
                0x20001a04                e15_last_sof
 .bss.filter    0x20001a08        0x4 CMakeFiles/program_paths.dir/Users/cgtolley/Desktop/elsie/pico-sdk/src/rp2_common/pico_stdio/stdio.c.o
 .bss.hw_endpoints
                0x20001a0c      0x400 CMakeFiles/program_paths.dir/Users/cgtolley/Desktop/elsie/pico-sdk/lib/tinyusb/src/portable/raspberrypi/rp2040/dcd_rp2040.c.o
 .bss.lazy_vsnprintf
                0x20001e0c        0x4 CMakeFiles/program_paths.dir/Users/cgtolley/Desktop/elsie/pico-sdk/src/rp2_common/pico_printf/printf.c.o
 .bss.load_value
                0x20001e10        0x4 CMakeFiles/program_paths.dir/Users/cgtolley/Desktop/elsie/pico-sdk/src/rp2_common/hardware_watchdog/watchdog.c.o
 .bss.next_buffer_ptr
                0x20001e14        0x4 CMakeFiles/program_paths.dir/Users/cgtolley/Desktop/elsie/pico-sdk/lib/tinyusb/src/portable/raspberrypi/rp2040/dcd_rp2040.c.o
 .bss.object.0  0x20001e18       0x18 /Applications/ArmGNUToolchain/15.2.rel1/arm-none-eabi/bin/../lib/gcc/arm-none-eabi/15.2.1/thumb/v8-m.main+fp/softfp/crtbegin.o
 .bss.one_shot_timer_crit_sec
                0x20001e30        0x8 CMakeFiles/program_paths.dir/Users/cgtolley/Desktop/elsie/pico-sdk/src/rp2_common/pico_stdio_usb/stdio_usb.c.o
 .bss.pools     0x20001e38       0x20 CMakeFiles/program_paths.dir/Users/cgtolley/Desktop/elsie/pico-sdk/src/common/pico_time/time.c.o
 .bss.retrieved_id
                0x20001e58        0x8 CMakeFiles/program_paths.dir/Users/cgtolley/Desktop/elsie/pico-sdk/src/rp2_common/pico_unique_id/unique_id.c.o
 .bss.sleep_notifier
                0x20001e60        0x4 CMakeFiles/program_paths.dir/Users/cgtolley/Desktop/elsie/pico-sdk/src/common/pico_time/time.c.o
 .bss.stdio_usb_mutex
                0x20001e64        0x8 CMakeFiles/program_paths.dir/Users/cgtolley/Desktop/elsie/pico-sdk/src/rp2_common/pico_stdio_usb/stdio_usb.c.o
 .bss.usbd_serial_str
                0x20001e6c       0x11 CMakeFiles/program_paths.dir/Users/cgtolley/Desktop/elsie/pico-sdk/src/rp2_common/pico_stdio_usb/stdio_usb_descriptors.c.o
 .bss._app_driver_count
                0x20001e7d        0x1 CMakeFiles/program_paths.dir/Users/cgtolley/Desktop/elsie/pico-sdk/lib/tinyusb/src/device/usbd.c.o
 .bss._sof_enable
                0x20001e7e        0x1 CMakeFiles/program_paths.dir/Users/cgtolley/Desktop/elsie/pico-sdk/lib/tinyusb/src/portable/raspberrypi/rp2040/dcd_rp2040.c.o
 .bss._usbd_queued_setup
                0x20001e7f        0x1 CMakeFiles/program_paths.dir/Users/cgtolley/Desktop/elsie/pico-sdk/lib/tinyusb/src/device/usbd.c.o
 .bss.irq_handler_chain_free_slot_head
                0x20001e80        0x1 CMakeFiles/program_paths.dir/Users/cgtolley/Desktop/elsie/pico-sdk/src/rp2_common/hardware_irq/irq.c.o
 .bss.itf_num   0x20001e81        0x1 CMakeFiles/program_paths.dir/Users/cgtolley/Desktop/elsie/pico-sdk/src/rp2_common/pico_stdio_usb/reset_interface.c.o
 .bss.low_priority_irq_num
                0x20001e82        0x1 CMakeFiles/program_paths.dir/Users/cgtolley/Desktop/elsie/pico-sdk/src/rp2_common/pico_stdio_usb/stdio_usb.c.o
 .bss.one_shot_timer_pending
                0x20001e83        0x1 CMakeFiles/program_paths.dir/Users/cgtolley/Desktop/elsie/pico-sdk/src/rp2_common/pico_stdio_usb/stdio_usb.c.o
 .bss.user_irq_claimed
                0x20001e84        0x1 CMakeFiles/program_paths.dir/Users/cgtolley/Desktop/elsie/pico-sdk/src/rp2_common/hardware_irq/irq.c.o
 *(COMMON)
                [!provide]                        PROVIDE (__global_pointer$ = (. + 0x800))
 *(.sbss*)
                0x20001e88                        . = ALIGN (0x4)
 *fill*         0x20001e85        0x3 
                0x20001e88                        __bss_end__ = .

.heap           0x20001e88      0x800 load address 0x10008854
                0x20001e88                        __end__ = .
                0x20001e88                        end = __end__
 *(.heap*)
 .heap          0x20001e88      0x800 CMakeFiles/program_paths.dir/Users/cgtolley/Desktop/elsie/pico-sdk/src/rp2_common/pico_crt0/crt0.S.o
                0x20080000                        __HeapLimit = (ORIGIN (RAM) + LENGTH (RAM))

.scratch_x      0x20080000        0x0 load address 0x10008854
                0x20080000                        __scratch_x_start__ = .
 *(.scratch_x.*)
                0x20080000                        . = ALIGN (0x4)
                0x20080000                        __scratch_x_end__ = .
                0x10008854                        __scratch_x_source__ = LOADADDR (.scratch_x)

.scratch_y      0x20081000        0x0 load address 0x10008854
                0x20081000                        __scratch_y_start__ = .
 *(.scratch_y.*)
                0x20081000                        . = ALIGN (0x4)
                0x20081000                        __scratch_y_end__ = .
                0x10008854                        __scratch_y_source__ = LOADADDR (.scratch_y)

.stack1_dummy
 *(.stack1*)

.stack_dummy    0x20081000      0x800
 *(.stack*)
 .stack         0x20081000      0x800 CMakeFiles/program_paths.dir/Users/cgtolley/Desktop/elsie/pico-sdk/src/rp2_common/pico_crt0/crt0.S.o

.flash_end      0x10008854       0x14
 *(.embedded_end_block*)
 .embedded_end_block
                0x10008854       0x14 CMakeFiles/program_paths.dir/Users/cgtolley/Desktop/elsie/pico-sdk/src/rp2_common/pico_crt0/crt0.S.o
                0x10008868                        PROVIDE (__flash_binary_end = .)
                0x20080000                        __StackLimit = (ORIGIN (RAM) + LENGTH (RAM))
                0x20081000                        __StackOneTop = (ORIGIN (SCRATCH_X) + LENGTH (SCRATCH_X))
                0x20082000                        __StackTop = (ORIGIN (SCRATCH_Y) + LENGTH (SCRATCH_Y))
                0x20081000                        __StackOneBottom = (__StackOneTop - SIZEOF (.stack1_dummy))
                0x20081800                        __StackBottom = (__StackTop - SIZEOF (.stack_dummy))
                0x20082000                        PROVIDE (__stack = __StackTop)
                [!provide]                        PROVIDE (__heap_start = __end__)
                [!provide]                        PROVIDE (__heap_end = __HeapLimit)
                [!provide]                        PROVIDE (__tls_align = MAX (ALIGNOF (.tdata), ALIGNOF (.tbss)))
                [!provide]                        PROVIDE (__tls_size_align = (((__tls_size + __tls_align) - 0x1) & ~ ((__tls_align - 0x1))))
                [!provide]                        PROVIDE (__arm32_tls_tcb_offset = MAX (0x8, __tls_align))
                [!provide]                        PROVIDE (_end = __end__)
                [!provide]                        PROVIDE (__llvm_libc_heap_limit = __HeapLimit)
                0x00000001                        ASSERT ((__StackLimit >= __HeapLimit), region RAM overflowed)
                0x00000001                        ASSERT (((__binary_info_header_end - __logical_binary_start) <= 0x400), Binary info must be in first 1024 bytes of the binary)
                0x00000001                        ASSERT (((__embedded_block_end - __logical_binary_start) <= 0x1000), Embedded block must be in first 4096 bytes of the binary)
LOAD CMakeFiles/program_paths.dir/program_paths.c.o
LOAD CMakeFiles/program_paths.dir/Users/cgtolley/Desktop/elsie/pico-sdk/src/rp2_common/pico_stdlib/stdlib.c.o
LOAD CMakeFiles/program_paths.dir/Users/cgtolley/Desktop/elsie/pico-sdk/src/rp2_common/hardware_gpio/gpio.c.o
LOAD CMakeFiles/program_paths.dir/Users/cgtolley/Desktop/elsie/pico-sdk/src/rp2350/pico_platform/platform.c.o
LOAD CMakeFiles/program_paths.dir/Users/cgtolley/Desktop/elsie/pico-sdk/src/rp2_common/pico_platform_panic/panic.c.o
LOAD CMakeFiles/program_paths.dir/Users/cgtolley/Desktop/elsie/pico-sdk/src/common/hardware_claim/claim.c.o
LOAD CMakeFiles/program_paths.dir/Users/cgtolley/Desktop/elsie/pico-sdk/src/rp2_common/hardware_sync/sync.c.o
LOAD CMakeFiles/program_paths.dir/Users/cgtolley/Desktop/elsie/pico-sdk/src/rp2_common/hardware_sync_spin_lock/sync_spin_lock.c.o
LOAD CMakeFiles/program_paths.dir/Users/cgtolley/Desktop/elsie/pico-sdk/src/rp2_common/hardware_irq/irq.c.o
LOAD CMakeFiles/program_paths.dir/Users/cgtolley/Desktop/elsie/pico-sdk/src/rp2_common/hardware_irq/irq_handler_chain.S.o
LOAD CMakeFiles/program_paths.dir/Users/cgtolley/Desktop/elsie/pico-sdk/src/common/pico_sync/sem.c.o
LOAD CMakeFiles/program_paths.dir/Users/cgtolley/Desktop/elsie/pico-sdk/src/common/pico_sync/lock_core.c.o
LOAD CMakeFiles/program_paths.dir/Users/cgtolley/Desktop/elsie/pico-sdk/src/common/pico_sync/mutex.c.o
LOAD CMakeFiles/program_paths.dir/Users/cgtolley/Desktop/elsie/pico-sdk/src/common/pico_sync/critical_section.c.o
LOAD CMakeFiles/program_paths.dir/Users/cgtolley/Desktop/elsie/pico-sdk/src/common/pico_time/time.c.o
LOAD CMakeFiles/program_paths.dir/Users/cgtolley/Desktop/elsie/pico-sdk/src/common/pico_time/timeout_helper.c.o
LOAD CMakeFiles/program_paths.dir/Users/cgtolley/Desktop/elsie/pico-sdk/src/rp2_common/hardware_timer/timer.c.o
LOAD CMakeFiles/program_paths.dir/Users/cgtolley/Desktop/elsie/pico-sdk/src/common/pico_util/datetime.c.o
LOAD CMakeFiles/program_paths.dir/Users/cgtolley/Desktop/elsie/pico-sdk/src/common/pico_util/pheap.c.o
LOAD CMakeFiles/program_paths.dir/Users/cgtolley/Desktop/elsie/pico-sdk/src/common/pico_util/queue.c.o
LOAD CMakeFiles/program_paths.dir/Users/cgtolley/Desktop/elsie/pico-sdk/src/rp2_common/hardware_uart/uart.c.o
LOAD CMakeFiles/program_paths.dir/Users/cgtolley/Desktop/elsie/pico-sdk/src/rp2_common/hardware_clocks/clocks.c.o
LOAD CMakeFiles/program_paths.dir/Users/cgtolley/Desktop/elsie/pico-sdk/src/rp2_common/hardware_pll/pll.c.o
LOAD CMakeFiles/program_paths.dir/Users/cgtolley/Desktop/elsie/pico-sdk/src/rp2_common/hardware_vreg/vreg.c.o
LOAD CMakeFiles/program_paths.dir/Users/cgtolley/Desktop/elsie/pico-sdk/src/rp2_common/hardware_watchdog/watchdog.c.o
LOAD CMakeFiles/program_paths.dir/Users/cgtolley/Desktop/elsie/pico-sdk/src/rp2_common/hardware_ticks/ticks.c.o
LOAD CMakeFiles/program_paths.dir/Users/cgtolley/Desktop/elsie/pico-sdk/src/rp2_common/pico_bootrom/bootrom.c.o
LOAD CMakeFiles/program_paths.dir/Users/cgtolley/Desktop/elsie/pico-sdk/src/rp2_common/pico_bootrom/bootrom_lock.c.o
LOAD CMakeFiles/program_paths.dir/Users/cgtolley/Desktop/elsie/pico-sdk/src/rp2_common/hardware_boot_lock/boot_lock.c.o
LOAD CMakeFiles/program_paths.dir/Users/cgtolley/Desktop/elsie/pico-sdk/src/rp2_common/pico_flash/flash.c.o
LOAD CMakeFiles/program_paths.dir/Users/cgtolley/Desktop/elsie/pico-sdk/src/rp2_common/hardware_xosc/xosc.c.o
LOAD CMakeFiles/program_paths.dir/Users/cgtolley/Desktop/elsie/pico-sdk/src/rp2_common/hardware_divider/divider.c.o
LOAD CMakeFiles/program_paths.dir/Users/cgtolley/Desktop/elsie/pico-sdk/src/rp2_common/pico_runtime/runtime.c.o
LOAD CMakeFiles/program_paths.dir/Users/cgtolley/Desktop/elsie/pico-sdk/src/rp2_common/pico_runtime_init/runtime_init.c.o
LOAD CMakeFiles/program_paths.dir/Users/cgtolley/Desktop/elsie/pico-sdk/src/rp2_common/pico_runtime_init/runtime_init_clocks.c.o
LOAD CMakeFiles/program_paths.dir/Users/cgtolley/Desktop/elsie/pico-sdk/src/rp2_common/pico_runtime_init/runtime_init_stack_guard.c.o
LOAD CMakeFiles/program_paths.dir/Users/cgtolley/Desktop/elsie/pico-sdk/src/rp2_common/pico_bit_ops/bit_ops_aeabi.S.o
LOAD CMakeFiles/program_paths.dir/Users/cgtolley/Desktop/elsie/pico-sdk/src/rp2_common/pico_divider/divider_compiler.c.o
LOAD CMakeFiles/program_paths.dir/Users/cgtolley/Desktop/elsie/pico-sdk/src/rp2_common/pico_double/double_math.c.o
LOAD CMakeFiles/program_paths.dir/Users/cgtolley/Desktop/elsie/pico-sdk/src/rp2_common/pico_double/double_aeabi_dcp.S.o