Archive member included to satisfy reference by file (symbol)

/Applications/ArmGNUToolchain/15.2.rel1/arm-none-eabi/bin/../lib/gcc/arm-none-eabi/15.2.1/../../../../arm-none-eabi/lib/thumb/v8-m.main+fp/softfp/libm.a(libm_a-wf_sqrt.o)
                              CMakeFiles/select_path.dir/Users/cgtolley/Desktop/elsie/pico-sdk/src/rp2_common/pico_float/float_math.c.o (sqrtf)
/Applications/ArmGNUToolchain/15.2.rel1/arm-none-eabi/bin/../lib/gcc/arm-none-eabi/15.2.1/../../../../arm-none-eabi/lib/thumb/v8-m.main+fp/softfp/libm.a(libm_a-ef_sqrt.o)
                              /Applications/ArmGNUToolchain/15.2.rel1/arm-none-eabi/bin/../lib/gcc/arm-none-eabi/15.2.1/../../../../arm-none-eabi/lib/thumb/v8-m.main+fp/softfp/libm.a(libm_a-wf_sqrt.o) (__ieee754_sqrtf)
/Applications/ArmGNUToolchain/15.2.rel1/arm-none-eabi/bin/../lib/gcc/arm-none-eabi/15.2.1/thumb/v8-m.main+fp/softfp/libgcc.a(_arm_addsubdf3.o)
                              CMakeFiles/select_path.dir/Users/cgtolley/Desktop/elsie/pico-sdk/src/rp2_common/pico_float/float_math.c.o (__aeabi_f2d)
/Applications/ArmGNUToolchain/15.2.rel1/arm-none-eabi/bin/../lib/gcc/arm-none-eabi/15.2.1/thumb/v8-m.main+fp/softfp/libgcc.a(_aeabi_ldivmod.o)
                              CMakeFiles/select_path.dir/Users/cgtolley/Desktop/elsie/pico-sdk/src/common/pico_time/time.c.o (__aeabi_ldivmod)
/Applications/ArmGNUToolchain/15.2.rel1/arm-none-eabi/bin/../lib/gcc/arm-none-eabi/15.2.1/thumb/v8-m.main+fp/softfp/libgcc.a(_aeabi_uldivmod.o)
                              CMakeFiles/select_path.dir/Users/cgtolley/Desktop/elsie/pico-sdk/src/rp2_common/hardware_clocks/clocks.c.o (__aeabi_uldivmod)
/Applications/ArmGNUToolchain/15.2.rel1/arm-none-eabi/bin/../lib/gcc/arm-none-eabi/15.2.1/thumb/v8-m.main+fp/softfp/libgcc.a(_udivmoddi4.o)
                              /Applications/ArmGNUToolchain/15.2.rel1/arm-none-eabi/bin/../lib/gcc/arm-none-eabi/15.2.1/thumb/v8-m.main+fp/softfp/libgcc.a(_aeabi_ldivmod.o) (__udivmoddi4)
/Applications/ArmGNUToolchain/15.2.rel1/arm-none-eabi/bin/../lib/gcc/arm-none-eabi/15.2.1/thumb/v8-m.main+fp/softfp/libgcc.a(_dvmd_tls.o)
                              /Applications/ArmGNUToolchain/15.2.rel1/arm-none-eabi/bin/../lib/gcc/arm-none-eabi/15.2.1/thumb/v8-m.main+fp/softfp/libgcc.a(_aeabi_ldivmod.o) (__aeabi_ldiv0)
/Applications/ArmGNUToolchain/15.2.rel1/arm-none-eabi/bin/../lib/gcc/arm-none-eabi/15.2.1/../../../../arm-none-eabi/lib/thumb/v8-m.main+fp/softfp/libg.a(libc_a-calloc.o)
                              CMakeFiles/select_path.dir/Users/cgtolley/Desktop/elsie/pico-sdk/src/rp2_common/pico_malloc/malloc.c.o (calloc)
/Applications/ArmGNUToolchain/15.2.rel1/arm-none-eabi/bin/../lib/gcc/arm-none-eabi/15.2.1/../../../../arm-none-eabi/lib/thumb/v8-m.main+fp/softfp/libg.a(libc_a-callocr.o)
                              /Applications/ArmGNUToolchain/15.2.rel1/arm-none-eabi/bin/../lib/gcc/arm-none-eabi/15.2.1/../../../../arm-none-eabi/lib/thumb/v8-m.main+fp/softfp/libg.a(libc_a-calloc.o) (_calloc_r)
/Applications/ArmGNUToolchain/15.2.rel1/arm-none-eabi/bin/../lib/gcc/arm-none-eabi/15.2.1/../../../../arm-none-eabi/lib/thumb/v8-m.main+fp/softfp/libg.a(libc_a-malloc.o)
                              CMakeFiles/select_path.dir/Users/cgtolley/Desktop/elsie/pico-sdk/src/rp2_common/pico_malloc/malloc.c.o (malloc)
/Applications/ArmGNUToolchain/15.2.rel1/arm-none-eabi/bin/../lib/gcc/arm-none-eabi/15.2.1/../../../../arm-none-eabi/lib/thumb/v8-m.main+fp/softfp/libg.a(libc_a-mallocr.o)
                              /Applications/ArmGNUToolchain/15.2.rel1/arm-none-eabi/bin/../lib/gcc/arm-none-eabi/15.2.1/../../../../arm-none-eabi/lib/thumb/v8-m.main+fp/softfp/libg.a(libc_a-callocr.o) (_malloc_r)
/Applications/ArmGNUToolchain/15.2.rel1/arm-none-eabi/bin/../lib/gcc/arm-none-eabi/15.2.1/../../../../arm-none-eabi/lib/thumb/v8-m.main+fp/softfp/libg.a(libc_a-mlock.o)
                              /Applications/ArmGNUToolchain/15.2.rel1/arm-none-eabi/bin/../lib/gcc/arm-none-eabi/15.2.1/../../../../arm-none-eabi/lib/thumb/v8-m.main+fp/softfp/libg.a(libc_a-mallocr.o) (__malloc_lock)
/Applications/ArmGNUToolchain/15.2.rel1/arm-none-eabi/bin/../lib/gcc/arm-none-eabi/15.2.1/../../../../arm-none-eabi/lib/thumb/v8-m.main+fp/softfp/libg.a(libc_a-realloc.o)
                              CMakeFiles/select_path.dir/Users/cgtolley/Desktop/elsie/pico-sdk/src/rp2_common/pico_malloc/malloc.c.o (realloc)
/Applications/ArmGNUToolchain/15.2.rel1/arm-none-eabi/bin/../lib/gcc/arm-none-eabi/15.2.1/../../../../arm-none-eabi/lib/thumb/v8-m.main+fp/softfp/libg.a(libc_a-reallocr.o)
                              /Applications/ArmGNUToolchain/15.2.rel1/arm-none-eabi/bin/../lib/gcc/arm-none-eabi/15.2.1/../../../../arm-none-eabi/lib/thumb/v8-m.main+fp/softfp/libg.a(libc_a-realloc.o) (_realloc_r)
/Applications/ArmGNUToolchain/15.2.rel1/arm-none-eabi/bin/../lib/gcc/arm-none-eabi/15.2.1/../../../../arm-none-eabi/lib/thumb/v8-m.main+fp/softfp/libg.a(libc_a-strtol.o)
[...]
Memory Configuration

Name             Origin             Length             Attributes
FLASH            0x10000000         0x00400000         xr
RAM              0x20000000         0x00080000         xrw
SCRATCH_X        0x20080000         0x00001000         xrw
SCRATCH_Y        0x20081000         0x00001000         xrw
*default*        0x00000000         0xffffffff

Linker script and memory map

LOAD /Applications/ArmGNUToolchain/15.2.rel1/arm-none-eabi/bin/../lib/gcc/arm-none-eabi/15.2.1/thumb/v8-m.main+fp/softfp/crti.o
LOAD /Applications/ArmGNUToolchain/15.2.rel1/arm-none-eabi/bin/../lib/gcc/arm-none-eabi/15.2.1/thumb/v8-m.main+fp/softfp/crtbegin.o
LOAD /Applications/ArmGNUToolchain/15.2.rel1/arm-none-eabi/bin/../lib/gcc/arm-none-eabi/15.2.1/../../../../arm-none-eabi/lib/thumb/v8-m.main+fp/softfp/crt0.o

.flash_begin    0x10000000        0x0
                0x10000000                        __flash_binary_start = .

.text           0x10000000     0x6658
                0x10000000                        __logical_binary_start = .
 *(.vectors)
 .vectors       0x10000000      0x124 CMakeFiles/select_path.dir/Users/cgtolley/Desktop/elsie/pico-sdk/src/rp2_common/pico_crt0/crt0.S.o
                0x10000000                __vectors
                0x10000000                __VECTOR_TABLE
                0x10000110                __default_isrs_start
                0x10000110                isr_invalid
                0x10000112                isr_nmi
                0x10000114                isr_hardfault
                0x10000116                isr_svcall
                0x10000118                isr_pendsv
                0x1000011a                isr_systick
                0x1000011c                isr_irq5
                0x1000011c                isr_irq11
                0x1000011c                isr_irq23
                0x1000011c                isr_irq48
                0x1000011c                isr_irq35
                0x1000011c                isr_irq18
                0x1000011c                isr_irq50
                0x1000011c                isr_irq40
                0x1000011c                isr_irq28
                0x1000011c                isr_irq19
                0x1000011c                isr_irq36
                0x1000011c                isr_irq41
                0x1000011c                isr_irq0
                0x1000011c                isr_irq6
                0x1000011c                isr_irq37
                0x1000011c                isr_irq42
                0x1000011c                isr_irq22
                0x1000011c                isr_irq17
                0x1000011c                isr_irq38
                0x1000011c                isr_irq14
                0x1000011c                isr_irq2
                0x1000011c                isr_irq10
                0x1000011c                isr_irq8
                0x1000011c                isr_irq24
                0x1000011c                isr_irq46
                0x1000011c                isr_irq1
                0x1000011c                isr_irq47
                0x1000011c                isr_irq51
                0x1000011c                isr_irq7
                0x1000011c                isr_irq21
                0x1000011c                isr_irq39
                0x1000011c                isr_irq20
                0x1000011c                isr_irq15
                0x1000011c                isr_irq25
                0x1000011c                isr_irq34
                0x1000011c                isr_irq4
                0x1000011c                isr_irq16
                0x1000011c                isr_irq44
                0x1000011c                isr_irq29
                0x1000011c                isr_irq26
                0x1000011c                __default_isrs_end
                0x1000011c                isr_irq33
                0x1000011c                isr_irq3
                0x1000011c                isr_irq9
                0x1000011c                __unhandled_user_irq
                0x1000011c                isr_irq49
                0x1000011c                isr_irq13
                0x1000011c                isr_irq43
                0x1000011c                isr_irq45
                0x1000011c                isr_irq27
                0x1000011c                isr_irq32
                0x1000011c                isr_irq31
                0x1000011c                isr_irq30
                0x1000011c                isr_irq12
                0x10000122                unhandled_user_irq_num_in_r0
 *(.binary_info_header)
 .binary_info_header
                0x10000124       0x14 CMakeFiles/select_path.dir/Users/cgtolley/Desktop/elsie/pico-sdk/src/rp2_common/pico_crt0/crt0.S.o
                0x10000138                        __binary_info_header_end = .
 *(.embedded_block)
 .embedded_block
                0x10000138       0x14 CMakeFiles/select_path.dir/Users/cgtolley/Desktop/elsie/pico-sdk/src/rp2_common/pico_crt0/crt0.S.o
                0x1000014c                        __embedded_block_end = .
 *(.reset)
 .reset         0x1000014c       0xa0 CMakeFiles/select_path.dir/Users/cgtolley/Desktop/elsie/pico-sdk/src/rp2_common/pico_crt0/crt0.S.o
                0x1000014c                _entry_point
 *(.init)
 .init          0x100001ec        0x4 /Applications/ArmGNUToolchain/15.2.rel1/arm-none-eabi/bin/../lib/gcc/arm-none-eabi/15.2.1/thumb/v8-m.main+fp/softfp/crti.o
                0x100001ec                _init
 SORT_BY_NAME(REVERSE(*libgcc.a:cmse_nonsecure_call.o))()
 *(EXCLUDE_FILE(*libm.a: *libc.a:*lib_a-mem*.o *libgcc.a:) .text*)
 .text.register_tm_clones
                0x100001f0       0x28 /Applications/ArmGNUToolchain/15.2.rel1/arm-none-eabi/bin/../lib/gcc/arm-none-eabi/15.2.1/thumb/v8-m.main+fp/softfp/crtbegin.o
 .text.frame_dummy
                0x10000218       0x24 /Applications/ArmGNUToolchain/15.2.rel1/arm-none-eabi/bin/../lib/gcc/arm-none-eabi/15.2.1/thumb/v8-m.main+fp/softfp/crtbegin.o
 .text.led_cb   0x1000023c        0xc CMakeFiles/select_path.dir/select_path.c.o
 .text.set_address
                0x10000248       0xd8 CMakeFiles/select_path.dir/select_path.c.o
 .text.startup.main
                0x10000320      0x2d4 CMakeFiles/select_path.dir/select_path.c.o
                0x10000320                main
 .text.gpio_init
                0x100005f4       0x4c CMakeFiles/select_path.dir/Users/cgtolley/Desktop/elsie/pico-sdk/src/rp2_common/hardware_gpio/gpio.c.o
                0x100005f4                gpio_init
 .text.panic    0x10000640       0x30 CMakeFiles/select_path.dir/Users/cgtolley/Desktop/elsie/pico-sdk/src/rp2_common/pico_platform_panic/panic.c.o
                0x10000640                panic
 .text.hw_claim_or_assert
                0x10000670       0x58 CMakeFiles/select_path.dir/Users/cgtolley/Desktop/elsie/pico-sdk/src/common/hardware_claim/claim.c.o
                0x10000670                hw_claim_or_assert
 .text.hw_claim_unused_from_range
                0x100006c8       0x84 CMakeFiles/select_path.dir/Users/cgtolley/Desktop/elsie/pico-sdk/src/common/hardware_claim/claim.c.o
                0x100006c8                hw_claim_unused_from_range
 .text.next_striped_spin_lock_num
                0x1000074c       0x18 CMakeFiles/select_path.dir/Users/cgtolley/Desktop/elsie/pico-sdk/src/rp2_common/hardware_sync/sync.c.o
                0x1000074c                next_striped_spin_lock_num
 .text.spin_lock_claim_unused
                0x10000764       0x24 CMakeFiles/select_path.dir/Users/cgtolley/Desktop/elsie/pico-sdk/src/rp2_common/hardware_sync/sync.c.o
                0x10000764                spin_lock_claim_unused
 .text.spinlock_set_extexclall
                0x10000788       0x10 CMakeFiles/select_path.dir/Users/cgtolley/Desktop/elsie/pico-sdk/src/rp2_common/hardware_sync_spin_lock/sync_spin_lock.c.o
 .text.spin_locks_reset
                0x10000798       0x18 CMakeFiles/select_path.dir/Users/cgtolley/Desktop/elsie/pico-sdk/src/rp2_common/hardware_sync_spin_lock/sync_spin_lock.c.o
                0x10000798                spin_locks_reset
 .text.runtime_init_per_core_irq_priorities
                0x100007b0       0x40 CMakeFiles/select_path.dir/Users/cgtolley/Desktop/elsie/pico-sdk/src/rp2_common/hardware_irq/irq.c.o
                0x100007b0                runtime_init_per_core_irq_priorities
 .text.irq_set_enabled
                0x100007f0       0x2c CMakeFiles/select_path.dir/Users/cgtolley/Desktop/elsie/pico-sdk/src/rp2_common/hardware_irq/irq.c.o
                0x100007f0                irq_set_enabled
 .text.irq_is_enabled
                0x1000081c       0x20 CMakeFiles/select_path.dir/Users/cgtolley/Desktop/elsie/pico-sdk/src/rp2_common/hardware_irq/irq.c.o
                0x1000081c                irq_is_enabled
 .text.irq_set_pending
                0x1000083c       0x18 CMakeFiles/select_path.dir/Users/cgtolley/Desktop/elsie/pico-sdk/src/rp2_common/hardware_irq/irq.c.o
                0x1000083c                irq_set_pending
 .text.irq_has_shared_handler
                0x10000854       0x20 CMakeFiles/select_path.dir/Users/cgtolley/Desktop/elsie/pico-sdk/src/rp2_common/hardware_irq/irq.c.o
                0x10000854                irq_has_shared_handler
 .text.irq_set_exclusive_handler
                0x10000874       0x70 CMakeFiles/select_path.dir/Users/cgtolley/Desktop/elsie/pico-sdk/src/rp2_common/hardware_irq/irq.c.o
                0x10000874                irq_set_exclusive_handler
 .text.irq_add_shared_handler
                0x100008e4      0x1f4 CMakeFiles/select_path.dir/Users/cgtolley/Desktop/elsie/pico-sdk/src/rp2_common/hardware_irq/irq.c.o
                0x100008e4                irq_add_shared_handler
 .text.irq_add_tail_to_free_list
                0x10000ad8       0xcc CMakeFiles/select_path.dir/Users/cgtolley/Desktop/elsie/pico-sdk/src/rp2_common/hardware_irq/irq.c.o
                0x10000ad8                irq_add_tail_to_free_list
 .text.user_irq_claim_unused
                0x10000ba4       0x2c CMakeFiles/select_path.dir/Users/cgtolley/Desktop/elsie/pico-sdk/src/rp2_common/hardware_irq/irq.c.o
                0x10000ba4                user_irq_claim_unused
 .text.lock_init
                0x10000bd0        0xc CMakeFiles/select_path.dir/Users/cgtolley/Desktop/elsie/pico-sdk/src/common/pico_sync/lock_core.c.o
                0x10000bd0                lock_init
 .text.runtime_init_mutex
                0x10000bdc       0x4c CMakeFiles/select_path.dir/Users/cgtolley/Desktop/elsie/pico-sdk/src/common/pico_sync/mutex.c.o
                0x10000bdc                runtime_init_mutex
 .text.mutex_init
                0x10000c28       0x1c CMakeFiles/select_path.dir/Users/cgtolley/Desktop/elsie/pico-sdk/src/common/pico_sync/mutex.c.o
                0x10000c28                mutex_init
 .text.critical_section_init
                0x10000c44       0x1c CMakeFiles/select_path.dir/Users/cgtolley/Desktop/elsie/pico-sdk/src/common/pico_sync/critical_section.c.o
                0x10000c44                critical_section_init
 .text.critical_section_init_with_lock_num
                0x10000c60       0x10 CMakeFiles/select_path.dir/Users/cgtolley/Desktop/elsie/pico-sdk/src/common/pico_sync/critical_section.c.o
                0x10000c60                critical_section_init_with_lock_num
 .text.sleep_until_callback
                0x10000c70       0x3c CMakeFiles/select_path.dir/Users/cgtolley/Desktop/elsie/pico-sdk/src/common/pico_time/time.c.o
 *fill*         0x10000cac        0x4 
 .text.alarm_pool_irq_handler
                0x10000cb0      0x2ec CMakeFiles/select_path.dir/Users/cgtolley/Desktop/elsie/pico-sdk/src/common/pico_time/time.c.o
 .text.runtime_init_default_alarm_pool
                0x10000f9c      0x104 CMakeFiles/select_path.dir/Users/cgtolley/Desktop/elsie/pico-sdk/src/common/pico_time/time.c.o
                0x10000f9c                runtime_init_default_alarm_pool
 .text.alarm_pool_get_default
                0x100010a0        0x8 CMakeFiles/select_path.dir/Users/cgtolley/Desktop/elsie/pico-sdk/src/common/pico_time/time.c.o
                0x100010a0                alarm_pool_get_default
 .text.alarm_pool_add_alarm_at
                0x100010a8       0xe4 CMakeFiles/select_path.dir/Users/cgtolley/Desktop/elsie/pico-sdk/src/common/pico_time/time.c.o
                0x100010a8                alarm_pool_add_alarm_at
 .text.alarm_pool_add_alarm_at_force_in_context
                0x1000118c       0xcc CMakeFiles/select_path.dir/Users/cgtolley/Desktop/elsie/pico-sdk/src/common/pico_time/time.c.o
                0x1000118c                alarm_pool_add_alarm_at_force_in_context
 .text.alarm_pool_cancel_alarm
                0x10001258       0x84 CMakeFiles/select_path.dir/Users/cgtolley/Desktop/elsie/pico-sdk/src/common/pico_time/time.c.o
                0x10001258                alarm_pool_cancel_alarm
 .text.alarm_pool_core_num
                0x100012dc        0x4 CMakeFiles/select_path.dir/Users/cgtolley/Desktop/elsie/pico-sdk/src/common/pico_time/time.c.o
                0x100012dc                alarm_pool_core_num
 .text.sleep_ms
                0x100012e0       0xdc CMakeFiles/select_path.dir/Users/cgtolley/Desktop/elsie/pico-sdk/src/common/pico_time/time.c.o
                0x100012e0                sleep_ms
 .text.best_effort_wfe_or_timeout
                0x100013bc       0xf8 CMakeFiles/select_path.dir/Users/cgtolley/Desktop/elsie/pico-sdk/src/common/pico_time/time.c.o
                0x100013bc                best_effort_wfe_or_timeout
 .text.alarm_pool_add_repeating_timer_us
                0x100014b4      0x120 CMakeFiles/select_path.dir/Users/cgtolley/Desktop/elsie/pico-sdk/src/common/pico_time/time.c.o
                0x100014b4                alarm_pool_add_repeating_timer_us
 .text.timer_hardware_alarm_claim
                0x100015d4       0x24 CMakeFiles/select_path.dir/Users/cgtolley/Desktop/elsie/pico-sdk/src/rp2_common/hardware_timer/timer.c.o
                0x100015d4                timer_hardware_alarm_claim
 .text.timer_time_us_64
                0x100015f8       0x10 CMakeFiles/select_path.dir/Users/cgtolley/Desktop/elsie/pico-sdk/src/rp2_common/hardware_timer/timer.c.o
                0x100015f8                timer_time_us_64
 .text.time_us_64
                0x10001608       0x14 CMakeFiles/select_path.dir/Users/cgtolley/Desktop/elsie/pico-sdk/src/rp2_common/hardware_timer/timer.c.o
                0x10001608                time_us_64
 .text.busy_wait_us
                0x1000161c       0x60 CMakeFiles/select_path.dir/Users/cgtolley/Desktop/elsie/pico-sdk/src/rp2_common/hardware_timer/timer.c.o
                0x1000161c                busy_wait_us
 .text.busy_wait_until
                0x1000167c       0x24 CMakeFiles/select_path.dir/Users/cgtolley/Desktop/elsie/pico-sdk/src/rp2_common/hardware_timer/timer.c.o
                0x1000167c                busy_wait_until
 .text.clock_configure_undivided
                0x100016a0       0xdc CMakeFiles/select_path.dir/Users/cgtolley/Desktop/elsie/pico-sdk/src/rp2_common/hardware_clocks/clocks.c.o
                0x100016a0                clock_configure_undivided
 .text.clock_get_hz
                0x1000177c        0xc CMakeFiles/select_path.dir/Users/cgtolley/Desktop/elsie/pico-sdk/src/rp2_common/hardware_clocks/clocks.c.o
                0x1000177c                clock_get_hz
 .text.pll_init
                0x10001788       0x90 CMakeFiles/select_path.dir/Users/cgtolley/Desktop/elsie/pico-sdk/src/rp2_common/hardware_pll/pll.c.o
                0x10001788                pll_init
 .text.watchdog_reboot
                0x10001818       0xac CMakeFiles/select_path.dir/Users/cgtolley/Desktop/elsie/pico-sdk/src/rp2_common/hardware_watchdog/watchdog.c.o
                0x10001818                watchdog_reboot
 .text.tick_start
                0x100018c4       0x18 CMakeFiles/select_path.dir/Users/cgtolley/Desktop/elsie/pico-sdk/src/rp2_common/hardware_ticks/ticks.c.o
                0x100018c4                tick_start
 .text.rom_reboot.constprop.0.isra.0
                0x100018dc       0x38 CMakeFiles/select_path.dir/Users/cgtolley/Desktop/elsie/pico-sdk/src/rp2_common/pico_bootrom/bootrom.c.o
 .text.rom_func_lookup
                0x10001914       0x18 CMakeFiles/select_path.dir/Users/cgtolley/Desktop/elsie/pico-sdk/src/rp2_common/pico_bootrom/bootrom.c.o
                0x10001914                rom_func_lookup
 .text.rom_reset_usb_boot_extra
                0x1000192c       0x1c CMakeFiles/select_path.dir/Users/cgtolley/Desktop/elsie/pico-sdk/src/rp2_common/pico_bootrom/bootrom.c.o
                0x1000192c                rom_reset_usb_boot_extra
 .text.runtime_init_bootrom_locking_enable
                0x10001948       0x14 CMakeFiles/select_path.dir/Users/cgtolley/Desktop/elsie/pico-sdk/src/rp2_common/pico_bootrom/bootrom_lock.c.o
                0x10001948                runtime_init_bootrom_locking_enable
 .text.runtime_init_boot_locks_reset
                0x1000195c       0x1c CMakeFiles/select_path.dir/Users/cgtolley/Desktop/elsie/pico-sdk/src/rp2_common/hardware_boot_lock/boot_lock.c.o
                0x1000195c                runtime_init_boot_locks_reset
 .text.xosc_init
                0x10001978       0x2c CMakeFiles/select_path.dir/Users/cgtolley/Desktop/elsie/pico-sdk/src/rp2_common/hardware_xosc/xosc.c.o
                0x10001978                xosc_init
 .text.first_per_core_initializer
                0x100019a4        0x4 CMakeFiles/select_path.dir/Users/cgtolley/Desktop/elsie/pico-sdk/src/rp2_common/pico_runtime/runtime.c.o
 .text.hard_assertion_failure
                0x100019a8        0xc CMakeFiles/select_path.dir/Users/cgtolley/Desktop/elsie/pico-sdk/src/rp2_common/pico_runtime/runtime.c.o
                0x100019a8                hard_assertion_failure
 .text.runtime_run_initializers
                0x100019b4       0x20 CMakeFiles/select_path.dir/Users/cgtolley/Desktop/elsie/pico-sdk/src/rp2_common/pico_runtime/runtime.c.o
                0x100019b4                runtime_run_initializers
 .text.runtime_init_early_resets
                0x100019d4       0x30 CMakeFiles/select_path.dir/Users/cgtolley/Desktop/elsie/pico-sdk/src/rp2_common/pico_runtime_init/runtime_init.c.o
                0x100019d4                runtime_init_early_resets
 .text.runtime_init_usb_power_down
                0x10001a04       0x1c CMakeFiles/select_path.dir/Users/cgtolley/Desktop/elsie/pico-sdk/src/rp2_common/pico_runtime_init/runtime_init.c.o
                0x10001a04                runtime_init_usb_power_down
 .text.runtime_init_per_core_enable_coprocessors
                0x10001a20       0x1c CMakeFiles/select_path.dir/Users/cgtolley/Desktop/elsie/pico-sdk/src/rp2_common/pico_runtime_init/runtime_init.c.o
                0x10001a20                runtime_init_per_core_enable_coprocessors
 .text.runtime_init_post_clock_resets
                0x10001a3c       0x20 CMakeFiles/select_path.dir/Users/cgtolley/Desktop/elsie/pico-sdk/src/rp2_common/pico_runtime_init/runtime_init.c.o
                0x10001a3c                runtime_init_post_clock_resets
 .text.runtime_init_bootrom_reset
                0x10001a5c       0x14 CMakeFiles/select_path.dir/Users/cgtolley/Desktop/elsie/pico-sdk/src/rp2_common/pico_runtime_init/runtime_init.c.o
                0x10001a5c                runtime_init_bootrom_reset
 .text.runtime_init_per_core_bootrom_reset
                0x10001a70       0x14 CMakeFiles/select_path.dir/Users/cgtolley/Desktop/elsie/pico-sdk/src/rp2_common/pico_runtime_init/runtime_init.c.o
                0x10001a70                runtime_init_per_core_bootrom_reset
 .text.runtime_init_spin_locks_reset
                0x10001a84        0x4 CMakeFiles/select_path.dir/Users/cgtolley/Desktop/elsie/pico-sdk/src/rp2_common/pico_runtime_init/runtime_init.c.o
                0x10001a84                runtime_init_spin_locks_reset
 .text.runtime_init_install_ram_vector_table
                0x10001a88       0x1c CMakeFiles/select_path.dir/Users/cgtolley/Desktop/elsie/pico-sdk/src/rp2_common/pico_runtime_init/runtime_init.c.o
                0x10001a88                runtime_init_install_ram_vector_table
 .text.runtime_init_clocks
                0x10001aa4       0xdc CMakeFiles/select_path.dir/Users/cgtolley/Desktop/elsie/pico-sdk/src/rp2_common/pico_runtime_init/runtime_init_clocks.c.o
                0x10001aa4                runtime_init_clocks
 .text.__rp2350_dcp_engaged_state_save_restore
                0x10001b80       0x3a CMakeFiles/select_path.dir/Users/cgtolley/Desktop/elsie/pico-sdk/src/rp2_common/pico_double/double_aeabi_dcp.S.o
 *fill*         0x10001bba        0x2 
 .text.__wrap___aeabi_dadd
                0x10001bbc       0x28 CMakeFiles/select_path.dir/Users/cgtolley/Desktop/elsie/pico-sdk/src/rp2_common/pico_double/double_aeabi_dcp.S.o
                0x10001bc4                __wrap___aeabi_dadd
 .text.__wrap___aeabi_dsub
                0x10001be4       0x28 CMakeFiles/select_path.dir/Users/cgtolley/Desktop/elsie/pico-sdk/src/rp2_common/pico_double/double_aeabi_dcp.S.o
                0x10001bec                __wrap___aeabi_dsub
 .text.__wrap___aeabi_dmul
                0x10001c0c       0x4c CMakeFiles/select_path.dir/Users/cgtolley/Desktop/elsie/pico-sdk/src/rp2_common/pico_double/double_aeabi_dcp.S.o
                0x10001c14                __wrap___aeabi_dmul
 .text.__wrap___aeabi_ddiv
                0x10001c58       0x9c CMakeFiles/select_path.dir/Users/cgtolley/Desktop/elsie/pico-sdk/src/rp2_common/pico_double/double_aeabi_dcp.S.o
                0x10001c60                __wrap___aeabi_ddiv
 .text.__wrap___aeabi_i2d
                0x10001cf4       0x24 CMakeFiles/select_path.dir/Users/cgtolley/Desktop/elsie/pico-sdk/src/rp2_common/pico_double/double_aeabi_dcp.S.o
                0x10001cfc                __wrap___aeabi_i2d
                0x10001cfc                int2double
 .text.__wrap___aeabi_ui2d
                0x10001d18       0x24 CMakeFiles/select_path.dir/Users/cgtolley/Desktop/elsie/pico-sdk/src/rp2_common/pico_double/double_aeabi_dcp.S.o
                0x10001d20                __wrap___aeabi_ui2d
                0x10001d20                uint2double
 .text.__wrap___aeabi_d2iz
                0x10001d3c       0x24 CMakeFiles/select_path.dir/Users/cgtolley/Desktop/elsie/pico-sdk/src/rp2_common/pico_double/double_aeabi_dcp.S.o
                0x10001d44                __wrap___aeabi_d2iz
                0x10001d44                double2int_z
 .text.__wrap___aeabi_d2uiz
                0x10001d60       0x24 CMakeFiles/select_path.dir/Users/cgtolley/Desktop/elsie/pico-sdk/src/rp2_common/pico_double/double_aeabi_dcp.S.o
                0x10001d68                double2uint_z
                0x10001d68                double2uint
                0x10001d68                __wrap___aeabi_d2uiz
 .text.__wrap___aeabi_dcmpun
                0x10001d84       0x24 CMakeFiles/select_path.dir/Users/cgtolley/Desktop/elsie/pico-sdk/src/rp2_common/pico_double/double_aeabi_dcp.S.o
                0x10001d8c                __wrap___aeabi_dcmpun
 .text.__wrap___aeabi_dcmplt
                0x10001da8       0x28 CMakeFiles/select_path.dir/Users/cgtolley/Desktop/elsie/pico-sdk/src/rp2_common/pico_double/double_aeabi_dcp.S.o
                0x10001db0                __wrap___aeabi_dcmplt
 .text.__wrap___aeabi_dcmple
                0x10001dd0       0x28 CMakeFiles/select_path.dir/Users/cgtolley/Desktop/elsie/pico-sdk/src/rp2_common/pico_double/double_aeabi_dcp.S.o
                0x10001dd8                __wrap___aeabi_dcmple
 .text.__wrap___aeabi_dcmpge
                0x10001df8       0x28 CMakeFiles/select_path.dir/Users/cgtolley/Desktop/elsie/pico-sdk/src/rp2_common/pico_double/double_aeabi_dcp.S.o
                0x10001e00                __wrap___aeabi_dcmpge
 .text.__wrap___aeabi_dcmpgt
                0x10001e20       0x28 CMakeFiles/select_path.dir/Users/cgtolley/Desktop/elsie/pico-sdk/src/rp2_common/pico_double/double_aeabi_dcp.S.o
                0x10001e28                __wrap___aeabi_dcmpgt
 .text._out_null
                0x10001e48        0x4 CMakeFiles/select_path.dir/Users/cgtolley/Desktop/elsie/pico-sdk/src/rp2_common/pico_printf/printf.c.o
 .text._out_rev
                0x10001e4c       0xa8 CMakeFiles/select_path.dir/Users/cgtolley/Desktop/elsie/pico-sdk/src/rp2_common/pico_printf/printf.c.o
 .text._ntoa_format
                0x10001ef4      0x1dc CMakeFiles/select_path.dir/Users/cgtolley/Desktop/elsie/pico-sdk/src/rp2_common/pico_printf/printf.c.o
 .text._out_char
                0x100020d0        0x8 CMakeFiles/select_path.dir/Users/cgtolley/Desktop/elsie/pico-sdk/src/rp2_common/pico_printf/printf.c.o
 .text._out_fct
                0x100020d8        0xc CMakeFiles/select_path.dir/Users/cgtolley/Desktop/elsie/pico-sdk/src/rp2_common/pico_printf/printf.c.o
 *fill*         0x100020e4        0x4 
 .text._ftoa    0x100020e8      0x494 CMakeFiles/select_path.dir/Users/cgtolley/Desktop/elsie/pico-sdk/src/rp2_common/pico_printf/printf.c.o
 *fill*         0x1000257c        0x4 
 .text._etoa    0x10002580      0x584 CMakeFiles/select_path.dir/Users/cgtolley/Desktop/elsie/pico-sdk/src/rp2_common/pico_printf/printf.c.o
 .text._vsnprintf
                0x10002b04      0x9d8 CMakeFiles/select_path.dir/Users/cgtolley/Desktop/elsie/pico-sdk/src/rp2_common/pico_printf/printf.c.o
 .text.vfctprintf
                0x100034dc       0x24 CMakeFiles/select_path.dir/Users/cgtolley/Desktop/elsie/pico-sdk/src/rp2_common/pico_printf/printf.c.o
                0x100034dc                vfctprintf
 .text.weak_raw_vprintf
                0x10003500       0x30 CMakeFiles/select_path.dir/Users/cgtolley/Desktop/elsie/pico-sdk/src/rp2_common/pico_printf/printf.c.o
                0x10003500                weak_raw_vprintf
 .text._exit    0x10003530        0x4 CMakeFiles/select_path.dir/Users/cgtolley/Desktop/elsie/pico-sdk/src/rp2_common/pico_clib_interface/newlib_interface.c.o
                0x10003530                _exit
 .text.exit     0x10003534        0x8 CMakeFiles/select_path.dir/Users/cgtolley/Desktop/elsie/pico-sdk/src/rp2_common/pico_clib_interface/newlib_interface.c.o
                0x10003534                exit
 .text.runtime_init
                0x1000353c       0x24 CMakeFiles/select_path.dir/Users/cgtolley/Desktop/elsie/pico-sdk/src/rp2_common/pico_clib_interface/newlib_interface.c.o
                0x1000353c                runtime_init
 .text.stdio_out_chars_no_crlf
                0x10003560        0x8 CMakeFiles/select_path.dir/Users/cgtolley/Desktop/elsie/pico-sdk/src/rp2_common/pico_stdio/stdio.c.o
 .text.stdio_out_chars_crlf
                0x10003568       0xc0 CMakeFiles/select_path.dir/Users/cgtolley/Desktop/elsie/pico-sdk/src/rp2_common/pico_stdio/stdio.c.o
 .text.stdio_buffered_printer
                0x10003628       0x5c CMakeFiles/select_path.dir/Users/cgtolley/Desktop/elsie/pico-sdk/src/rp2_common/pico_stdio/stdio.c.o
 .text.stdio_put_string
                0x10003684       0xec CMakeFiles/select_path.dir/Users/cgtolley/Desktop/elsie/pico-sdk/src/rp2_common/pico_stdio/stdio.c.o
                0x10003684                stdio_put_string
 .text.stdio_set_driver_enabled
                0x10003770       0x28 CMakeFiles/select_path.dir/Users/cgtolley/Desktop/elsie/pico-sdk/src/rp2_common/pico_stdio/stdio.c.o
                0x10003770                stdio_set_driver_enabled
 .text.stdio_init_all
                0x10003798        0x4 CMakeFiles/select_path.dir/Users/cgtolley/Desktop/elsie/pico-sdk/src/rp2_common/pico_stdio/stdio.c.o
                0x10003798                stdio_init_all
 .text.stdio_getchar_timeout_us
                0x1000379c       0x8c CMakeFiles/select_path.dir/Users/cgtolley/Desktop/elsie/pico-sdk/src/rp2_common/pico_stdio/stdio.c.o
                0x1000379c                stdio_getchar_timeout_us
 .text.__wrap_putchar
                0x10003828       0x84 CMakeFiles/select_path.dir/Users/cgtolley/Desktop/elsie/pico-sdk/src/rp2_common/pico_stdio/stdio.c.o
                0x10003828                stdio_putchar
                0x10003828                __wrap_putchar
 .text.__wrap_puts
                0x100038ac       0x3c CMakeFiles/select_path.dir/Users/cgtolley/Desktop/elsie/pico-sdk/src/rp2_common/pico_stdio/stdio.c.o
                0x100038ac                __wrap_puts
                0x100038ac                stdio_puts
 .text.__wrap_vprintf
                0x100038e8       0xc0 CMakeFiles/select_path.dir/Users/cgtolley/Desktop/elsie/pico-sdk/src/rp2_common/pico_stdio/stdio.c.o
                0x100038e8                __wrap_vprintf
                0x100038e8                stdio_vprintf
 .text.__wrap_printf
                0x100039a8       0x1c CMakeFiles/select_path.dir/Users/cgtolley/Desktop/elsie/pico-sdk/src/rp2_common/pico_stdio/stdio.c.o
                0x100039a8                stdio_printf
                0x100039a8                __wrap_printf
 .text.resetd_init
                0x100039c4        0x4 CMakeFiles/select_path.dir/Users/cgtolley/Desktop/elsie/pico-sdk/src/rp2_common/pico_stdio_usb/reset_interface.c.o
 .text.resetd_reset
                0x100039c8        0xc CMakeFiles/select_path.dir/Users/cgtolley/Desktop/elsie/pico-sdk/src/rp2_common/pico_stdio_usb/reset_interface.c.o
 .text.resetd_open
                0x100039d4       0x28 CMakeFiles/select_path.dir/Users/cgtolley/Desktop/elsie/pico-sdk/src/rp2_common/pico_stdio_usb/reset_interface.c.o
 .text.resetd_xfer_cb
                0x100039fc        0x4 CMakeFiles/select_path.dir/Users/cgtolley/Desktop/elsie/pico-sdk/src/rp2_common/pico_stdio_usb/reset_interface.c.o
 .text.resetd_control_xfer_cb
                0x10003a00       0x50 CMakeFiles/select_path.dir/Users/cgtolley/Desktop/elsie/pico-sdk/src/rp2_common/pico_stdio_usb/reset_interface.c.o
 .text.tud_descriptor_bos_cb
                0x10003a50        0x8 CMakeFiles/select_path.dir/Users/cgtolley/Desktop/elsie/pico-sdk/src/rp2_common/pico_stdio_usb/reset_interface.c.o
                0x10003a50                tud_descriptor_bos_cb
 .text.tud_vendor_control_xfer_cb
                0x10003a58       0x28 CMakeFiles/select_path.dir/Users/cgtolley/Desktop/elsie/pico-sdk/src/rp2_common/pico_stdio_usb/reset_interface.c.o
                0x10003a58                tud_vendor_control_xfer_cb
 .text.usbd_app_driver_get_cb
                0x10003a80       0x10 CMakeFiles/select_path.dir/Users/cgtolley/Desktop/elsie/pico-sdk/src/rp2_common/pico_stdio_usb/reset_interface.c.o
                0x10003a80                usbd_app_driver_get_cb
 .text.tud_cdc_line_coding_cb
                0x10003a90       0x18 CMakeFiles/select_path.dir/Users/cgtolley/Desktop/elsie/pico-sdk/src/rp2_common/pico_stdio_usb/reset_interface.c.o
                0x10003a90                tud_cdc_line_coding_cb
 .text.stdio_usb_set_chars_available_callback
                0x10003aa8       0x14 CMakeFiles/select_path.dir/Users/cgtolley/Desktop/elsie/pico-sdk/src/rp2_common/pico_stdio_usb/stdio_usb.c.o
                0x10003aa8                stdio_usb_set_chars_available_callback
 .text.timer_task
                0x10003abc       0x70 CMakeFiles/select_path.dir/Users/cgtolley/Desktop/elsie/pico-sdk/src/rp2_common/pico_stdio_usb/stdio_usb.c.o
 .text.usb_irq  0x10003b2c        0xc CMakeFiles/select_path.dir/Users/cgtolley/Desktop/elsie/pico-sdk/src/rp2_common/pico_stdio_usb/stdio_usb.c.o
 .text.stdio_usb_in_chars
                0x10003b38       0x88 CMakeFiles/select_path.dir/Users/cgtolley/Desktop/elsie/pico-sdk/src/rp2_common/pico_stdio_usb/stdio_usb.c.o
                0x10003b38                stdio_usb_in_chars
 .text.stdio_usb_out_flush
                0x10003bc0       0x54 CMakeFiles/select_path.dir/Users/cgtolley/Desktop/elsie/pico-sdk/src/rp2_common/pico_stdio_usb/stdio_usb.c.o
 .text.stdio_usb_out_chars
                0x10003c14       0xf0 CMakeFiles/select_path.dir/Users/cgtolley/Desktop/elsie/pico-sdk/src/rp2_common/pico_stdio_usb/stdio_usb.c.o
 .text.low_priority_worker_irq
                0x10003d04       0xe8 CMakeFiles/select_path.dir/Users/cgtolley/Desktop/elsie/pico-sdk/src/rp2_common/pico_stdio_usb/stdio_usb.c.o
 .text.stdio_usb_init
                0x10003dec       0xf0 CMakeFiles/select_path.dir/Users/cgtolley/Desktop/elsie/pico-sdk/src/rp2_common/pico_stdio_usb/stdio_usb.c.o
                0x10003dec                stdio_usb_init
 .text.stdio_usb_connected
                0x10003edc        0x8 CMakeFiles/select_path.dir/Users/cgtolley/Desktop/elsie/pico-sdk/src/rp2_common/pico_stdio_usb/stdio_usb.c.o
                0x10003edc                stdio_usb_connected
 .text.tud_descriptor_device_cb
                0x10003ee4        0x8 CMakeFiles/select_path.dir/Users/cgtolley/Desktop/elsie/pico-sdk/src/rp2_common/pico_stdio_usb/stdio_usb_descriptors.c.o
                0x10003ee4                tud_descriptor_device_cb
 .text.tud_descriptor_configuration_cb
                0x10003eec        0x8 CMakeFiles/select_path.dir/Users/cgtolley/Desktop/elsie/pico-sdk/src/rp2_common/pico_stdio_usb/stdio_usb_descriptors.c.o
                0x10003eec                tud_descriptor_configuration_cb
 .text.tud_descriptor_string_cb
                0x10003ef4       0x80 CMakeFiles/select_path.dir/Users/cgtolley/Desktop/elsie/pico-sdk/src/rp2_common/pico_stdio_usb/stdio_usb_descriptors.c.o
                0x10003ef4                tud_descriptor_string_cb
 .text.startup._retrieve_unique_id_on_boot
                0x10003f74       0x2c CMakeFiles/select_path.dir/Users/cgtolley/Desktop/elsie/pico-sdk/src/rp2_common/pico_unique_id/unique_id.c.o
 .text.pico_get_unique_board_id_string
                0x10003fa0      0x190 CMakeFiles/select_path.dir/Users/cgtolley/Desktop/elsie/pico-sdk/src/rp2_common/pico_unique_id/unique_id.c.o
                0x10003fa0                pico_get_unique_board_id_string
 .text.dcd_init
                0x10004130       0x9c CMakeFiles/select_path.dir/Users/cgtolley/Desktop/elsie/pico-sdk/lib/tinyusb/src/portable/raspberrypi/rp2040/dcd_rp2040.c.o
                0x10004130                dcd_init
 .text.dcd_int_enable
                0x100041cc        0x8 CMakeFiles/select_path.dir/Users/cgtolley/Desktop/elsie/pico-sdk/lib/tinyusb/src/portable/raspberrypi/rp2040/dcd_rp2040.c.o
                0x100041cc                dcd_int_enable
 .text.dcd_set_address
                0x100041d4       0x10 CMakeFiles/select_path.dir/Users/cgtolley/Desktop/elsie/pico-sdk/lib/tinyusb/src/portable/raspberrypi/rp2040/dcd_rp2040.c.o
                0x100041d4                dcd_set_address
 .text.dcd_sof_enable
                0x100041e4       0x1c CMakeFiles/select_path.dir/Users/cgtolley/Desktop/elsie/pico-sdk/lib/tinyusb/src/portable/raspberrypi/rp2040/dcd_rp2040.c.o
                0x100041e4                dcd_sof_enable
 .text.dcd_edpt0_status_complete
                0x10004200       0x1c CMakeFiles/select_path.dir/Users/cgtolley/Desktop/elsie/pico-sdk/lib/tinyusb/src/portable/raspberrypi/rp2040/dcd_rp2040.c.o
                0x10004200                dcd_edpt0_status_complete
 .text.dcd_edpt_open
                0x1000421c      0x10c CMakeFiles/select_path.dir/Users/cgtolley/Desktop/elsie/pico-sdk/lib/tinyusb/src/portable/raspberrypi/rp2040/dcd_rp2040.c.o
                0x1000421c                dcd_edpt_open
 .text.dcd_edpt_close_all
                0x10004328        0x4 CMakeFiles/select_path.dir/Users/cgtolley/Desktop/elsie/pico-sdk/lib/tinyusb/src/portable/raspberrypi/rp2040/dcd_rp2040.c.o
                0x10004328                dcd_edpt_close_all
 .text.dcd_edpt_xfer
                0x1000432c       0x28 CMakeFiles/select_path.dir/Users/cgtolley/Desktop/elsie/pico-sdk/lib/tinyusb/src/portable/raspberrypi/rp2040/dcd_rp2040.c.o
                0x1000432c                dcd_edpt_xfer
 .text.dcd_edpt_stall
                0x10004354       0x30 CMakeFiles/select_path.dir/Users/cgtolley/Desktop/elsie/pico-sdk/lib/tinyusb/src/portable/raspberrypi/rp2040/dcd_rp2040.c.o
                0x10004354                dcd_edpt_stall
 .text.dcd_edpt_clear_stall
                0x10004384       0x24 CMakeFiles/select_path.dir/Users/cgtolley/Desktop/elsie/pico-sdk/lib/tinyusb/src/portable/raspberrypi/rp2040/dcd_rp2040.c.o
                0x10004384                dcd_edpt_clear_stall
 .text.rp2040_usb_init
                0x100043a8       0x40 CMakeFiles/select_path.dir/Users/cgtolley/Desktop/elsie/pico-sdk/lib/tinyusb/src/portable/raspberrypi/rp2040/rp2040_usb.c.o
                0x100043a8                rp2040_usb_init
 .text.hw_endpoint_xfer_start
                0x100043e8       0x40 CMakeFiles/select_path.dir/Users/cgtolley/Desktop/elsie/pico-sdk/lib/tinyusb/src/portable/raspberrypi/rp2040/rp2040_usb.c.o
                0x100043e8                hw_endpoint_xfer_start
 .text.configuration_reset
                0x10004428       0x8c CMakeFiles/select_path.dir/Users/cgtolley/Desktop/elsie/pico-sdk/lib/tinyusb/src/device/usbd.c.o
 .text.tud_event_hook_cb
                0x100044b4        0x4 CMakeFiles/select_path.dir/Users/cgtolley/Desktop/elsie/pico-sdk/lib/tinyusb/src/device/usbd.c.o
                0x100044b4                tud_event_hook_cb
 .text.tud_sof_cb
                0x100044b8        0x4 CMakeFiles/select_path.dir/Users/cgtolley/Desktop/elsie/pico-sdk/lib/tinyusb/src/device/usbd.c.o
                0x100044b8                tud_sof_cb
 .text.tud_descriptor_device_qualifier_cb
                0x100044bc        0x4 CMakeFiles/select_path.dir/Users/cgtolley/Desktop/elsie/pico-sdk/lib/tinyusb/src/device/usbd.c.o
                0x100044bc                tud_descriptor_device_qualifier_cb
 .text.tud_descriptor_other_speed_configuration_cb
                0x100044c0        0x4 CMakeFiles/select_path.dir/Users/cgtolley/Desktop/elsie/pico-sdk/lib/tinyusb/src/device/usbd.c.o
                0x100044c0                tud_descriptor_other_speed_configuration_cb
 .text.tud_mount_cb
                0x100044c4        0x4 CMakeFiles/select_path.dir/Users/cgtolley/Desktop/elsie/pico-sdk/lib/tinyusb/src/device/usbd.c.o
                0x100044c4                tud_mount_cb
 .text.tud_umount_cb
                0x100044c8        0x4 CMakeFiles/select_path.dir/Users/cgtolley/Desktop/elsie/pico-sdk/lib/tinyusb/src/device/usbd.c.o
                0x100044c8                tud_umount_cb
 .text.tud_suspend_cb
                0x100044cc        0x4 CMakeFiles/select_path.dir/Users/cgtolley/Desktop/elsie/pico-sdk/lib/tinyusb/src/device/usbd.c.o
                0x100044cc                tud_suspend_cb
 .text.tud_resume_cb
                0x100044d0        0x4 CMakeFiles/select_path.dir/Users/cgtolley/Desktop/elsie/pico-sdk/lib/tinyusb/src/device/usbd.c.o
                0x100044d0                tud_resume_cb
 .text.tud_mounted
                0x100044d4       0x10 CMakeFiles/select_path.dir/Users/cgtolley/Desktop/elsie/pico-sdk/lib/tinyusb/src/device/usbd.c.o
                0x100044d4                tud_mounted
 .text.tud_suspended
                0x100044e4       0x10 CMakeFiles/select_path.dir/Users/cgtolley/Desktop/elsie/pico-sdk/lib/tinyusb/src/device/usbd.c.o
                0x100044e4                tud_suspended
 .text.tud_rhport_init
                0x100044f4       0xf0 CMakeFiles/select_path.dir/Users/cgtolley/Desktop/elsie/pico-sdk/lib/tinyusb/src/device/usbd.c.o
                0x100044f4                tud_rhport_init
 .text.tud_task_ext
                0x100045e4      0x7cc CMakeFiles/select_path.dir/Users/cgtolley/Desktop/elsie/pico-sdk/lib/tinyusb/src/device/usbd.c.o
                0x100045e4                tud_task_ext
 .text.usbd_open_edpt_pair
                0x10004db0       0xa0 CMakeFiles/select_path.dir/Users/cgtolley/Desktop/elsie/pico-sdk/lib/tinyusb/src/device/usbd.c.o
                0x10004db0                usbd_open_edpt_pair
 .text.usbd_edpt_open
                0x10004e50       0x5c CMakeFiles/select_path.dir/Users/cgtolley/Desktop/elsie/pico-sdk/lib/tinyusb/src/device/usbd.c.o
                0x10004e50                usbd_edpt_open
 .text.usbd_edpt_claim
                0x10004eac       0x24 CMakeFiles/select_path.dir/Users/cgtolley/Desktop/elsie/pico-sdk/lib/tinyusb/src/device/usbd.c.o
                0x10004eac                usbd_edpt_claim
 .text.usbd_edpt_release
                0x10004ed0       0x24 CMakeFiles/select_path.dir/Users/cgtolley/Desktop/elsie/pico-sdk/lib/tinyusb/src/device/usbd.c.o
                0x10004ed0                usbd_edpt_release
 .text.usbd_edpt_xfer
                0x10004ef4       0x70 CMakeFiles/select_path.dir/Users/cgtolley/Desktop/elsie/pico-sdk/lib/tinyusb/src/device/usbd.c.o
                0x10004ef4                usbd_edpt_xfer
 .text.tud_control_status
                0x10004f64       0x38 CMakeFiles/select_path.dir/Users/cgtolley/Desktop/elsie/pico-sdk/lib/tinyusb/src/device/usbd_control.c.o
                0x10004f64                tud_control_status
 .text.tud_control_xfer
                0x10004f9c       0xb4 CMakeFiles/select_path.dir/Users/cgtolley/Desktop/elsie/pico-sdk/lib/tinyusb/src/device/usbd_control.c.o
                0x10004f9c                tud_control_xfer
 .text.usbd_control_reset
                0x10005050       0x14 CMakeFiles/select_path.dir/Users/cgtolley/Desktop/elsie/pico-sdk/lib/tinyusb/src/device/usbd_control.c.o
                0x10005050                usbd_control_reset
 .text.usbd_control_set_complete_callback
                0x10005064        0xc CMakeFiles/select_path.dir/Users/cgtolley/Desktop/elsie/pico-sdk/lib/tinyusb/src/device/usbd_control.c.o
                0x10005064                usbd_control_set_complete_callback
 .text.usbd_control_set_request
                0x10005070       0x1c CMakeFiles/select_path.dir/Users/cgtolley/Desktop/elsie/pico-sdk/lib/tinyusb/src/device/usbd_control.c.o
                0x10005070                usbd_control_set_request
 .text.usbd_control_xfer_cb
                0x1000508c      0x104 CMakeFiles/select_path.dir/Users/cgtolley/Desktop/elsie/pico-sdk/lib/tinyusb/src/device/usbd_control.c.o
                0x1000508c                usbd_control_xfer_cb
 .text._prep_out_transaction.isra.0
                0x10005190       0x80 CMakeFiles/select_path.dir/Users/cgtolley/Desktop/elsie/pico-sdk/lib/tinyusb/src/class/cdc/cdc_device.c.o
 .text.tud_cdc_n_connected
                0x10005210       0x2c CMakeFiles/select_path.dir/Users/cgtolley/Desktop/elsie/pico-sdk/lib/tinyusb/src/class/cdc/cdc_device.c.o
                0x10005210                tud_cdc_n_connected
 .text.tud_cdc_n_available
                0x1000523c       0x14 CMakeFiles/select_path.dir/Users/cgtolley/Desktop/elsie/pico-sdk/lib/tinyusb/src/class/cdc/cdc_device.c.o
                0x1000523c                tud_cdc_n_available
 .text.tud_cdc_n_read
                0x10005250       0x8c CMakeFiles/select_path.dir/Users/cgtolley/Desktop/elsie/pico-sdk/lib/tinyusb/src/class/cdc/cdc_device.c.o
                0x10005250                tud_cdc_n_read
 .text.tud_cdc_n_write_flush
                0x100052dc       0x94 CMakeFiles/select_path.dir/Users/cgtolley/Desktop/elsie/pico-sdk/lib/tinyusb/src/class/cdc/cdc_device.c.o
                0x100052dc                tud_cdc_n_write_flush
 .text.tud_cdc_n_write
                0x10005370       0x3c CMakeFiles/select_path.dir/Users/cgtolley/Desktop/elsie/pico-sdk/lib/tinyusb/src/class/cdc/cdc_device.c.o
                0x10005370                tud_cdc_n_write
 .text.tud_cdc_n_write_available
                0x100053ac       0x14 CMakeFiles/select_path.dir/Users/cgtolley/Desktop/elsie/pico-sdk/lib/tinyusb/src/class/cdc/cdc_device.c.o
                0x100053ac                tud_cdc_n_write_available
 .text.cdcd_init
                0x100053c0       0x74 CMakeFiles/select_path.dir/Users/cgtolley/Desktop/elsie/pico-sdk/lib/tinyusb/src/class/cdc/cdc_device.c.o
                0x100053c0                cdcd_init
 .text.cdcd_deinit
                0x10005434       0x30 CMakeFiles/select_path.dir/Users/cgtolley/Desktop/elsie/pico-sdk/lib/tinyusb/src/class/cdc/cdc_device.c.o
                0x10005434                cdcd_deinit
 .text.cdcd_reset
                0x10005464       0x50 CMakeFiles/select_path.dir/Users/cgtolley/Desktop/elsie/pico-sdk/lib/tinyusb/src/class/cdc/cdc_device.c.o
                0x10005464                cdcd_reset
 .text.cdcd_open
                0x100054b4       0xd0 CMakeFiles/select_path.dir/Users/cgtolley/Desktop/elsie/pico-sdk/lib/tinyusb/src/class/cdc/cdc_device.c.o
                0x100054b4                cdcd_open
 .text.cdcd_control_xfer_cb
                0x10005584       0xd0 CMakeFiles/select_path.dir/Users/cgtolley/Desktop/elsie/pico-sdk/lib/tinyusb/src/class/cdc/cdc_device.c.o
                0x10005584                cdcd_control_xfer_cb
 .text.cdcd_xfer_cb
                0x10005654       0xf8 CMakeFiles/select_path.dir/Users/cgtolley/Desktop/elsie/pico-sdk/lib/tinyusb/src/class/cdc/cdc_device.c.o
                0x10005654                cdcd_xfer_cb
 .text.vendord_init
                0x1000574c       0x5c CMakeFiles/select_path.dir/Users/cgtolley/Desktop/elsie/pico-sdk/lib/tinyusb/src/class/vendor/vendor_device.c.o
                0x1000574c                vendord_init
 .text.vendord_deinit
                0x100057a8       0x1c CMakeFiles/select_path.dir/Users/cgtolley/Desktop/elsie/pico-sdk/lib/tinyusb/src/class/vendor/vendor_device.c.o
                0x100057a8                vendord_deinit
 .text.vendord_reset
                0x100057c4       0x24 CMakeFiles/select_path.dir/Users/cgtolley/Desktop/elsie/pico-sdk/lib/tinyusb/src/class/vendor/vendor_device.c.o
                0x100057c4                vendord_reset
 .text.vendord_open
                0x100057e8       0xf4 CMakeFiles/select_path.dir/Users/cgtolley/Desktop/elsie/pico-sdk/lib/tinyusb/src/class/vendor/vendor_device.c.o
                0x100057e8                vendord_open
 .text.vendord_xfer_cb
                0x100058dc       0x98 CMakeFiles/select_path.dir/Users/cgtolley/Desktop/elsie/pico-sdk/lib/tinyusb/src/class/vendor/vendor_device.c.o
                0x100058dc                vendord_xfer_cb
 .text.tusb_rhport_init
                0x10005974       0x6c CMakeFiles/select_path.dir/Users/cgtolley/Desktop/elsie/pico-sdk/lib/tinyusb/src/tusb.c.o
                0x10005974                tusb_rhport_init
 .text.tu_edpt_claim
                0x100059e0       0x60 CMakeFiles/select_path.dir/Users/cgtolley/Desktop/elsie/pico-sdk/lib/tinyusb/src/tusb.c.o
                0x100059e0                tu_edpt_claim
 .text.tu_edpt_release
                0x10005a40       0x38 CMakeFiles/select_path.dir/Users/cgtolley/Desktop/elsie/pico-sdk/lib/tinyusb/src/tusb.c.o
                0x10005a40                tu_edpt_release
 .text.tu_edpt_validate
                0x10005a78       0x60 CMakeFiles/select_path.dir/Users/cgtolley/Desktop/elsie/pico-sdk/lib/tinyusb/src/tusb.c.o
                0x10005a78                tu_edpt_validate
 .text.tu_edpt_bind_driver
                0x10005ad8       0x54 CMakeFiles/select_path.dir/Users/cgtolley/Desktop/elsie/pico-sdk/lib/tinyusb/src/tusb.c.o
                0x10005ad8                tu_edpt_bind_driver
 .text.tu_edpt_stream_init
                0x10005b2c       0x58 CMakeFiles/select_path.dir/Users/cgtolley/Desktop/elsie/pico-sdk/lib/tinyusb/src/tusb.c.o
                0x10005b2c                tu_edpt_stream_init
 .text.tu_edpt_stream_deinit
                0x10005b84        0x4 CMakeFiles/select_path.dir/Users/cgtolley/Desktop/elsie/pico-sdk/lib/tinyusb/src/tusb.c.o
                0x10005b84                tu_edpt_stream_deinit
 .text.tu_edpt_stream_write_zlp_if_needed
                0x10005b88       0x6c CMakeFiles/select_path.dir/Users/cgtolley/Desktop/elsie/pico-sdk/lib/tinyusb/src/tusb.c.o
                0x10005b88                tu_edpt_stream_write_zlp_if_needed
 .text.tu_edpt_stream_write_xfer
                0x10005bf4       0x74 CMakeFiles/select_path.dir/Users/cgtolley/Desktop/elsie/pico-sdk/lib/tinyusb/src/tusb.c.o
                0x10005bf4                tu_edpt_stream_write_xfer
 .text.tu_edpt_stream_read_xfer
                0x10005c68       0xd0 CMakeFiles/select_path.dir/Users/cgtolley/Desktop/elsie/pico-sdk/lib/tinyusb/src/tusb.c.o
                0x10005c68                tu_edpt_stream_read_xfer
 .text.tu_fifo_config
                0x10005d38       0x60 CMakeFiles/select_path.dir/Users/cgtolley/Desktop/elsie/pico-sdk/lib/tinyusb/src/common/tusb_fifo.c.o
                0x10005d38                tu_fifo_config
 .text.tu_fifo_count
                0x10005d98       0x20 CMakeFiles/select_path.dir/Users/cgtolley/Desktop/elsie/pico-sdk/lib/tinyusb/src/common/tusb_fifo.c.o
                0x10005d98                tu_fifo_count
 .text.tu_fifo_empty
                0x10005db8       0x14 CMakeFiles/select_path.dir/Users/cgtolley/Desktop/elsie/pico-sdk/lib/tinyusb/src/common/tusb_fifo.c.o
                0x10005db8                tu_fifo_empty
 .text.tu_fifo_remaining
                0x10005dcc       0x24 CMakeFiles/select_path.dir/Users/cgtolley/Desktop/elsie/pico-sdk/lib/tinyusb/src/common/tusb_fifo.c.o
                0x10005dcc                tu_fifo_remaining
 .text.tu_fifo_read
                0x10005df0       0x9c CMakeFiles/select_path.dir/Users/cgtolley/Desktop/elsie/pico-sdk/lib/tinyusb/src/common/tusb_fifo.c.o
                0x10005df0                tu_fifo_read
 .text.tu_fifo_read_n
                0x10005e8c       0xe0 CMakeFiles/select_path.dir/Users/cgtolley/Desktop/elsie/pico-sdk/lib/tinyusb/src/common/tusb_fifo.c.o
                0x10005e8c                tu_fifo_read_n
 .text.tu_fifo_write
                0x10005f6c       0xa8 CMakeFiles/select_path.dir/Users/cgtolley/Desktop/elsie/pico-sdk/lib/tinyusb/src/common/tusb_fifo.c.o
                0x10005f6c                tu_fifo_write
 .text.tu_fifo_write_n
                0x10006014      0x150 CMakeFiles/select_path.dir/Users/cgtolley/Desktop/elsie/pico-sdk/lib/tinyusb/src/common/tusb_fifo.c.o
                0x10006014                tu_fifo_write_n
 .text.tu_fifo_clear
                0x10006164       0x38 CMakeFiles/select_path.dir/Users/cgtolley/Desktop/elsie/pico-sdk/lib/tinyusb/src/common/tusb_fifo.c.o
                0x10006164                tu_fifo_clear
 .text.tu_fifo_set_overwritable
                0x1000619c       0x3c CMakeFiles/select_path.dir/Users/cgtolley/Desktop/elsie/pico-sdk/lib/tinyusb/src/common/tusb_fifo.c.o
                0x1000619c                tu_fifo_set_overwritable
 .text._strtol_l.part.0
                0x100061d8      0x1d8 /Applications/ArmGNUToolchain/15.2.rel1/arm-none-eabi/bin/../lib/gcc/arm-none-eabi/15.2.1/../../../../arm-none-eabi/lib/thumb/v8-m.main+fp/softfp/libg.a(libc_a-strtol.o)
 .text.strtol   0x100063b0       0x2c /Applications/ArmGNUToolchain/15.2.rel1/arm-none-eabi/bin/../lib/gcc/arm-none-eabi/15.2.1/../../../../arm-none-eabi/lib/thumb/v8-m.main+fp/softfp/libg.a(libc_a-strtol.o)
                0x100063b0                strtol
 .text.memset   0x100063dc       0x88 /Applications/ArmGNUToolchain/15.2.rel1/arm-none-eabi/bin/../lib/gcc/arm-none-eabi/15.2.1/../../../../arm-none-eabi/lib/thumb/v8-m.main+fp/softfp/libg.a(libc_a-memset.o)
                0x100063dc                memset
 .text.__errno  0x10006464        0xc /Applications/ArmGNUToolchain/15.2.rel1/arm-none-eabi/bin/../lib/gcc/arm-none-eabi/15.2.1/../../../../arm-none-eabi/lib/thumb/v8-m.main+fp/softfp/libg.a(libc_a-errno.o)
                0x10006464                __errno
 .text          0x10006470       0xec /Applications/ArmGNUToolchain/15.2.rel1/arm-none-eabi/bin/../lib/gcc/arm-none-eabi/15.2.1/../../../../arm-none-eabi/lib/thumb/v8-m.main+fp/softfp/libg.a(libc_a-memcpy.o)
                0x10006470                memcpy
 .text.strlen   0x1000655c       0x5c /Applications/ArmGNUToolchain/15.2.rel1/arm-none-eabi/bin/../lib/gcc/arm-none-eabi/15.2.1/../../../../arm-none-eabi/lib/thumb/v8-m.main+fp/softfp/libg.a(libc_a-strlen-stub.o)
                0x1000655c                strlen
 *(.fini)
 .fini          0x100065b8        0x4 /Applications/ArmGNUToolchain/15.2.rel1/arm-none-eabi/bin/../lib/gcc/arm-none-eabi/15.2.1/thumb/v8-m.main+fp/softfp/crti.o
                0x100065b8                _fini
 *fill*         0x100065bc        0x4 
 .fini.__stub   0x100065c0       0x50 linker stubs
 *crtbegin.o(.ctors)
 *crtbegin?.o(.ctors)
 *(EXCLUDE_FILE(*crtend.o *crtend?.o) .ctors)
 *(SORT_BY_NAME(.ctors.*))
 *(.ctors)
 *crtbegin.o(.dtors)
 *crtbegin?.o(.dtors)
 *(EXCLUDE_FILE(*crtend.o *crtend?.o) .dtors)
 *(SORT_BY_NAME(.dtors.*))
 *(.dtors)
                0x10006610                        . = ALIGN (0x4)
                0x10006610                        PROVIDE (__preinit_array_start = .)
 *(SORT_BY_NAME(.preinit_array.*))
 .preinit_array.00050
                0x10006610        0x4 CMakeFiles/select_path.dir/Users/cgtolley/Desktop/elsie/pico-sdk/src/rp2_common/pico_runtime_init/runtime_init.c.o
                0x10006610                __pre_init_runtime_init_bootrom_reset
 .preinit_array.00100
                0x10006614        0x4 CMakeFiles/select_path.dir/Users/cgtolley/Desktop/elsie/pico-sdk/src/rp2_common/pico_runtime_init/runtime_init.c.o
                0x10006614                __pre_init_runtime_init_early_resets
 .preinit_array.00101
                0x10006618        0x4 CMakeFiles/select_path.dir/Users/cgtolley/Desktop/elsie/pico-sdk/src/rp2_common/pico_runtime_init/runtime_init.c.o
                0x10006618                __pre_init_runtime_init_usb_power_down
 .preinit_array.00500
                0x1000661c        0x4 CMakeFiles/select_path.dir/Users/cgtolley/Desktop/elsie/pico-sdk/src/rp2_common/pico_runtime_init/runtime_init.c.o
                0x1000661c                __pre_init_runtime_init_clocks
 .preinit_array.00600
                0x10006620        0x4 CMakeFiles/select_path.dir/Users/cgtolley/Desktop/elsie/pico-sdk/src/rp2_common/pico_runtime_init/runtime_init.c.o
                0x10006620                __pre_init_runtime_init_post_clock_resets
 .preinit_array.01000
                0x10006624        0x4 CMakeFiles/select_path.dir/Users/cgtolley/Desktop/elsie/pico-sdk/src/rp2_common/hardware_boot_lock/boot_lock.c.o
                0x10006624                __pre_init_runtime_init_boot_locks_reset
 .preinit_array.01000
                0x10006628        0x4 CMakeFiles/select_path.dir/Users/cgtolley/Desktop/elsie/pico-sdk/src/rp2_common/pico_runtime_init/runtime_init.c.o
                0x10006628                __pre_init_runtime_init_spin_locks_reset
 .preinit_array.01010
                0x1000662c        0x4 CMakeFiles/select_path.dir/Users/cgtolley/Desktop/elsie/pico-sdk/src/rp2_common/pico_bootrom/bootrom_lock.c.o
                0x1000662c                __pre_init_runtime_init_bootrom_locking_enable
 .preinit_array.01100
                0x10006630        0x4 CMakeFiles/select_path.dir/Users/cgtolley/Desktop/elsie/pico-sdk/src/common/pico_sync/mutex.c.o
                0x10006630                __pre_init_runtime_init_mutex
 .preinit_array.10080
                0x10006634        0x4 CMakeFiles/select_path.dir/Users/cgtolley/Desktop/elsie/pico-sdk/src/rp2_common/pico_runtime_init/runtime_init.c.o
                0x10006634                __pre_init_runtime_init_install_ram_vector_table
 .preinit_array.11000
                0x10006638        0x4 CMakeFiles/select_path.dir/Users/cgtolley/Desktop/elsie/pico-sdk/src/common/pico_time/time.c.o
                0x10006638                __pre_init_runtime_init_default_alarm_pool
 .preinit_array.YYYYY
                0x1000663c        0x4 CMakeFiles/select_path.dir/Users/cgtolley/Desktop/elsie/pico-sdk/src/rp2_common/pico_runtime/runtime.c.o
                0x1000663c                __pre_init_first_per_core_initializer
 .preinit_array.ZZZZZ.00051
                0x10006640        0x4 CMakeFiles/select_path.dir/Users/cgtolley/Desktop/elsie/pico-sdk/src/rp2_common/pico_runtime_init/runtime_init.c.o
                0x10006640                __pre_init_runtime_init_per_core_bootrom_reset
 .preinit_array.ZZZZZ.00200
                0x10006644        0x4 CMakeFiles/select_path.dir/Users/cgtolley/Desktop/elsie/pico-sdk/src/rp2_common/pico_runtime_init/runtime_init.c.o
                0x10006644                __pre_init_runtime_init_per_core_enable_coprocessors
 .preinit_array.ZZZZZ.01000
                0x10006648        0x4 CMakeFiles/select_path.dir/Users/cgtolley/Desktop/elsie/pico-sdk/src/rp2_common/hardware_sync_spin_lock/sync_spin_lock.c.o
                0x10006648                __pre_init_spinlock_set_extexclall
 .preinit_array.ZZZZZ.01200
                0x1000664c        0x4 CMakeFiles/select_path.dir/Users/cgtolley/Desktop/elsie/pico-sdk/src/rp2_common/hardware_irq/irq.c.o
                0x1000664c                __pre_init_runtime_init_per_core_irq_priorities
 *(.preinit_array)
                0x10006650                        PROVIDE (__preinit_array_end = .)
                0x10006650                        . = ALIGN (0x4)
                0x10006650                        PROVIDE (__init_array_start = .)
 *(SORT_BY_NAME(.init_array.*))
 *(.init_array)
 .init_array    0x10006650        0x4 /Applications/ArmGNUToolchain/15.2.rel1/arm-none-eabi/bin/../lib/gcc/arm-none-eabi/15.2.1/thumb/v8-m.main+fp/softfp/crtbegin.o
 .init_array    0x10006654        0x4 CMakeFiles/select_path.dir/Users/cgtolley/Desktop/elsie/pico-sdk/src/rp2_common/pico_unique_id/unique_id.c.o
                0x10006658                        PROVIDE (__init_array_end = .)
                0x10006658                        . = ALIGN (0x4)
                [!provide]                        PROVIDE (__fini_array_start = .)
 *(SORT_BY_NAME(.fini_array.*))
 *(.fini_array)
                [!provide]                        PROVIDE (__fini_array_end = .)
 *(.eh_frame*)
 .eh_frame      0x10006658        0x0 /Applications/ArmGNUToolchain/15.2.rel1/arm-none-eabi/bin/../lib/gcc/arm-none-eabi/15.2.1/thumb/v8-m.main+fp/softfp/crtbegin.o
                0x10006658                        . = ALIGN (0x4)

.glue_7         0x10006658        0x0
 .glue_7        0x10006658        0x0 linker stubs

.glue_7t        0x10006658        0x0
 .glue_7t       0x10006658        0x0 linker stubs

.vfp11_veneer   0x10006658        0x0
 .vfp11_veneer  0x10006658        0x0 linker stubs

.v4_bx          0x10006658        0x0
 .v4_bx         0x10006658        0x0 linker stubs

.iplt           0x10006658        0x0
 .iplt          0x10006658        0x0 /Applications/ArmGNUToolchain/15.2.rel1/arm-none-eabi/bin/../lib/gcc/arm-none-eabi/15.2.1/thumb/v8-m.main+fp/softfp/crtbegin.o

.boot2          0x10006658        0x0
                0x10006658                        __boot2_start__ = .
 *(.boot2)
                0x10006658                        __boot2_end__ = .
                0x00000001                        ASSERT (((__boot2_end__ - __boot2_start__) <= 0x100), ERROR: Pico second stage bootloader must be no more than 256 bytes in size)

.rodata         0x10006680      0x868
 *(EXCLUDE_FILE(*libm.a: *libc.a:*lib_a-mem*.o *libgcc.a:) .rodata*)
 .rodata.set_address.str1.4
                0x10006680      0x460 CMakeFiles/select_path.dir/select_path.c.o
                                 0x67 (size before relaxing)
 .rodata.main.str1.4
                0x10006ae0        0x0 CMakeFiles/select_path.dir/select_path.c.o
                                0x28a (size before relaxing)
 *fill*         0x10006ae0       0x20 
 .rodata.PATHS  0x10006b00       0x80 CMakeFiles/select_path.dir/select_path.c.o
 .rodata.panic.str1.4
                0x10006b80        0x0 CMakeFiles/select_path.dir/Users/cgtolley/Desktop/elsie/pico-sdk/src/rp2_common/pico_platform_panic/panic.c.o
                                 0x12 (size before relaxing)
 .rodata.spin_lock_claim_unused.str1.4
                0x10006b80        0x0 CMakeFiles/select_path.dir/Users/cgtolley/Desktop/elsie/pico-sdk/src/rp2_common/hardware_sync/sync.c.o
                                 0x1b (size before relaxing)
 .rodata.user_irq_claim_unused.str1.4
                0x10006b80        0x0 CMakeFiles/select_path.dir/Users/cgtolley/Desktop/elsie/pico-sdk/src/rp2_common/hardware_irq/irq.c.o
                                 0x1b (size before relaxing)
 .rodata.timer_hardware_alarm_claim.str1.4
                0x10006b80        0x0 CMakeFiles/select_path.dir/Users/cgtolley/Desktop/elsie/pico-sdk/src/rp2_common/hardware_timer/timer.c.o
                                 0x22 (size before relaxing)
 .rodata.hard_assertion_failure.str1.4
                0x10006b80        0x0 CMakeFiles/select_path.dir/Users/cgtolley/Desktop/elsie/pico-sdk/src/rp2_common/pico_runtime/runtime.c.o
                                  0xc (size before relaxing)
 .rodata.str1.4
                0x10006b80        0x0 CMakeFiles/select_path.dir/Users/cgtolley/Desktop/elsie/pico-sdk/src/rp2_common/pico_standard_binary_info/standard_binary_info.c.o
                                 0x40 (size before relaxing)
 .rodata.__bi_84
                0x10006b80        0xc CMakeFiles/select_path.dir/Users/cgtolley/Desktop/elsie/pico-sdk/src/rp2_common/pico_standard_binary_info/standard_binary_info.c.o
 .rodata.__bi_78
                0x10006b8c        0xc CMakeFiles/select_path.dir/Users/cgtolley/Desktop/elsie/pico-sdk/src/rp2_common/pico_standard_binary_info/standard_binary_info.c.o
 .rodata.__bi_54
                0x10006b98        0xc CMakeFiles/select_path.dir/Users/cgtolley/Desktop/elsie/pico-sdk/src/rp2_common/pico_standard_binary_info/standard_binary_info.c.o
 .rodata.__bi_48
                0x10006ba4        0xc CMakeFiles/select_path.dir/Users/cgtolley/Desktop/elsie/pico-sdk/src/rp2_common/pico_standard_binary_info/standard_binary_info.c.o
 .rodata.__bi_42
                0x10006bb0        0xc CMakeFiles/select_path.dir/Users/cgtolley/Desktop/elsie/pico-sdk/src/rp2_common/pico_standard_binary_info/standard_binary_info.c.o
 .rodata.__bi_34
                0x10006bbc        0xc CMakeFiles/select_path.dir/Users/cgtolley/Desktop/elsie/pico-sdk/src/rp2_common/pico_standard_binary_info/standard_binary_info.c.o
 .rodata.__bi_26
                0x10006bc8        0xc CMakeFiles/select_path.dir/Users/cgtolley/Desktop/elsie/pico-sdk/src/rp2_common/pico_standard_binary_info/standard_binary_info.c.o
 .rodata._ftoa.str1.4
                0x10006bd4        0x0 CMakeFiles/select_path.dir/Users/cgtolley/Desktop/elsie/pico-sdk/src/rp2_common/pico_printf/printf.c.o
                                 0x15 (size before relaxing)
 *fill*         0x10006bd4        0x4 
 .rodata.pow10.0
                0x10006bd8       0x50 CMakeFiles/select_path.dir/Users/cgtolley/Desktop/elsie/pico-sdk/src/rp2_common/pico_printf/printf.c.o
 .rodata.crlf_str.0
                0x10006c28        0x2 CMakeFiles/select_path.dir/Users/cgtolley/Desktop/elsie/pico-sdk/src/rp2_common/pico_stdio/stdio.c.o
 *fill*         0x10006c2a        0x2 
 .rodata._resetd_driver
                0x10006c2c       0x20 CMakeFiles/select_path.dir/Users/cgtolley/Desktop/elsie/pico-sdk/src/rp2_common/pico_stdio_usb/reset_interface.c.o
 .rodata.desc_ms_os_20
                0x10006c4c       0xa6 CMakeFiles/select_path.dir/Users/cgtolley/Desktop/elsie/pico-sdk/src/rp2_common/pico_stdio_usb/reset_interface.c.o
 *fill*         0x10006cf2        0x2 
 .rodata.desc_bos
                0x10006cf4       0x21 CMakeFiles/select_path.dir/Users/cgtolley/Desktop/elsie/pico-sdk/src/rp2_common/pico_stdio_usb/reset_interface.c.o
                0x10006cf4                desc_bos
 .rodata.str1.4
                0x10006d15        0x0 CMakeFiles/select_path.dir/Users/cgtolley/Desktop/elsie/pico-sdk/src/rp2_common/pico_stdio_usb/stdio_usb.c.o
                                 0x13 (size before relaxing)
 *fill*         0x10006d15        0x3 
 .rodata.__bi_197.0
                0x10006d18        0xc CMakeFiles/select_path.dir/Users/cgtolley/Desktop/elsie/pico-sdk/src/rp2_common/pico_stdio_usb/stdio_usb.c.o
 .rodata.str1.4
                0x10006d24        0x0 CMakeFiles/select_path.dir/Users/cgtolley/Desktop/elsie/pico-sdk/src/rp2_common/pico_stdio_usb/stdio_usb_descriptors.c.o
                                 0x2a (size before relaxing)
 .rodata.usbd_desc_str
                0x10006d24       0x18 CMakeFiles/select_path.dir/Users/cgtolley/Desktop/elsie/pico-sdk/src/rp2_common/pico_stdio_usb/stdio_usb_descriptors.c.o
 .rodata.usbd_desc_cfg
                0x10006d3c       0x54 CMakeFiles/select_path.dir/Users/cgtolley/Desktop/elsie/pico-sdk/src/rp2_common/pico_stdio_usb/stdio_usb_descriptors.c.o
 .rodata.usbd_desc_device
                0x10006d90       0x12 CMakeFiles/select_path.dir/Users/cgtolley/Desktop/elsie/pico-sdk/src/rp2_common/pico_stdio_usb/stdio_usb_descriptors.c.o
 .rodata.str1.4
                0x10006da2        0x0 CMakeFiles/select_path.dir/Users/cgtolley/Desktop/elsie/pico-sdk/lib/tinyusb/src/portable/raspberrypi/rp2040/dcd_rp2040.c.o
                                 0x14 (size before relaxing)
 .rodata.str1.4
                0x10006da2        0x0 CMakeFiles/select_path.dir/Users/cgtolley/Desktop/elsie/pico-sdk/lib/tinyusb/src/portable/raspberrypi/rp2040/rp2040_usb.c.o
                                 0x48 (size before relaxing)
 *fill*         0x10006da2        0x2 
 .rodata._usbd_driver
                0x10006da4       0x40 CMakeFiles/select_path.dir/Users/cgtolley/Desktop/elsie/pico-sdk/lib/tinyusb/src/device/usbd.c.o
 .rodata._ctype_
                0x10006de4      0x101 /Applications/ArmGNUToolchain/15.2.rel1/arm-none-eabi/bin/../lib/gcc/arm-none-eabi/15.2.1/../../../../arm-none-eabi/lib/thumb/v8-m.main+fp/softfp/libg.a(libc_a-ctype_.o)
                0x10006de4                _ctype_
 *(.srodata*)
                0x10006ee8                        . = ALIGN (0x4)
 *fill*         0x10006ee5        0x3 
 *(SORT_BY_ALIGNMENT(SORT_BY_NAME(.flashdata*)))
                0x10006ee8                        . = ALIGN (0x4)

.ARM.extab
 *(.ARM.extab* .gnu.linkonce.armextab.*)
                0x10006ee8                        __exidx_start = .

.ARM.exidx      0x10006ee8        0x8
 *(.ARM.exidx* .gnu.linkonce.armexidx.*)
 .ARM.exidx     0x10006ee8        0x8 /Applications/ArmGNUToolchain/15.2.rel1/arm-none-eabi/bin/../lib/gcc/arm-none-eabi/15.2.1/../../../../arm-none-eabi/lib/thumb/v8-m.main+fp/softfp/libg.a(libc_a-memcpy.o)
 .ARM.exidx.text.__udivmoddi4
                0x10006ef0        0x0 /Applications/ArmGNUToolchain/15.2.rel1/arm-none-eabi/bin/../lib/gcc/arm-none-eabi/15.2.1/thumb/v8-m.main+fp/softfp/libgcc.a(_udivmoddi4.o)
                                  0x8 (size before relaxing)
                0x10006ef0                        __exidx_end = .
                0x10006ef0                        . = ALIGN (0x4)
                0x10006ef0                        __binary_info_start = .

.binary_info    0x10006ef0       0x20
 *(.binary_info.keep.*)
 .binary_info.keep.__bi_ptr84
                0x10006ef0        0x4 CMakeFiles/select_path.dir/Users/cgtolley/Desktop/elsie/pico-sdk/src/rp2_common/pico_standard_binary_info/standard_binary_info.c.o
 .binary_info.keep.__bi_ptr78
                0x10006ef4        0x4 CMakeFiles/select_path.dir/Users/cgtolley/Desktop/elsie/pico-sdk/src/rp2_common/pico_standard_binary_info/standard_binary_info.c.o
 .binary_info.keep.__bi_ptr54
                0x10006ef8        0x4 CMakeFiles/select_path.dir/Users/cgtolley/Desktop/elsie/pico-sdk/src/rp2_common/pico_standard_binary_info/standard_binary_info.c.o
 .binary_info.keep.__bi_ptr48
                0x10006efc        0x4 CMakeFiles/select_path.dir/Users/cgtolley/Desktop/elsie/pico-sdk/src/rp2_common/pico_standard_binary_info/standard_binary_info.c.o
 .binary_info.keep.__bi_ptr42
                0x10006f00        0x4 CMakeFiles/select_path.dir/Users/cgtolley/Desktop/elsie/pico-sdk/src/rp2_common/pico_standard_binary_info/standard_binary_info.c.o
 .binary_info.keep.__bi_ptr34
                0x10006f04        0x4 CMakeFiles/select_path.dir/Users/cgtolley/Desktop/elsie/pico-sdk/src/rp2_common/pico_standard_binary_info/standard_binary_info.c.o
 .binary_info.keep.__bi_ptr26
                0x10006f08        0x4 CMakeFiles/select_path.dir/Users/cgtolley/Desktop/elsie/pico-sdk/src/rp2_common/pico_standard_binary_info/standard_binary_info.c.o
 *(.binary_info.*)
 .binary_info.__bi_ptr197
                0x10006f0c        0x4 CMakeFiles/select_path.dir/Users/cgtolley/Desktop/elsie/pico-sdk/src/rp2_common/pico_stdio_usb/stdio_usb.c.o
                0x10006f10                        __binary_info_end = .
                0x10006f10                        . = ALIGN (0x4)

.ram_vector_table
                0x20000000      0x110
 *(.ram_vector_table)
 .ram_vector_table
                0x20000000      0x110 CMakeFiles/select_path.dir/Users/cgtolley/Desktop/elsie/pico-sdk/src/rp2_common/pico_runtime_init/runtime_init.c.o
                0x20000000                ram_vector_table

.uninitialized_data
                0x20000110        0x0
                0x20000110                        . = ALIGN (0x4)
 *(.uninitialized_data*)

.data           0x20000110     0x12f8 load address 0x10006f10
                0x20000110                        __data_start__ = .
 *(vtable)
 *(.time_critical*)
 .time_critical.mutex_try_enter
                0x20000110       0x50 CMakeFiles/select_path.dir/Users/cgtolley/Desktop/elsie/pico-sdk/src/common/pico_sync/mutex.c.o
                0x20000110                mutex_try_enter
 .time_critical.mutex_enter_block_until
                0x20000160       0x6c CMakeFiles/select_path.dir/Users/cgtolley/Desktop/elsie/pico-sdk/src/common/pico_sync/mutex.c.o
                0x20000160                mutex_enter_block_until
 .time_critical.mutex_try_enter_block_until
                0x200001cc       0x68 CMakeFiles/select_path.dir/Users/cgtolley/Desktop/elsie/pico-sdk/src/common/pico_sync/mutex.c.o
                0x200001cc                mutex_try_enter_block_until
 .time_critical.mutex_enter_timeout_ms
                0x20000234       0x38 CMakeFiles/select_path.dir/Users/cgtolley/Desktop/elsie/pico-sdk/src/common/pico_sync/mutex.c.o
                0x20000234                mutex_enter_timeout_ms
 .time_critical.mutex_exit
                0x2000026c       0x3c CMakeFiles/select_path.dir/Users/cgtolley/Desktop/elsie/pico-sdk/src/common/pico_sync/mutex.c.o
                0x2000026c                mutex_exit
 .time_critical.reset_non_control_endpoints
                0x200002a8       0x64 CMakeFiles/select_path.dir/Users/cgtolley/Desktop/elsie/pico-sdk/lib/tinyusb/src/portable/raspberrypi/rp2040/dcd_rp2040.c.o
 .time_critical.hw_handle_buff_status
                0x2000030c       0x8c CMakeFiles/select_path.dir/Users/cgtolley/Desktop/elsie/pico-sdk/lib/tinyusb/src/portable/raspberrypi/rp2040/dcd_rp2040.c.o
 .time_critical.dcd_rp2040_irq
                0x20000398      0x514 CMakeFiles/select_path.dir/Users/cgtolley/Desktop/elsie/pico-sdk/lib/tinyusb/src/portable/raspberrypi/rp2040/dcd_rp2040.c.o
 .time_critical.prepare_ep_buffer
                0x200008ac       0xc4 CMakeFiles/select_path.dir/Users/cgtolley/Desktop/elsie/pico-sdk/lib/tinyusb/src/portable/raspberrypi/rp2040/rp2040_usb.c.o
 .time_critical.sync_ep_buffer
                0x20000970       0xb8 CMakeFiles/select_path.dir/Users/cgtolley/Desktop/elsie/pico-sdk/lib/tinyusb/src/portable/raspberrypi/rp2040/rp2040_usb.c.o
 .time_critical._hw_endpoint_xfer_sync
                0x20000a28       0x2c CMakeFiles/select_path.dir/Users/cgtolley/Desktop/elsie/pico-sdk/lib/tinyusb/src/portable/raspberrypi/rp2040/rp2040_usb.c.o
 .time_critical.e15_is_bulkin_ep
                0x20000a54       0x28 CMakeFiles/select_path.dir/Users/cgtolley/Desktop/elsie/pico-sdk/lib/tinyusb/src/portable/raspberrypi/rp2040/rp2040_usb.c.o
 .time_critical.e15_is_critical_frame_period
                0x20000a7c       0x28 CMakeFiles/select_path.dir/Users/cgtolley/Desktop/elsie/pico-sdk/lib/tinyusb/src/portable/raspberrypi/rp2040/rp2040_usb.c.o
 .time_critical.hw_endpoint_reset_transfer
                0x20000aa4        0xc CMakeFiles/select_path.dir/Users/cgtolley/Desktop/elsie/pico-sdk/lib/tinyusb/src/portable/raspberrypi/rp2040/rp2040_usb.c.o
                0x20000aa4                hw_endpoint_reset_transfer
 .time_critical._hw_endpoint_buffer_control_update32
                0x20000ab0       0x48 CMakeFiles/select_path.dir/Users/cgtolley/Desktop/elsie/pico-sdk/lib/tinyusb/src/portable/raspberrypi/rp2040/rp2040_usb.c.o
                0x20000ab0                _hw_endpoint_buffer_control_update32
 .time_critical.hw_endpoint_start_next_buffer
                0x20000af8       0x64 CMakeFiles/select_path.dir/Users/cgtolley/Desktop/elsie/pico-sdk/lib/tinyusb/src/portable/raspberrypi/rp2040/rp2040_usb.c.o
                0x20000af8                hw_endpoint_start_next_buffer
 .time_critical.hw_endpoint_xfer_continue
                0x20000b5c       0x3c CMakeFiles/select_path.dir/Users/cgtolley/Desktop/elsie/pico-sdk/lib/tinyusb/src/portable/raspberrypi/rp2040/rp2040_usb.c.o
                0x20000b5c                hw_endpoint_xfer_continue
 .time_critical.tinyusb
                0x20000b98      0x218 CMakeFiles/select_path.dir/Users/cgtolley/Desktop/elsie/pico-sdk/lib/tinyusb/src/device/usbd.c.o
                0x20000b98                dcd_event_handler
 *(.text*)
 .text          0x20000db0       0x30 /Applications/ArmGNUToolchain/15.2.rel1/arm-none-eabi/bin/../lib/gcc/arm-none-eabi/15.2.1/thumb/v8-m.main+fp/softfp/libgcc.a(_aeabi_uldivmod.o)
                0x20000db0                __aeabi_uldivmod
 .text.__udivmoddi4
                0x20000de0      0x340 /Applications/ArmGNUToolchain/15.2.rel1/arm-none-eabi/bin/../lib/gcc/arm-none-eabi/15.2.1/thumb/v8-m.main+fp/softfp/libgcc.a(_udivmoddi4.o)
                0x20000de0                __udivmoddi4
 .text          0x20001120        0x4 /Applications/ArmGNUToolchain/15.2.rel1/arm-none-eabi/bin/../lib/gcc/arm-none-eabi/15.2.1/thumb/v8-m.main+fp/softfp/libgcc.a(_dvmd_tls.o)
                0x20001120                __aeabi_ldiv0
                0x20001120                __aeabi_idiv0
 *fill*         0x20001124        0x4 
 .text.__stub   0x20001128       0x30 linker stubs
                0x20001158                        . = ALIGN (0x4)
 *(.rodata*)
                0x20001158                        . = ALIGN (0x4)
 *(.data*)
 .data.current_addr
                0x20001158        0x4 CMakeFiles/select_path.dir/select_path.c.o
 .data.striped_spin_lock_num
                0x2000115c        0x1 CMakeFiles/select_path.dir/Users/cgtolley/Desktop/elsie/pico-sdk/src/rp2_common/hardware_sync/sync.c.o
 *fill*         0x2000115d        0x3 
 .data          0x20001160       0x48 CMakeFiles/select_path.dir/Users/cgtolley/Desktop/elsie/pico-sdk/src/rp2_common/hardware_irq/irq_handler_chain.S.o
                0x20001160                irq_handler_chain_slots
                0x20001190                irq_handler_chain_first_slot
                0x2000119a                irq_handler_chain_remove_tail
 .data.default_alarm_pool
                0x200011a8       0x18 CMakeFiles/select_path.dir/Users/cgtolley/Desktop/elsie/pico-sdk/src/common/pico_time/time.c.o
 .data.stdio_usb
                0x200011c0       0x18 CMakeFiles/select_path.dir/Users/cgtolley/Desktop/elsie/pico-sdk/src/rp2_common/pico_stdio_usb/stdio_usb.c.o
                0x200011c0                stdio_usb
 .data._usbd_qdef
                0x200011d8       0x1c CMakeFiles/select_path.dir/Users/cgtolley/Desktop/elsie/pico-sdk/lib/tinyusb/src/device/usbd.c.o
                0x200011d8                _usbd_qdef
 .data._usbd_rhport
                0x200011f4        0x1 CMakeFiles/select_path.dir/Users/cgtolley/Desktop/elsie/pico-sdk/lib/tinyusb/src/device/usbd.c.o
 *fill*         0x200011f5        0x3 
 .data._impure_ptr
                0x200011f8        0x4 /Applications/ArmGNUToolchain/15.2.rel1/arm-none-eabi/bin/../lib/gcc/arm-none-eabi/15.2.1/../../../../arm-none-eabi/lib/thumb/v8-m.main+fp/softfp/libg.a(libc_a-impure.o)
                0x200011f8                _impure_ptr
 *fill*         0x200011fc        0x4 
 .data._impure_data
                0x20001200      0x200 /Applications/ArmGNUToolchain/15.2.rel1/arm-none-eabi/bin/../lib/gcc/arm-none-eabi/15.2.1/../../../../arm-none-eabi/lib/thumb/v8-m.main+fp/softfp/libg.a(libc_a-impure.o)
                0x20001200                _impure_data
 *(.sdata*)
                0x20001400                        . = ALIGN (0x4)
 *(.after_data.*)
                0x20001400                        . = ALIGN (0x4)
                0x20001400                        PROVIDE (__mutex_array_start = .)
 *(SORT_BY_NAME(.mutex_array.*))
 *(.mutex_array)
 .mutex_array   0x20001400        0x8 CMakeFiles/select_path.dir/Users/cgtolley/Desktop/elsie/pico-sdk/src/rp2_common/pico_stdio/stdio.c.o
                0x20001408                        PROVIDE (__mutex_array_end = .)
 *(.jcr)
                0x20001408                        . = ALIGN (0x4)

.tm_clone_table
                0x20001408        0x0 load address 0x10008208
 .tm_clone_table
                0x20001408        0x0 /Applications/ArmGNUToolchain/15.2.rel1/arm-none-eabi/bin/../lib/gcc/arm-none-eabi/15.2.1/thumb/v8-m.main+fp/softfp/crtbegin.o
 .tm_clone_table
                0x20001408        0x0 /Applications/ArmGNUToolchain/15.2.rel1/arm-none-eabi/bin/../lib/gcc/arm-none-eabi/15.2.1/thumb/v8-m.main+fp/softfp/crtend.o

.igot.plt       0x20001408        0x0 load address 0x10008208
 .igot.plt      0x20001408        0x0 /Applications/ArmGNUToolchain/15.2.rel1/arm-none-eabi/bin/../lib/gcc/arm-none-eabi/15.2.1/thumb/v8-m.main+fp/softfp/crtbegin.o

.tdata          0x20001408        0x0 load address 0x10008208
                0x20001408                        . = ALIGN (0x4)
 *(.tdata .tdata.* .gnu.linkonce.td.*)
                0x20001408                        __tdata_end = .
                0x20001408                        PROVIDE (__data_end__ = .)
                0x10006f10                        __etext = LOADADDR (.data)

.tbss           0x20001408        0x0 load address 0x10008208
                0x20001408                        . = ALIGN (0x4)
                0x20001408                        __bss_start__ = .
                0x20001408                        __tls_base = .
 *(.tbss .tbss.* .gnu.linkonce.tb.*)
 *(.tcommon)
                0x20001408                        __tls_end = .

.bss            0x20001408      0xd78 load address 0x10008208
                0x20001408                        . = ALIGN (0x4)
                0x20001408                        __tbss_end = .
 *(SORT_BY_ALIGNMENT(SORT_BY_NAME(.bss*)))
 .bss._cdcd_itf
                0x20001408       0xc8 CMakeFiles/select_path.dir/Users/cgtolley/Desktop/elsie/pico-sdk/lib/tinyusb/src/class/cdc/cdc_device.c.o
 .bss.default_alarm_pool_entries
                0x200014d0      0x180 CMakeFiles/select_path.dir/Users/cgtolley/Desktop/elsie/pico-sdk/src/common/pico_time/time.c.o
 .bss.last_avail_time.1
                0x20001650        0x8 CMakeFiles/select_path.dir/Users/cgtolley/Desktop/elsie/pico-sdk/src/rp2_common/pico_stdio_usb/stdio_usb.c.o
 .bss.timer.0   0x20001658       0x18 CMakeFiles/select_path.dir/select_path.c.o
 .bss.__sf      0x20001670      0x138 /Applications/ArmGNUToolchain/15.2.rel1/arm-none-eabi/bin/../lib/gcc/arm-none-eabi/15.2.1/../../../../arm-none-eabi/lib/thumb/v8-m.main+fp/softfp/libg.a(libc_a-findfp.o)
                0x20001670                __sf
 .bss._app_driver
                0x200017a8        0x4 CMakeFiles/select_path.dir/Users/cgtolley/Desktop/elsie/pico-sdk/lib/tinyusb/src/device/usbd.c.o
 .bss._cdcd_epbuf
                0x200017ac       0x80 CMakeFiles/select_path.dir/Users/cgtolley/Desktop/elsie/pico-sdk/lib/tinyusb/src/class/cdc/cdc_device.c.o
 .bss._cdcd_fifo_cfg
                0x2000182c        0x1 CMakeFiles/select_path.dir/Users/cgtolley/Desktop/elsie/pico-sdk/lib/tinyusb/src/class/cdc/cdc_device.c.o
 *fill*         0x2000182d        0x3 
 .bss._ctrl_epbuf
                0x20001830       0x40 CMakeFiles/select_path.dir/Users/cgtolley/Desktop/elsie/pico-sdk/lib/tinyusb/src/device/usbd_control.c.o
 .bss._ctrl_xfer
                0x20001870       0x14 CMakeFiles/select_path.dir/Users/cgtolley/Desktop/elsie/pico-sdk/lib/tinyusb/src/device/usbd_control.c.o
 .bss._sw_spin_locks
                0x20001884       0x20 CMakeFiles/select_path.dir/Users/cgtolley/Desktop/elsie/pico-sdk/src/rp2_common/hardware_sync_spin_lock/sync_spin_lock.c.o
                0x20001884                _sw_spin_locks
 .bss._tusb_rhport_role
                0x200018a4        0x2 CMakeFiles/select_path.dir/Users/cgtolley/Desktop/elsie/pico-sdk/lib/tinyusb/src/tusb.c.o
                0x200018a4                _tusb_rhport_role
 *fill*         0x200018a6        0x2 
 .bss._ubsd_mutexdef
                0x200018a8        0x8 CMakeFiles/select_path.dir/Users/cgtolley/Desktop/elsie/pico-sdk/lib/tinyusb/src/device/usbd.c.o
 .bss._usbd_dev
                0x200018b0       0x54 CMakeFiles/select_path.dir/Users/cgtolley/Desktop/elsie/pico-sdk/lib/tinyusb/src/device/usbd.c.o
 .bss._usbd_mutex
                0x20001904        0x4 CMakeFiles/select_path.dir/Users/cgtolley/Desktop/elsie/pico-sdk/lib/tinyusb/src/device/usbd.c.o
 .bss._usbd_q   0x20001908        0x4 CMakeFiles/select_path.dir/Users/cgtolley/Desktop/elsie/pico-sdk/lib/tinyusb/src/device/usbd.c.o
 .bss._usbd_qdef_buf
                0x2000190c       0xc0 CMakeFiles/select_path.dir/Users/cgtolley/Desktop/elsie/pico-sdk/lib/tinyusb/src/device/usbd.c.o
                0x2000190c                _usbd_qdef_buf
 .bss._vendord_epbuf
                0x200019cc       0x80 CMakeFiles/select_path.dir/Users/cgtolley/Desktop/elsie/pico-sdk/lib/tinyusb/src/class/vendor/vendor_device.c.o
 .bss._vendord_itf
                0x20001a4c      0x24c CMakeFiles/select_path.dir/Users/cgtolley/Desktop/elsie/pico-sdk/lib/tinyusb/src/class/vendor/vendor_device.c.o
 .bss.chars_available_callback
                0x20001c98        0x4 CMakeFiles/select_path.dir/Users/cgtolley/Desktop/elsie/pico-sdk/src/rp2_common/pico_stdio_usb/stdio_usb.c.o
 .bss.chars_available_param
                0x20001c9c        0x4 CMakeFiles/select_path.dir/Users/cgtolley/Desktop/elsie/pico-sdk/src/rp2_common/pico_stdio_usb/stdio_usb.c.o
 .bss.claimed   0x20001ca0        0x4 CMakeFiles/select_path.dir/Users/cgtolley/Desktop/elsie/pico-sdk/src/rp2_common/hardware_sync/sync.c.o
 .bss.claimed   0x20001ca4        0x2 CMakeFiles/select_path.dir/Users/cgtolley/Desktop/elsie/pico-sdk/src/rp2_common/hardware_timer/timer.c.o
 *fill*         0x20001ca6        0x2 
 .bss.configured_freq
                0x20001ca8       0x28 CMakeFiles/select_path.dir/Users/cgtolley/Desktop/elsie/pico-sdk/src/rp2_common/hardware_clocks/clocks.c.o
 .bss.desc_str.0
                0x20001cd0       0x28 CMakeFiles/select_path.dir/Users/cgtolley/Desktop/elsie/pico-sdk/src/rp2_common/pico_stdio_usb/stdio_usb_descriptors.c.o
 .bss.drivers   0x20001cf8        0x4 CMakeFiles/select_path.dir/Users/cgtolley/Desktop/elsie/pico-sdk/src/rp2_common/pico_stdio/stdio.c.o
 .bss.e15_last_sof
                0x20001cfc        0x4 CMakeFiles/select_path.dir/Users/cgtolley/Desktop/elsie/pico-sdk/lib/tinyusb/src/portable/raspberrypi/rp2040/rp2040_usb.c.o
                0x20001cfc                e15_last_sof
 .bss.filter    0x20001d00        0x4 CMakeFiles/select_path.dir/Users/cgtolley/Desktop/elsie/pico-sdk/src/rp2_common/pico_stdio/stdio.c.o
 .bss.hw_endpoints
                0x20001d04      0x400 CMakeFiles/select_path.dir/Users/cgtolley/Desktop/elsie/pico-sdk/lib/tinyusb/src/portable/raspberrypi/rp2040/dcd_rp2040.c.o
 .bss.lazy_vsnprintf
                0x20002104        0x4 CMakeFiles/select_path.dir/Users/cgtolley/Desktop/elsie/pico-sdk/src/rp2_common/pico_printf/printf.c.o
 .bss.load_value
                0x20002108        0x4 CMakeFiles/select_path.dir/Users/cgtolley/Desktop/elsie/pico-sdk/src/rp2_common/hardware_watchdog/watchdog.c.o
 .bss.next_buffer_ptr
                0x2000210c        0x4 CMakeFiles/select_path.dir/Users/cgtolley/Desktop/elsie/pico-sdk/lib/tinyusb/src/portable/raspberrypi/rp2040/dcd_rp2040.c.o
 .bss.object.0  0x20002110       0x18 /Applications/ArmGNUToolchain/15.2.rel1/arm-none-eabi/bin/../lib/gcc/arm-none-eabi/15.2.1/thumb/v8-m.main+fp/softfp/crtbegin.o
 .bss.one_shot_timer_crit_sec
                0x20002128        0x8 CMakeFiles/select_path.dir/Users/cgtolley/Desktop/elsie/pico-sdk/src/rp2_common/pico_stdio_usb/stdio_usb.c.o
 .bss.pools     0x20002130       0x20 CMakeFiles/select_path.dir/Users/cgtolley/Desktop/elsie/pico-sdk/src/common/pico_time/time.c.o
 .bss.retrieved_id
                0x20002150        0x8 CMakeFiles/select_path.dir/Users/cgtolley/Desktop/elsie/pico-sdk/src/rp2_common/pico_unique_id/unique_id.c.o
 .bss.sleep_notifier
                0x20002158        0x4 CMakeFiles/select_path.dir/Users/cgtolley/Desktop/elsie/pico-sdk/src/common/pico_time/time.c.o
 .bss.stdio_usb_mutex
                0x2000215c        0x8 CMakeFiles/select_path.dir/Users/cgtolley/Desktop/elsie/pico-sdk/src/rp2_common/pico_stdio_usb/stdio_usb.c.o
 .bss.usbd_serial_str
                0x20002164       0x11 CMakeFiles/select_path.dir/Users/cgtolley/Desktop/elsie/pico-sdk/src/rp2_common/pico_stdio_usb/stdio_usb_descriptors.c.o
 .bss._app_driver_count
                0x20002175        0x1 CMakeFiles/select_path.dir/Users/cgtolley/Desktop/elsie/pico-sdk/lib/tinyusb/src/device/usbd.c.o
 .bss._sof_enable
                0x20002176        0x1 CMakeFiles/select_path.dir/Users/cgtolley/Desktop/elsie/pico-sdk/lib/tinyusb/src/portable/raspberrypi/rp2040/dcd_rp2040.c.o
 .bss._usbd_queued_setup
                0x20002177        0x1 CMakeFiles/select_path.dir/Users/cgtolley/Desktop/elsie/pico-sdk/lib/tinyusb/src/device/usbd.c.o
 .bss.irq_handler_chain_free_slot_head
                0x20002178        0x1 CMakeFiles/select_path.dir/Users/cgtolley/Desktop/elsie/pico-sdk/src/rp2_common/hardware_irq/irq.c.o
 .bss.itf_num   0x20002179        0x1 CMakeFiles/select_path.dir/Users/cgtolley/Desktop/elsie/pico-sdk/src/rp2_common/pico_stdio_usb/reset_interface.c.o
 .bss.low_priority_irq_num
                0x2000217a        0x1 CMakeFiles/select_path.dir/Users/cgtolley/Desktop/elsie/pico-sdk/src/rp2_common/pico_stdio_usb/stdio_usb.c.o
 .bss.one_shot_timer_pending
                0x2000217b        0x1 CMakeFiles/select_path.dir/Users/cgtolley/Desktop/elsie/pico-sdk/src/rp2_common/pico_stdio_usb/stdio_usb.c.o
 .bss.user_irq_claimed
                0x2000217c        0x1 CMakeFiles/select_path.dir/Users/cgtolley/Desktop/elsie/pico-sdk/src/rp2_common/hardware_irq/irq.c.o
 *(COMMON)
                [!provide]                        PROVIDE (__global_pointer$ = (. + 0x800))
 *(.sbss*)
                0x20002180                        . = ALIGN (0x4)
 *fill*         0x2000217d        0x3 
                0x20002180                        __bss_end__ = .

.heap           0x20002180      0x800 load address 0x10008208
                0x20002180                        __end__ = .
                0x20002180                        end = __end__
 *(.heap*)
 .heap          0x20002180      0x800 CMakeFiles/select_path.dir/Users/cgtolley/Desktop/elsie/pico-sdk/src/rp2_common/pico_crt0/crt0.S.o
                0x20080000                        __HeapLimit = (ORIGIN (RAM) + LENGTH (RAM))

.scratch_x      0x20080000        0x0 load address 0x10008208
                0x20080000                        __scratch_x_start__ = .
 *(.scratch_x.*)
                0x20080000                        . = ALIGN (0x4)
                0x20080000                        __scratch_x_end__ = .
                0x10008208                        __scratch_x_source__ = LOADADDR (.scratch_x)

.scratch_y      0x20081000        0x0 load address 0x10008208
                0x20081000                        __scratch_y_start__ = .
 *(.scratch_y.*)
                0x20081000                        . = ALIGN (0x4)
                0x20081000                        __scratch_y_end__ = .
                0x10008208                        __scratch_y_source__ = LOADADDR (.scratch_y)

.stack1_dummy
 *(.stack1*)

.stack_dummy    0x20081000      0x800
 *(.stack*)
 .stack         0x20081000      0x800 CMakeFiles/select_path.dir/Users/cgtolley/Desktop/elsie/pico-sdk/src/rp2_common/pico_crt0/crt0.S.o

.flash_end      0x10008208       0x14
 *(.embedded_end_block*)
 .embedded_end_block
                0x10008208       0x14 CMakeFiles/select_path.dir/Users/cgtolley/Desktop/elsie/pico-sdk/src/rp2_common/pico_crt0/crt0.S.o
                0x1000821c                        PROVIDE (__flash_binary_end = .)
                0x20080000                        __StackLimit = (ORIGIN (RAM) + LENGTH (RAM))
                0x20081000                        __StackOneTop = (ORIGIN (SCRATCH_X) + LENGTH (SCRATCH_X))
                0x20082000                        __StackTop = (ORIGIN (SCRATCH_Y) + LENGTH (SCRATCH_Y))
                0x20081000                        __StackOneBottom = (__StackOneTop - SIZEOF (.stack1_dummy))
                0x20081800                        __StackBottom = (__StackTop - SIZEOF (.stack_dummy))
                0x20082000                        PROVIDE (__stack = __StackTop)
                [!provide]                        PROVIDE (__heap_start = __end__)
                [!provide]                        PROVIDE (__heap_end = __HeapLimit)
                [!provide]                        PROVIDE (__tls_align = MAX (ALIGNOF (.tdata), ALIGNOF (.tbss)))
                [!provide]                        PROVIDE (__tls_size_align = (((__tls_size + __tls_align) - 0x1) & ~ ((__tls_align - 0x1))))
                [!provide]                        PROVIDE (__arm32_tls_tcb_offset = MAX (0x8, __tls_align))
                [!provide]                        PROVIDE (_end = __end__)
                [!provide]                        PROVIDE (__llvm_libc_heap_limit = __HeapLimit)
                0x00000001                        ASSERT ((__StackLimit >= __HeapLimit), region RAM overflowed)
                0x00000001                        ASSERT (((__binary_info_header_end - __logical_binary_start) <= 0x400), Binary info must be in first 1024 bytes of the binary)
                0x00000001                        ASSERT (((__embedded_block_end - __logical_binary_start) <= 0x1000), Embedded block must be in first 4096 bytes of the binary)
LOAD CMakeFiles/select_path.dir/select_path.c.o
LOAD CMakeFiles/select_path.dir/Users/cgtolley/Desktop/elsie/pico-sdk/src/rp2_common/pico_stdlib/stdlib.c.o
LOAD CMakeFiles/select_path.dir/Users/cgtolley/Desktop/elsie/pico-sdk/src/rp2_common/hardware_gpio/gpio.c.o
LOAD CMakeFiles/select_path.dir/Users/cgtolley/Desktop/elsie/pico-sdk/src/rp2350/pico_platform/platform.c.o
LOAD CMakeFiles/select_path.dir/Users/cgtolley/Desktop/elsie/pico-sdk/src/rp2_common/pico_platform_panic/panic.c.o
LOAD CMakeFiles/select_path.dir/Users/cgtolley/Desktop/elsie/pico-sdk/src/common/hardware_claim/claim.c.o
LOAD CMakeFiles/select_path.dir/Users/cgtolley/Desktop/elsie/pico-sdk/src/rp2_common/hardware_sync/sync.c.o
LOAD CMakeFiles/select_path.dir/Users/cgtolley/Desktop/elsie/pico-sdk/src/rp2_common/hardware_sync_spin_lock/sync_spin_lock.c.o
LOAD CMakeFiles/select_path.dir/Users/cgtolley/Desktop/elsie/pico-sdk/src/rp2_common/hardware_irq/irq.c.o
LOAD CMakeFiles/select_path.dir/Users/cgtolley/Desktop/elsie/pico-sdk/src/rp2_common/hardware_irq/irq_handler_chain.S.o
LOAD CMakeFiles/select_path.dir/Users/cgtolley/Desktop/elsie/pico-sdk/src/common/pico_sync/sem.c.o
LOAD CMakeFiles/select_path.dir/Users/cgtolley/Desktop/elsie/pico-sdk/src/common/pico_sync/lock_core.c.o
LOAD CMakeFiles/select_path.dir/Users/cgtolley/Desktop/elsie/pico-sdk/src/common/pico_sync/mutex.c.o
LOAD CMakeFiles/select_path.dir/Users/cgtolley/Desktop/elsie/pico-sdk/src/common/pico_sync/critical_section.c.o
LOAD CMakeFiles/select_path.dir/Users/cgtolley/Desktop/elsie/pico-sdk/src/common/pico_time/time.c.o
LOAD CMakeFiles/select_path.dir/Users/cgtolley/Desktop/elsie/pico-sdk/src/common/pico_time/timeout_helper.c.o
LOAD CMakeFiles/select_path.dir/Users/cgtolley/Desktop/elsie/pico-sdk/src/rp2_common/hardware_timer/timer.c.o
LOAD CMakeFiles/select_path.dir/Users/cgtolley/Desktop/elsie/pico-sdk/src/common/pico_util/datetime.c.o
LOAD CMakeFiles/select_path.dir/Users/cgtolley/Desktop/elsie/pico-sdk/src/common/pico_util/pheap.c.o
LOAD CMakeFiles/select_path.dir/Users/cgtolley/Desktop/elsie/pico-sdk/src/common/pico_util/queue.c.o
LOAD CMakeFiles/select_path.dir/Users/cgtolley/Desktop/elsie/pico-sdk/src/rp2_common/hardware_uart/uart.c.o
LOAD CMakeFiles/select_path.dir/Users/cgtolley/Desktop/elsie/pico-sdk/src/rp2_common/hardware_clocks/clocks.c.o
LOAD CMakeFiles/select_path.dir/Users/cgtolley/Desktop/elsie/pico-sdk/src/rp2_common/hardware_pll/pll.c.o
LOAD CMakeFiles/select_path.dir/Users/cgtolley/Desktop/elsie/pico-sdk/src/rp2_common/hardware_vreg/vreg.c.o
LOAD CMakeFiles/select_path.dir/Users/cgtolley/Desktop/elsie/pico-sdk/src/rp2_common/hardware_watchdog/watchdog.c.o
LOAD CMakeFiles/select_path.dir/Users/cgtolley/Desktop/elsie/pico-sdk/src/rp2_common/hardware_ticks/ticks.c.o
LOAD CMakeFiles/select_path.dir/Users/cgtolley/Desktop/elsie/pico-sdk/src/rp2_common/pico_bootrom/bootrom.c.o
LOAD CMakeFiles/select_path.dir/Users/cgtolley/Desktop/elsie/pico-sdk/src/rp2_common/pico_bootrom/bootrom_lock.c.o
LOAD CMakeFiles/select_path.dir/Users/cgtolley/Desktop/elsie/pico-sdk/src/rp2_common/hardware_boot_lock/boot_lock.c.o
LOAD CMakeFiles/select_path.dir/Users/cgtolley/Desktop/elsie/pico-sdk/src/rp2_common/pico_flash/flash.c.o
LOAD CMakeFiles/select_path.dir/Users/cgtolley/Desktop/elsie/pico-sdk/src/rp2_common/hardware_xosc/xosc.c.o
LOAD CMakeFiles/select_path.dir/Users/cgtolley/Desktop/elsie/pico-sdk/src/rp2_common/hardware_divider/divider.c.o
LOAD CMakeFiles/select_path.dir/Users/cgtolley/Desktop/elsie/pico-sdk/src/rp2_common/pico_runtime/runtime.c.o
LOAD CMakeFiles/select_path.dir/Users/cgtolley/Desktop/elsie/pico-sdk/src/rp2_common/pico_runtime_init/runtime_init.c.o
LOAD CMakeFiles/select_path.dir/Users/cgtolley/Desktop/elsie/pico-sdk/src/rp2_common/pico_runtime_init/runtime_init_clocks.c.o
LOAD CMakeFiles/select_path.dir/Users/cgtolley/Desktop/elsie/pico-sdk/src/rp2_common/pico_runtime_init/runtime_init_stack_guard.c.o
LOAD CMakeFiles/select_path.dir/Users/cgtolley/Desktop/elsie/pico-sdk/src/rp2_common/pico_bit_ops/bit_ops_aeabi.S.o
LOAD CMakeFiles/select_path.dir/Users/cgtolley/Desktop/elsie/pico-sdk/src/rp2_common/pico_divider/divider_compiler.c.o
LOAD CMakeFiles/select_path.dir/Users/cgtolley/Desktop/elsie/pico-sdk/src/rp2_common/pico_double/double_math.c.o