Archive member included to satisfy reference by file (symbol)

../libat28bv64b.a(at28bv64b.c.o)
                              CMakeFiles/test_eeprom.dir/test_main.c.o (at28bv64b_init)
/Applications/ArmGNUToolchain/15.2.rel1/arm-none-eabi/bin/../lib/gcc/arm-none-eabi/15.2.1/../../../../arm-none-eabi/lib/thumb/v8-m.main+fp/softfp/libm.a(libm_a-wf_sqrt.o)
                              CMakeFiles/test_eeprom.dir/Users/cgtolley/Desktop/elsie/pico-sdk/src/rp2_common/pico_float/float_math.c.o (sqrtf)
/Applications/ArmGNUToolchain/15.2.rel1/arm-none-eabi/bin/../lib/gcc/arm-none-eabi/15.2.1/../../../../arm-none-eabi/lib/thumb/v8-m.main+fp/softfp/libm.a(libm_a-ef_sqrt.o)
                              /Applications/ArmGNUToolchain/15.2.rel1/arm-none-eabi/bin/../lib/gcc/arm-none-eabi/15.2.1/../../../../arm-none-eabi/lib/thumb/v8-m.main+fp/softfp/libm.a(libm_a-wf_sqrt.o) (__ieee754_sqrtf)
/Applications/ArmGNUToolchain/15.2.rel1/arm-none-eabi/bin/../lib/gcc/arm-none-eabi/15.2.1/thumb/v8-m.main+fp/softfp/libgcc.a(_arm_addsubdf3.o)
                              CMakeFiles/test_eeprom.dir/Users/cgtolley/Desktop/elsie/pico-sdk/src/rp2_common/pico_float/float_math.c.o (__aeabi_f2d)
/Applications/ArmGNUToolchain/15.2.rel1/arm-none-eabi/bin/../lib/gcc/arm-none-eabi/15.2.1/thumb/v8-m.main+fp/softfp/libgcc.a(_aeabi_ldivmod.o)
                              CMakeFiles/test_eeprom.dir/Users/cgtolley/Desktop/elsie/pico-sdk/src/common/pico_time/time.c.o (__aeabi_ldivmod)
/Applications/ArmGNUToolchain/15.2.rel1/arm-none-eabi/bin/../lib/gcc/arm-none-eabi/15.2.1/thumb/v8-m.main+fp/softfp/libgcc.a(_aeabi_uldivmod.o)
                              CMakeFiles/test_eeprom.dir/Users/cgtolley/Desktop/elsie/pico-sdk/src/rp2_common/hardware_clocks/clocks.c.o (__aeabi_uldivmod)
/Applications/ArmGNUToolchain/15.2.rel1/arm-none-eabi/bin/../lib/gcc/arm-none-eabi/15.2.1/thumb/v8-m.main+fp/softfp/libgcc.a(_udivmoddi4.o)
                              /Applications/ArmGNUToolchain/15.2.rel1/arm-none-eabi/bin/../lib/gcc/arm-none-eabi/15.2.1/thumb/v8-m.main+fp/softfp/libgcc.a(_aeabi_ldivmod.o) (__udivmoddi4)
/Applications/ArmGNUToolchain/15.2.rel1/arm-none-eabi/bin/../lib/gcc/arm-none-eabi/15.2.1/thumb/v8-m.main+fp/softfp/libgcc.a(_dvmd_tls.o)
                              /Applications/ArmGNUToolchain/15.2.rel1/arm-none-eabi/bin/../lib/gcc/arm-none-eabi/15.2.1/thumb/v8-m.main+fp/softfp/libgcc.a(_aeabi_ldivmod.o) (__aeabi_ldiv0)
/Applications/ArmGNUToolchain/15.2.rel1/arm-none-eabi/bin/../lib/gcc/arm-none-eabi/15.2.1/../../../../arm-none-eabi/lib/thumb/v8-m.main+fp/softfp/libg.a(libc_a-calloc.o)
                              CMakeFiles/test_eeprom.dir/Users/cgtolley/Desktop/elsie/pico-sdk/src/rp2_common/pico_malloc/malloc.c.o (calloc)
/Applications/ArmGNUToolchain/15.2.rel1/arm-none-eabi/bin/../lib/gcc/arm-none-eabi/15.2.1/../../../../arm-none-eabi/lib/thumb/v8-m.main+fp/softfp/libg.a(libc_a-callocr.o)
                              /Applications/ArmGNUToolchain/15.2.rel1/arm-none-eabi/bin/../lib/gcc/arm-none-eabi/15.2.1/../../../../arm-none-eabi/lib/thumb/v8-m.main+fp/softfp/libg.a(libc_a-calloc.o) (_calloc_r)
/Applications/ArmGNUToolchain/15.2.rel1/arm-none-eabi/bin/../lib/gcc/arm-none-eabi/15.2.1/../../../../arm-none-eabi/lib/thumb/v8-m.main+fp/softfp/libg.a(libc_a-malloc.o)
                              CMakeFiles/test_eeprom.dir/Users/cgtolley/Desktop/elsie/pico-sdk/src/rp2_common/pico_malloc/malloc.c.o (malloc)
/Applications/ArmGNUToolchain/15.2.rel1/arm-none-eabi/bin/../lib/gcc/arm-none-eabi/15.2.1/../../../../arm-none-eabi/lib/thumb/v8-m.main+fp/softfp/libg.a(libc_a-mallocr.o)
                              /Applications/ArmGNUToolchain/15.2.rel1/arm-none-eabi/bin/../lib/gcc/arm-none-eabi/15.2.1/../../../../arm-none-eabi/lib/thumb/v8-m.main+fp/softfp/libg.a(libc_a-callocr.o) (_malloc_r)
/Applications/ArmGNUToolchain/15.2.rel1/arm-none-eabi/bin/../lib/gcc/arm-none-eabi/15.2.1/../../../../arm-none-eabi/lib/thumb/v8-m.main+fp/softfp/libg.a(libc_a-mlock.o)
                              /Applications/ArmGNUToolchain/15.2.rel1/arm-none-eabi/bin/../lib/gcc/arm-none-eabi/15.2.1/../../../../arm-none-eabi/lib/thumb/v8-m.main+fp/softfp/libg.a(libc_a-mallocr.o) (__malloc_lock)
/Applications/ArmGNUToolchain/15.2.rel1/arm-none-eabi/bin/../lib/gcc/arm-none-eabi/15.2.1/../../../../arm-none-eabi/lib/thumb/v8-m.main+fp/softfp/libg.a(libc_a-realloc.o)
                              CMakeFiles/test_eeprom.dir/Users/cgtolley/Desktop/elsie/pico-sdk/src/rp2_common/pico_malloc/malloc.c.o (realloc)
/Applications/ArmGNUToolchain/15.2.rel1/arm-none-eabi/bin/../lib/gcc/arm-none-eabi/15.2.1/../../../../arm-none-eabi/lib/thumb/v8-m.main+fp/softfp/libg.a(libc_a-reallocr.o)
                              /Applications/ArmGNUToolchain/15.2.rel1/arm-none-eabi/bin/../lib/gcc/arm-none-eabi/15.2.1/../../../../arm-none-eabi/lib/thumb/v8-m.main+fp/softfp/libg.a(libc_a-realloc.o) (_realloc_r)
[...]
Memory Configuration

Name             Origin             Length             Attributes
FLASH            0x10000000         0x00400000         xr
RAM              0x20000000         0x00080000         xrw
SCRATCH_X        0x20080000         0x00001000         xrw
SCRATCH_Y        0x20081000         0x00001000         xrw
*default*        0x00000000         0xffffffff

Linker script and memory map

LOAD /Applications/ArmGNUToolchain/15.2.rel1/arm-none-eabi/bin/../lib/gcc/arm-none-eabi/15.2.1/thumb/v8-m.main+fp/softfp/crti.o
LOAD /Applications/ArmGNUToolchain/15.2.rel1/arm-none-eabi/bin/../lib/gcc/arm-none-eabi/15.2.1/thumb/v8-m.main+fp/softfp/crtbegin.o
LOAD /Applications/ArmGNUToolchain/15.2.rel1/arm-none-eabi/bin/../lib/gcc/arm-none-eabi/15.2.1/../../../../arm-none-eabi/lib/thumb/v8-m.main+fp/softfp/crt0.o

.flash_begin    0x10000000        0x0
                0x10000000                        __flash_binary_start = .

.text           0x10000000     0x7bc0
                0x10000000                        __logical_binary_start = .
 *(.vectors)
 .vectors       0x10000000      0x124 CMakeFiles/test_eeprom.dir/Users/cgtolley/Desktop/elsie/pico-sdk/src/rp2_common/pico_crt0/crt0.S.o
                0x10000000                __vectors
                0x10000000                __VECTOR_TABLE
                0x10000110                __default_isrs_start
                0x10000110                isr_invalid
                0x10000112                isr_nmi
                0x10000114                isr_hardfault
                0x10000116                isr_svcall
                0x10000118                isr_pendsv
                0x1000011a                isr_systick
                0x1000011c                isr_irq5
                0x1000011c                isr_irq11
                0x1000011c                isr_irq23
                0x1000011c                isr_irq48
                0x1000011c                isr_irq35
                0x1000011c                isr_irq18
                0x1000011c                isr_irq50
                0x1000011c                isr_irq40
                0x1000011c                isr_irq28
                0x1000011c                isr_irq19
                0x1000011c                isr_irq36
                0x1000011c                isr_irq41
                0x1000011c                isr_irq0
                0x1000011c                isr_irq6
                0x1000011c                isr_irq37
                0x1000011c                isr_irq42
                0x1000011c                isr_irq22
                0x1000011c                isr_irq17
                0x1000011c                isr_irq38
                0x1000011c                isr_irq14
                0x1000011c                isr_irq2
                0x1000011c                isr_irq10
                0x1000011c                isr_irq8
                0x1000011c                isr_irq24
                0x1000011c                isr_irq46
                0x1000011c                isr_irq1
                0x1000011c                isr_irq47
                0x1000011c                isr_irq51
                0x1000011c                isr_irq7
                0x1000011c                isr_irq21
                0x1000011c                isr_irq39
                0x1000011c                isr_irq20
                0x1000011c                isr_irq15
                0x1000011c                isr_irq25
                0x1000011c                isr_irq34
                0x1000011c                isr_irq4
                0x1000011c                isr_irq16
                0x1000011c                isr_irq44
                0x1000011c                isr_irq29
                0x1000011c                isr_irq26
                0x1000011c                __default_isrs_end
                0x1000011c                isr_irq33
                0x1000011c                isr_irq3
                0x1000011c                isr_irq9
                0x1000011c                __unhandled_user_irq
                0x1000011c                isr_irq49
                0x1000011c                isr_irq13
                0x1000011c                isr_irq43
                0x1000011c                isr_irq45
                0x1000011c                isr_irq27
                0x1000011c                isr_irq32
                0x1000011c                isr_irq31
                0x1000011c                isr_irq30
                0x1000011c                isr_irq12
                0x10000122                unhandled_user_irq_num_in_r0
 *(.binary_info_header)
 .binary_info_header
                0x10000124       0x14 CMakeFiles/test_eeprom.dir/Users/cgtolley/Desktop/elsie/pico-sdk/src/rp2_common/pico_crt0/crt0.S.o
                0x10000138                        __binary_info_header_end = .
 *(.embedded_block)
 .embedded_block
                0x10000138       0x14 CMakeFiles/test_eeprom.dir/Users/cgtolley/Desktop/elsie/pico-sdk/src/rp2_common/pico_crt0/crt0.S.o
                0x1000014c                        __embedded_block_end = .
 *(.reset)
 .reset         0x1000014c       0xa0 CMakeFiles/test_eeprom.dir/Users/cgtolley/Desktop/elsie/pico-sdk/src/rp2_common/pico_crt0/crt0.S.o
                0x1000014c                _entry_point
 *(.init)
 .init          0x100001ec        0x4 /Applications/ArmGNUToolchain/15.2.rel1/arm-none-eabi/bin/../lib/gcc/arm-none-eabi/15.2.1/thumb/v8-m.main+fp/softfp/crti.o
                0x100001ec                _init
 SORT_BY_NAME(REVERSE(*libgcc.a:cmse_nonsecure_call.o))()
 *(EXCLUDE_FILE(*libm.a: *libc.a:*lib_a-mem*.o *libgcc.a:) .text*)
 .text.register_tm_clones
                0x100001f0       0x28 /Applications/ArmGNUToolchain/15.2.rel1/arm-none-eabi/bin/../lib/gcc/arm-none-eabi/15.2.1/thumb/v8-m.main+fp/softfp/crtbegin.o
 .text.frame_dummy
                0x10000218       0x24 /Applications/ArmGNUToolchain/15.2.rel1/arm-none-eabi/bin/../lib/gcc/arm-none-eabi/15.2.1/thumb/v8-m.main+fp/softfp/crtbegin.o
 .text.led_blink_cb
                0x1000023c        0xc CMakeFiles/test_eeprom.dir/test_main.c.o
 .text.test_page_boundary
                0x10000248       0x94 CMakeFiles/test_eeprom.dir/test_main.c.o
 .text.startup.main
                0x100002dc      0x2c0 CMakeFiles/test_eeprom.dir/test_main.c.o
                0x100002dc                main
 .text.gpio_set_pulls
                0x1000059c       0x24 CMakeFiles/test_eeprom.dir/Users/cgtolley/Desktop/elsie/pico-sdk/src/rp2_common/hardware_gpio/gpio.c.o
                0x1000059c                gpio_set_pulls
 .text.gpio_init
                0x100005c0       0x4c CMakeFiles/test_eeprom.dir/Users/cgtolley/Desktop/elsie/pico-sdk/src/rp2_common/hardware_gpio/gpio.c.o
                0x100005c0                gpio_init
 .text.panic    0x1000060c       0x30 CMakeFiles/test_eeprom.dir/Users/cgtolley/Desktop/elsie/pico-sdk/src/rp2_common/pico_platform_panic/panic.c.o
                0x1000060c                panic
 .text.hw_claim_or_assert
                0x1000063c       0x58 CMakeFiles/test_eeprom.dir/Users/cgtolley/Desktop/elsie/pico-sdk/src/common/hardware_claim/claim.c.o
                0x1000063c                hw_claim_or_assert
 .text.hw_claim_unused_from_range
                0x10000694       0x84 CMakeFiles/test_eeprom.dir/Users/cgtolley/Desktop/elsie/pico-sdk/src/common/hardware_claim/claim.c.o
                0x10000694                hw_claim_unused_from_range
 .text.next_striped_spin_lock_num
                0x10000718       0x18 CMakeFiles/test_eeprom.dir/Users/cgtolley/Desktop/elsie/pico-sdk/src/rp2_common/hardware_sync/sync.c.o
                0x10000718                next_striped_spin_lock_num
 .text.spin_lock_claim_unused
                0x10000730       0x24 CMakeFiles/test_eeprom.dir/Users/cgtolley/Desktop/elsie/pico-sdk/src/rp2_common/hardware_sync/sync.c.o
                0x10000730                spin_lock_claim_unused
 .text.spinlock_set_extexclall
                0x10000754       0x10 CMakeFiles/test_eeprom.dir/Users/cgtolley/Desktop/elsie/pico-sdk/src/rp2_common/hardware_sync_spin_lock/sync_spin_lock.c.o
 .text.spin_locks_reset
                0x10000764       0x18 CMakeFiles/test_eeprom.dir/Users/cgtolley/Desktop/elsie/pico-sdk/src/rp2_common/hardware_sync_spin_lock/sync_spin_lock.c.o
                0x10000764                spin_locks_reset
 .text.runtime_init_per_core_irq_priorities
                0x1000077c       0x40 CMakeFiles/test_eeprom.dir/Users/cgtolley/Desktop/elsie/pico-sdk/src/rp2_common/hardware_irq/irq.c.o
                0x1000077c                runtime_init_per_core_irq_priorities
 .text.irq_set_enabled
                0x100007bc       0x2c CMakeFiles/test_eeprom.dir/Users/cgtolley/Desktop/elsie/pico-sdk/src/rp2_common/hardware_irq/irq.c.o
                0x100007bc                irq_set_enabled
 .text.irq_is_enabled
                0x100007e8       0x20 CMakeFiles/test_eeprom.dir/Users/cgtolley/Desktop/elsie/pico-sdk/src/rp2_common/hardware_irq/irq.c.o
                0x100007e8                irq_is_enabled
 .text.irq_set_pending
                0x10000808       0x18 CMakeFiles/test_eeprom.dir/Users/cgtolley/Desktop/elsie/pico-sdk/src/rp2_common/hardware_irq/irq.c.o
                0x10000808                irq_set_pending
 .text.irq_has_shared_handler
                0x10000820       0x20 CMakeFiles/test_eeprom.dir/Users/cgtolley/Desktop/elsie/pico-sdk/src/rp2_common/hardware_irq/irq.c.o
                0x10000820                irq_has_shared_handler
 .text.irq_set_exclusive_handler
                0x10000840       0x70 CMakeFiles/test_eeprom.dir/Users/cgtolley/Desktop/elsie/pico-sdk/src/rp2_common/hardware_irq/irq.c.o
                0x10000840                irq_set_exclusive_handler
 .text.irq_add_shared_handler
                0x100008b0      0x1f4 CMakeFiles/test_eeprom.dir/Users/cgtolley/Desktop/elsie/pico-sdk/src/rp2_common/hardware_irq/irq.c.o
                0x100008b0                irq_add_shared_handler
 .text.irq_add_tail_to_free_list
                0x10000aa4       0xcc CMakeFiles/test_eeprom.dir/Users/cgtolley/Desktop/elsie/pico-sdk/src/rp2_common/hardware_irq/irq.c.o
                0x10000aa4                irq_add_tail_to_free_list
 .text.user_irq_claim_unused
                0x10000b70       0x2c CMakeFiles/test_eeprom.dir/Users/cgtolley/Desktop/elsie/pico-sdk/src/rp2_common/hardware_irq/irq.c.o
                0x10000b70                user_irq_claim_unused
 .text.lock_init
                0x10000b9c        0xc CMakeFiles/test_eeprom.dir/Users/cgtolley/Desktop/elsie/pico-sdk/src/common/pico_sync/lock_core.c.o
                0x10000b9c                lock_init
 .text.runtime_init_mutex
                0x10000ba8       0x4c CMakeFiles/test_eeprom.dir/Users/cgtolley/Desktop/elsie/pico-sdk/src/common/pico_sync/mutex.c.o
                0x10000ba8                runtime_init_mutex
 .text.mutex_init
                0x10000bf4       0x1c CMakeFiles/test_eeprom.dir/Users/cgtolley/Desktop/elsie/pico-sdk/src/common/pico_sync/mutex.c.o
                0x10000bf4                mutex_init
 .text.critical_section_init
                0x10000c10       0x1c CMakeFiles/test_eeprom.dir/Users/cgtolley/Desktop/elsie/pico-sdk/src/common/pico_sync/critical_section.c.o
                0x10000c10                critical_section_init
 .text.critical_section_init_with_lock_num
                0x10000c2c       0x10 CMakeFiles/test_eeprom.dir/Users/cgtolley/Desktop/elsie/pico-sdk/src/common/pico_sync/critical_section.c.o
                0x10000c2c                critical_section_init_with_lock_num
 .text.sleep_until_callback
                0x10000c3c       0x3c CMakeFiles/test_eeprom.dir/Users/cgtolley/Desktop/elsie/pico-sdk/src/common/pico_time/time.c.o
 .text.alarm_pool_irq_handler
                0x10000c78      0x2ec CMakeFiles/test_eeprom.dir/Users/cgtolley/Desktop/elsie/pico-sdk/src/common/pico_time/time.c.o
 .text.runtime_init_default_alarm_pool
                0x10000f64      0x104 CMakeFiles/test_eeprom.dir/Users/cgtolley/Desktop/elsie/pico-sdk/src/common/pico_time/time.c.o
                0x10000f64                runtime_init_default_alarm_pool
 .text.alarm_pool_get_default
                0x10001068        0x8 CMakeFiles/test_eeprom.dir/Users/cgtolley/Desktop/elsie/pico-sdk/src/common/pico_time/time.c.o
                0x10001068                alarm_pool_get_default
 .text.alarm_pool_add_alarm_at
                0x10001070       0xe4 CMakeFiles/test_eeprom.dir/Users/cgtolley/Desktop/elsie/pico-sdk/src/common/pico_time/time.c.o
                0x10001070                alarm_pool_add_alarm_at
 .text.alarm_pool_add_alarm_at_force_in_context
                0x10001154       0xcc CMakeFiles/test_eeprom.dir/Users/cgtolley/Desktop/elsie/pico-sdk/src/common/pico_time/time.c.o
                0x10001154                alarm_pool_add_alarm_at_force_in_context
 .text.alarm_pool_cancel_alarm
                0x10001220       0x84 CMakeFiles/test_eeprom.dir/Users/cgtolley/Desktop/elsie/pico-sdk/src/common/pico_time/time.c.o
                0x10001220                alarm_pool_cancel_alarm
 .text.alarm_pool_core_num
                0x100012a4        0x4 CMakeFiles/test_eeprom.dir/Users/cgtolley/Desktop/elsie/pico-sdk/src/common/pico_time/time.c.o
                0x100012a4                alarm_pool_core_num
 .text.sleep_ms
                0x100012a8       0xdc CMakeFiles/test_eeprom.dir/Users/cgtolley/Desktop/elsie/pico-sdk/src/common/pico_time/time.c.o
                0x100012a8                sleep_ms
 .text.best_effort_wfe_or_timeout
                0x10001384       0xf8 CMakeFiles/test_eeprom.dir/Users/cgtolley/Desktop/elsie/pico-sdk/src/common/pico_time/time.c.o
                0x10001384                best_effort_wfe_or_timeout
 .text.alarm_pool_add_repeating_timer_us
                0x1000147c      0x120 CMakeFiles/test_eeprom.dir/Users/cgtolley/Desktop/elsie/pico-sdk/src/common/pico_time/time.c.o
                0x1000147c                alarm_pool_add_repeating_timer_us
 .text.timer_hardware_alarm_claim
                0x1000159c       0x24 CMakeFiles/test_eeprom.dir/Users/cgtolley/Desktop/elsie/pico-sdk/src/rp2_common/hardware_timer/timer.c.o
                0x1000159c                timer_hardware_alarm_claim
 .text.timer_time_us_64
                0x100015c0       0x10 CMakeFiles/test_eeprom.dir/Users/cgtolley/Desktop/elsie/pico-sdk/src/rp2_common/hardware_timer/timer.c.o
                0x100015c0                timer_time_us_64
 .text.time_us_64
                0x100015d0       0x14 CMakeFiles/test_eeprom.dir/Users/cgtolley/Desktop/elsie/pico-sdk/src/rp2_common/hardware_timer/timer.c.o
                0x100015d0                time_us_64
 .text.busy_wait_us_32
                0x100015e4       0x70 CMakeFiles/test_eeprom.dir/Users/cgtolley/Desktop/elsie/pico-sdk/src/rp2_common/hardware_timer/timer.c.o
                0x100015e4                busy_wait_us_32
 .text.busy_wait_until
                0x10001654       0x24 CMakeFiles/test_eeprom.dir/Users/cgtolley/Desktop/elsie/pico-sdk/src/rp2_common/hardware_timer/timer.c.o
                0x10001654                busy_wait_until
 .text.clock_configure_undivided
                0x10001678       0xdc CMakeFiles/test_eeprom.dir/Users/cgtolley/Desktop/elsie/pico-sdk/src/rp2_common/hardware_clocks/clocks.c.o
                0x10001678                clock_configure_undivided
 .text.clock_get_hz
                0x10001754        0xc CMakeFiles/test_eeprom.dir/Users/cgtolley/Desktop/elsie/pico-sdk/src/rp2_common/hardware_clocks/clocks.c.o
                0x10001754                clock_get_hz
 .text.pll_init
                0x10001760       0x90 CMakeFiles/test_eeprom.dir/Users/cgtolley/Desktop/elsie/pico-sdk/src/rp2_common/hardware_pll/pll.c.o
                0x10001760                pll_init
 .text.watchdog_reboot
                0x100017f0       0xac CMakeFiles/test_eeprom.dir/Users/cgtolley/Desktop/elsie/pico-sdk/src/rp2_common/hardware_watchdog/watchdog.c.o
                0x100017f0                watchdog_reboot
 .text.tick_start
                0x1000189c       0x18 CMakeFiles/test_eeprom.dir/Users/cgtolley/Desktop/elsie/pico-sdk/src/rp2_common/hardware_ticks/ticks.c.o
                0x1000189c                tick_start
 .text.rom_reboot.constprop.0.isra.0
                0x100018b4       0x38 CMakeFiles/test_eeprom.dir/Users/cgtolley/Desktop/elsie/pico-sdk/src/rp2_common/pico_bootrom/bootrom.c.o
 .text.rom_func_lookup
                0x100018ec       0x18 CMakeFiles/test_eeprom.dir/Users/cgtolley/Desktop/elsie/pico-sdk/src/rp2_common/pico_bootrom/bootrom.c.o
                0x100018ec                rom_func_lookup
 .text.rom_reset_usb_boot_extra
                0x10001904       0x1c CMakeFiles/test_eeprom.dir/Users/cgtolley/Desktop/elsie/pico-sdk/src/rp2_common/pico_bootrom/bootrom.c.o
                0x10001904                rom_reset_usb_boot_extra
 .text.runtime_init_bootrom_locking_enable
                0x10001920       0x14 CMakeFiles/test_eeprom.dir/Users/cgtolley/Desktop/elsie/pico-sdk/src/rp2_common/pico_bootrom/bootrom_lock.c.o
                0x10001920                runtime_init_bootrom_locking_enable
 .text.runtime_init_boot_locks_reset
                0x10001934       0x1c CMakeFiles/test_eeprom.dir/Users/cgtolley/Desktop/elsie/pico-sdk/src/rp2_common/hardware_boot_lock/boot_lock.c.o
                0x10001934                runtime_init_boot_locks_reset
 .text.xosc_init
                0x10001950       0x2c CMakeFiles/test_eeprom.dir/Users/cgtolley/Desktop/elsie/pico-sdk/src/rp2_common/hardware_xosc/xosc.c.o
                0x10001950                xosc_init
 .text.first_per_core_initializer
                0x1000197c        0x4 CMakeFiles/test_eeprom.dir/Users/cgtolley/Desktop/elsie/pico-sdk/src/rp2_common/pico_runtime/runtime.c.o
 .text.hard_assertion_failure
                0x10001980        0xc CMakeFiles/test_eeprom.dir/Users/cgtolley/Desktop/elsie/pico-sdk/src/rp2_common/pico_runtime/runtime.c.o
                0x10001980                hard_assertion_failure
 .text.runtime_run_initializers
                0x1000198c       0x20 CMakeFiles/test_eeprom.dir/Users/cgtolley/Desktop/elsie/pico-sdk/src/rp2_common/pico_runtime/runtime.c.o
                0x1000198c                runtime_run_initializers
 .text.runtime_init_early_resets
                0x100019ac       0x30 CMakeFiles/test_eeprom.dir/Users/cgtolley/Desktop/elsie/pico-sdk/src/rp2_common/pico_runtime_init/runtime_init.c.o
                0x100019ac                runtime_init_early_resets
 .text.runtime_init_usb_power_down
                0x100019dc       0x1c CMakeFiles/test_eeprom.dir/Users/cgtolley/Desktop/elsie/pico-sdk/src/rp2_common/pico_runtime_init/runtime_init.c.o
                0x100019dc                runtime_init_usb_power_down
 .text.runtime_init_per_core_enable_coprocessors
                0x100019f8       0x1c CMakeFiles/test_eeprom.dir/Users/cgtolley/Desktop/elsie/pico-sdk/src/rp2_common/pico_runtime_init/runtime_init.c.o
                0x100019f8                runtime_init_per_core_enable_coprocessors
 .text.runtime_init_post_clock_resets
                0x10001a14       0x20 CMakeFiles/test_eeprom.dir/Users/cgtolley/Desktop/elsie/pico-sdk/src/rp2_common/pico_runtime_init/runtime_init.c.o
                0x10001a14                runtime_init_post_clock_resets
 .text.runtime_init_bootrom_reset
                0x10001a34       0x14 CMakeFiles/test_eeprom.dir/Users/cgtolley/Desktop/elsie/pico-sdk/src/rp2_common/pico_runtime_init/runtime_init.c.o
                0x10001a34                runtime_init_bootrom_reset
 .text.runtime_init_per_core_bootrom_reset
                0x10001a48       0x14 CMakeFiles/test_eeprom.dir/Users/cgtolley/Desktop/elsie/pico-sdk/src/rp2_common/pico_runtime_init/runtime_init.c.o
                0x10001a48                runtime_init_per_core_bootrom_reset
 .text.runtime_init_spin_locks_reset
                0x10001a5c        0x4 CMakeFiles/test_eeprom.dir/Users/cgtolley/Desktop/elsie/pico-sdk/src/rp2_common/pico_runtime_init/runtime_init.c.o
                0x10001a5c                runtime_init_spin_locks_reset
 .text.runtime_init_install_ram_vector_table
                0x10001a60       0x1c CMakeFiles/test_eeprom.dir/Users/cgtolley/Desktop/elsie/pico-sdk/src/rp2_common/pico_runtime_init/runtime_init.c.o
                0x10001a60                runtime_init_install_ram_vector_table
 .text.runtime_init_clocks
                0x10001a7c       0xdc CMakeFiles/test_eeprom.dir/Users/cgtolley/Desktop/elsie/pico-sdk/src/rp2_common/pico_runtime_init/runtime_init_clocks.c.o
                0x10001a7c                runtime_init_clocks
 .text.__rp2350_dcp_engaged_state_save_restore
                0x10001b58       0x3a CMakeFiles/test_eeprom.dir/Users/cgtolley/Desktop/elsie/pico-sdk/src/rp2_common/pico_double/double_aeabi_dcp.S.o
 *fill*         0x10001b92        0x2 
 .text.__wrap___aeabi_dadd
                0x10001b94       0x28 CMakeFiles/test_eeprom.dir/Users/cgtolley/Desktop/elsie/pico-sdk/src/rp2_common/pico_double/double_aeabi_dcp.S.o
                0x10001b9c                __wrap___aeabi_dadd
 .text.__wrap___aeabi_dsub
                0x10001bbc       0x28 CMakeFiles/test_eeprom.dir/Users/cgtolley/Desktop/elsie/pico-sdk/src/rp2_common/pico_double/double_aeabi_dcp.S.o
                0x10001bc4                __wrap___aeabi_dsub
 .text.__wrap___aeabi_dmul
                0x10001be4       0x4c CMakeFiles/test_eeprom.dir/Users/cgtolley/Desktop/elsie/pico-sdk/src/rp2_common/pico_double/double_aeabi_dcp.S.o
                0x10001bec                __wrap___aeabi_dmul
 .text.__wrap___aeabi_ddiv
                0x10001c30       0x9c CMakeFiles/test_eeprom.dir/Users/cgtolley/Desktop/elsie/pico-sdk/src/rp2_common/pico_double/double_aeabi_dcp.S.o
                0x10001c38                __wrap___aeabi_ddiv
 .text.__wrap___aeabi_i2d
                0x10001ccc       0x24 CMakeFiles/test_eeprom.dir/Users/cgtolley/Desktop/elsie/pico-sdk/src/rp2_common/pico_double/double_aeabi_dcp.S.o
                0x10001cd4                __wrap___aeabi_i2d
                0x10001cd4                int2double
 .text.__wrap___aeabi_ui2d
                0x10001cf0       0x24 CMakeFiles/test_eeprom.dir/Users/cgtolley/Desktop/elsie/pico-sdk/src/rp2_common/pico_double/double_aeabi_dcp.S.o
                0x10001cf8                __wrap___aeabi_ui2d
                0x10001cf8                uint2double
 .text.__wrap___aeabi_d2iz
                0x10001d14       0x24 CMakeFiles/test_eeprom.dir/Users/cgtolley/Desktop/elsie/pico-sdk/src/rp2_common/pico_double/double_aeabi_dcp.S.o
                0x10001d1c                __wrap___aeabi_d2iz
                0x10001d1c                double2int_z
 .text.__wrap___aeabi_d2uiz
                0x10001d38       0x24 CMakeFiles/test_eeprom.dir/Users/cgtolley/Desktop/elsie/pico-sdk/src/rp2_common/pico_double/double_aeabi_dcp.S.o
                0x10001d40                double2uint_z
                0x10001d40                double2uint
                0x10001d40                __wrap___aeabi_d2uiz
 .text.__wrap___aeabi_dcmpun
                0x10001d5c       0x24 CMakeFiles/test_eeprom.dir/Users/cgtolley/Desktop/elsie/pico-sdk/src/rp2_common/pico_double/double_aeabi_dcp.S.o
                0x10001d64                __wrap___aeabi_dcmpun
 .text.__wrap___aeabi_dcmplt
                0x10001d80       0x28 CMakeFiles/test_eeprom.dir/Users/cgtolley/Desktop/elsie/pico-sdk/src/rp2_common/pico_double/double_aeabi_dcp.S.o
                0x10001d88                __wrap___aeabi_dcmplt
 .text.__wrap___aeabi_dcmple
                0x10001da8       0x28 CMakeFiles/test_eeprom.dir/Users/cgtolley/Desktop/elsie/pico-sdk/src/rp2_common/pico_double/double_aeabi_dcp.S.o
                0x10001db0                __wrap___aeabi_dcmple
 .text.__wrap___aeabi_dcmpge
                0x10001dd0       0x28 CMakeFiles/test_eeprom.dir/Users/cgtolley/Desktop/elsie/pico-sdk/src/rp2_common/pico_double/double_aeabi_dcp.S.o
                0x10001dd8                __wrap___aeabi_dcmpge
 .text.__wrap___aeabi_dcmpgt
                0x10001df8       0x28 CMakeFiles/test_eeprom.dir/Users/cgtolley/Desktop/elsie/pico-sdk/src/rp2_common/pico_double/double_aeabi_dcp.S.o
                0x10001e00                __wrap___aeabi_dcmpgt
 .text._out_null
                0x10001e20        0x4 CMakeFiles/test_eeprom.dir/Users/cgtolley/Desktop/elsie/pico-sdk/src/rp2_common/pico_printf/printf.c.o
 .text._out_rev
                0x10001e24       0xa8 CMakeFiles/test_eeprom.dir/Users/cgtolley/Desktop/elsie/pico-sdk/src/rp2_common/pico_printf/printf.c.o
 .text._ntoa_format
                0x10001ecc      0x1dc CMakeFiles/test_eeprom.dir/Users/cgtolley/Desktop/elsie/pico-sdk/src/rp2_common/pico_printf/printf.c.o
 .text._out_char
                0x100020a8        0x8 CMakeFiles/test_eeprom.dir/Users/cgtolley/Desktop/elsie/pico-sdk/src/rp2_common/pico_printf/printf.c.o
 .text._out_fct
                0x100020b0        0xc CMakeFiles/test_eeprom.dir/Users/cgtolley/Desktop/elsie/pico-sdk/src/rp2_common/pico_printf/printf.c.o
 *fill*         0x100020bc        0x4 
 .text._ftoa    0x100020c0      0x494 CMakeFiles/test_eeprom.dir/Users/cgtolley/Desktop/elsie/pico-sdk/src/rp2_common/pico_printf/printf.c.o
 *fill*         0x10002554        0x4 
 .text._etoa    0x10002558      0x584 CMakeFiles/test_eeprom.dir/Users/cgtolley/Desktop/elsie/pico-sdk/src/rp2_common/pico_printf/printf.c.o
 .text._vsnprintf
                0x10002adc      0x9d8 CMakeFiles/test_eeprom.dir/Users/cgtolley/Desktop/elsie/pico-sdk/src/rp2_common/pico_printf/printf.c.o
 .text.vfctprintf
                0x100034b4       0x24 CMakeFiles/test_eeprom.dir/Users/cgtolley/Desktop/elsie/pico-sdk/src/rp2_common/pico_printf/printf.c.o
                0x100034b4                vfctprintf
 .text.weak_raw_vprintf
                0x100034d8       0x30 CMakeFiles/test_eeprom.dir/Users/cgtolley/Desktop/elsie/pico-sdk/src/rp2_common/pico_printf/printf.c.o
                0x100034d8                weak_raw_vprintf
 .text._exit    0x10003508        0x4 CMakeFiles/test_eeprom.dir/Users/cgtolley/Desktop/elsie/pico-sdk/src/rp2_common/pico_clib_interface/newlib_interface.c.o
                0x10003508                _exit
 .text.exit     0x1000350c        0x8 CMakeFiles/test_eeprom.dir/Users/cgtolley/Desktop/elsie/pico-sdk/src/rp2_common/pico_clib_interface/newlib_interface.c.o
                0x1000350c                exit
 .text.runtime_init
                0x10003514       0x24 CMakeFiles/test_eeprom.dir/Users/cgtolley/Desktop/elsie/pico-sdk/src/rp2_common/pico_clib_interface/newlib_interface.c.o
                0x10003514                runtime_init
 .text.stdio_out_chars_no_crlf
                0x10003538        0x8 CMakeFiles/test_eeprom.dir/Users/cgtolley/Desktop/elsie/pico-sdk/src/rp2_common/pico_stdio/stdio.c.o
 .text.stdio_out_chars_crlf
                0x10003540       0xc0 CMakeFiles/test_eeprom.dir/Users/cgtolley/Desktop/elsie/pico-sdk/src/rp2_common/pico_stdio/stdio.c.o
 .text.stdio_buffered_printer
                0x10003600       0x5c CMakeFiles/test_eeprom.dir/Users/cgtolley/Desktop/elsie/pico-sdk/src/rp2_common/pico_stdio/stdio.c.o
 .text.stdio_put_string
                0x1000365c       0xec CMakeFiles/test_eeprom.dir/Users/cgtolley/Desktop/elsie/pico-sdk/src/rp2_common/pico_stdio/stdio.c.o
                0x1000365c                stdio_put_string
 .text.stdio_set_driver_enabled
                0x10003748       0x28 CMakeFiles/test_eeprom.dir/Users/cgtolley/Desktop/elsie/pico-sdk/src/rp2_common/pico_stdio/stdio.c.o
                0x10003748                stdio_set_driver_enabled
 .text.stdio_init_all
                0x10003770        0x4 CMakeFiles/test_eeprom.dir/Users/cgtolley/Desktop/elsie/pico-sdk/src/rp2_common/pico_stdio/stdio.c.o
                0x10003770                stdio_init_all
 .text.__wrap_putchar
                0x10003774       0x84 CMakeFiles/test_eeprom.dir/Users/cgtolley/Desktop/elsie/pico-sdk/src/rp2_common/pico_stdio/stdio.c.o
                0x10003774                stdio_putchar
                0x10003774                __wrap_putchar
 .text.__wrap_puts
                0x100037f8       0x3c CMakeFiles/test_eeprom.dir/Users/cgtolley/Desktop/elsie/pico-sdk/src/rp2_common/pico_stdio/stdio.c.o
                0x100037f8                __wrap_puts
                0x100037f8                stdio_puts
 .text.__wrap_vprintf
                0x10003834       0xc0 CMakeFiles/test_eeprom.dir/Users/cgtolley/Desktop/elsie/pico-sdk/src/rp2_common/pico_stdio/stdio.c.o
                0x10003834                __wrap_vprintf
                0x10003834                stdio_vprintf
 .text.__wrap_printf
                0x100038f4       0x1c CMakeFiles/test_eeprom.dir/Users/cgtolley/Desktop/elsie/pico-sdk/src/rp2_common/pico_stdio/stdio.c.o
                0x100038f4                stdio_printf
                0x100038f4                __wrap_printf
 .text.resetd_init
                0x10003910        0x4 CMakeFiles/test_eeprom.dir/Users/cgtolley/Desktop/elsie/pico-sdk/src/rp2_common/pico_stdio_usb/reset_interface.c.o
 .text.resetd_reset
                0x10003914        0xc CMakeFiles/test_eeprom.dir/Users/cgtolley/Desktop/elsie/pico-sdk/src/rp2_common/pico_stdio_usb/reset_interface.c.o
 .text.resetd_open
                0x10003920       0x28 CMakeFiles/test_eeprom.dir/Users/cgtolley/Desktop/elsie/pico-sdk/src/rp2_common/pico_stdio_usb/reset_interface.c.o
 .text.resetd_xfer_cb
                0x10003948        0x4 CMakeFiles/test_eeprom.dir/Users/cgtolley/Desktop/elsie/pico-sdk/src/rp2_common/pico_stdio_usb/reset_interface.c.o
 .text.resetd_control_xfer_cb
                0x1000394c       0x50 CMakeFiles/test_eeprom.dir/Users/cgtolley/Desktop/elsie/pico-sdk/src/rp2_common/pico_stdio_usb/reset_interface.c.o
 .text.tud_descriptor_bos_cb
                0x1000399c        0x8 CMakeFiles/test_eeprom.dir/Users/cgtolley/Desktop/elsie/pico-sdk/src/rp2_common/pico_stdio_usb/reset_interface.c.o
                0x1000399c                tud_descriptor_bos_cb
 .text.tud_vendor_control_xfer_cb
                0x100039a4       0x28 CMakeFiles/test_eeprom.dir/Users/cgtolley/Desktop/elsie/pico-sdk/src/rp2_common/pico_stdio_usb/reset_interface.c.o
                0x100039a4                tud_vendor_control_xfer_cb
 .text.usbd_app_driver_get_cb
                0x100039cc       0x10 CMakeFiles/test_eeprom.dir/Users/cgtolley/Desktop/elsie/pico-sdk/src/rp2_common/pico_stdio_usb/reset_interface.c.o
                0x100039cc                usbd_app_driver_get_cb
 .text.tud_cdc_line_coding_cb
                0x100039dc       0x18 CMakeFiles/test_eeprom.dir/Users/cgtolley/Desktop/elsie/pico-sdk/src/rp2_common/pico_stdio_usb/reset_interface.c.o
                0x100039dc                tud_cdc_line_coding_cb
 .text.stdio_usb_set_chars_available_callback
                0x100039f4       0x14 CMakeFiles/test_eeprom.dir/Users/cgtolley/Desktop/elsie/pico-sdk/src/rp2_common/pico_stdio_usb/stdio_usb.c.o
                0x100039f4                stdio_usb_set_chars_available_callback
 .text.timer_task
                0x10003a08       0x70 CMakeFiles/test_eeprom.dir/Users/cgtolley/Desktop/elsie/pico-sdk/src/rp2_common/pico_stdio_usb/stdio_usb.c.o
 .text.usb_irq  0x10003a78        0xc CMakeFiles/test_eeprom.dir/Users/cgtolley/Desktop/elsie/pico-sdk/src/rp2_common/pico_stdio_usb/stdio_usb.c.o
 .text.stdio_usb_in_chars
                0x10003a84       0x88 CMakeFiles/test_eeprom.dir/Users/cgtolley/Desktop/elsie/pico-sdk/src/rp2_common/pico_stdio_usb/stdio_usb.c.o
                0x10003a84                stdio_usb_in_chars
 .text.stdio_usb_out_flush
                0x10003b0c       0x54 CMakeFiles/test_eeprom.dir/Users/cgtolley/Desktop/elsie/pico-sdk/src/rp2_common/pico_stdio_usb/stdio_usb.c.o
 .text.stdio_usb_out_chars
                0x10003b60       0xf0 CMakeFiles/test_eeprom.dir/Users/cgtolley/Desktop/elsie/pico-sdk/src/rp2_common/pico_stdio_usb/stdio_usb.c.o
 .text.low_priority_worker_irq
                0x10003c50       0xe8 CMakeFiles/test_eeprom.dir/Users/cgtolley/Desktop/elsie/pico-sdk/src/rp2_common/pico_stdio_usb/stdio_usb.c.o
 .text.stdio_usb_init
                0x10003d38       0xf0 CMakeFiles/test_eeprom.dir/Users/cgtolley/Desktop/elsie/pico-sdk/src/rp2_common/pico_stdio_usb/stdio_usb.c.o
                0x10003d38                stdio_usb_init
 .text.tud_descriptor_device_cb
                0x10003e28        0x8 CMakeFiles/test_eeprom.dir/Users/cgtolley/Desktop/elsie/pico-sdk/src/rp2_common/pico_stdio_usb/stdio_usb_descriptors.c.o
                0x10003e28                tud_descriptor_device_cb
 .text.tud_descriptor_configuration_cb
                0x10003e30        0x8 CMakeFiles/test_eeprom.dir/Users/cgtolley/Desktop/elsie/pico-sdk/src/rp2_common/pico_stdio_usb/stdio_usb_descriptors.c.o
                0x10003e30                tud_descriptor_configuration_cb
 .text.tud_descriptor_string_cb
                0x10003e38       0x80 CMakeFiles/test_eeprom.dir/Users/cgtolley/Desktop/elsie/pico-sdk/src/rp2_common/pico_stdio_usb/stdio_usb_descriptors.c.o
                0x10003e38                tud_descriptor_string_cb
 .text.startup._retrieve_unique_id_on_boot
                0x10003eb8       0x2c CMakeFiles/test_eeprom.dir/Users/cgtolley/Desktop/elsie/pico-sdk/src/rp2_common/pico_unique_id/unique_id.c.o
 .text.pico_get_unique_board_id_string
                0x10003ee4      0x190 CMakeFiles/test_eeprom.dir/Users/cgtolley/Desktop/elsie/pico-sdk/src/rp2_common/pico_unique_id/unique_id.c.o
                0x10003ee4                pico_get_unique_board_id_string
 .text.dcd_init
                0x10004074       0x9c CMakeFiles/test_eeprom.dir/Users/cgtolley/Desktop/elsie/pico-sdk/lib/tinyusb/src/portable/raspberrypi/rp2040/dcd_rp2040.c.o
                0x10004074                dcd_init
 .text.dcd_int_enable
                0x10004110        0x8 CMakeFiles/test_eeprom.dir/Users/cgtolley/Desktop/elsie/pico-sdk/lib/tinyusb/src/portable/raspberrypi/rp2040/dcd_rp2040.c.o
                0x10004110                dcd_int_enable
 .text.dcd_set_address
                0x10004118       0x10 CMakeFiles/test_eeprom.dir/Users/cgtolley/Desktop/elsie/pico-sdk/lib/tinyusb/src/portable/raspberrypi/rp2040/dcd_rp2040.c.o
                0x10004118                dcd_set_address
 .text.dcd_sof_enable
                0x10004128       0x1c CMakeFiles/test_eeprom.dir/Users/cgtolley/Desktop/elsie/pico-sdk/lib/tinyusb/src/portable/raspberrypi/rp2040/dcd_rp2040.c.o
                0x10004128                dcd_sof_enable
 .text.dcd_edpt0_status_complete
                0x10004144       0x1c CMakeFiles/test_eeprom.dir/Users/cgtolley/Desktop/elsie/pico-sdk/lib/tinyusb/src/portable/raspberrypi/rp2040/dcd_rp2040.c.o
                0x10004144                dcd_edpt0_status_complete
 .text.dcd_edpt_open
                0x10004160      0x10c CMakeFiles/test_eeprom.dir/Users/cgtolley/Desktop/elsie/pico-sdk/lib/tinyusb/src/portable/raspberrypi/rp2040/dcd_rp2040.c.o
                0x10004160                dcd_edpt_open
 .text.dcd_edpt_close_all
                0x1000426c        0x4 CMakeFiles/test_eeprom.dir/Users/cgtolley/Desktop/elsie/pico-sdk/lib/tinyusb/src/portable/raspberrypi/rp2040/dcd_rp2040.c.o
                0x1000426c                dcd_edpt_close_all
 .text.dcd_edpt_xfer
                0x10004270       0x28 CMakeFiles/test_eeprom.dir/Users/cgtolley/Desktop/elsie/pico-sdk/lib/tinyusb/src/portable/raspberrypi/rp2040/dcd_rp2040.c.o
                0x10004270                dcd_edpt_xfer
 .text.dcd_edpt_stall
                0x10004298       0x30 CMakeFiles/test_eeprom.dir/Users/cgtolley/Desktop/elsie/pico-sdk/lib/tinyusb/src/portable/raspberrypi/rp2040/dcd_rp2040.c.o
                0x10004298                dcd_edpt_stall
 .text.dcd_edpt_clear_stall
                0x100042c8       0x24 CMakeFiles/test_eeprom.dir/Users/cgtolley/Desktop/elsie/pico-sdk/lib/tinyusb/src/portable/raspberrypi/rp2040/dcd_rp2040.c.o
                0x100042c8                dcd_edpt_clear_stall
 .text.rp2040_usb_init
                0x100042ec       0x40 CMakeFiles/test_eeprom.dir/Users/cgtolley/Desktop/elsie/pico-sdk/lib/tinyusb/src/portable/raspberrypi/rp2040/rp2040_usb.c.o
                0x100042ec                rp2040_usb_init
 .text.hw_endpoint_xfer_start
                0x1000432c       0x40 CMakeFiles/test_eeprom.dir/Users/cgtolley/Desktop/elsie/pico-sdk/lib/tinyusb/src/portable/raspberrypi/rp2040/rp2040_usb.c.o
                0x1000432c                hw_endpoint_xfer_start
 .text.configuration_reset
                0x1000436c       0x8c CMakeFiles/test_eeprom.dir/Users/cgtolley/Desktop/elsie/pico-sdk/lib/tinyusb/src/device/usbd.c.o
 .text.tud_event_hook_cb
                0x100043f8        0x4 CMakeFiles/test_eeprom.dir/Users/cgtolley/Desktop/elsie/pico-sdk/lib/tinyusb/src/device/usbd.c.o
                0x100043f8                tud_event_hook_cb
 .text.tud_sof_cb
                0x100043fc        0x4 CMakeFiles/test_eeprom.dir/Users/cgtolley/Desktop/elsie/pico-sdk/lib/tinyusb/src/device/usbd.c.o
                0x100043fc                tud_sof_cb
 .text.tud_descriptor_device_qualifier_cb
                0x10004400        0x4 CMakeFiles/test_eeprom.dir/Users/cgtolley/Desktop/elsie/pico-sdk/lib/tinyusb/src/device/usbd.c.o
                0x10004400                tud_descriptor_device_qualifier_cb
 .text.tud_descriptor_other_speed_configuration_cb
                0x10004404        0x4 CMakeFiles/test_eeprom.dir/Users/cgtolley/Desktop/elsie/pico-sdk/lib/tinyusb/src/device/usbd.c.o
                0x10004404                tud_descriptor_other_speed_configuration_cb
 .text.tud_mount_cb
                0x10004408        0x4 CMakeFiles/test_eeprom.dir/Users/cgtolley/Desktop/elsie/pico-sdk/lib/tinyusb/src/device/usbd.c.o
                0x10004408                tud_mount_cb
 .text.tud_umount_cb
                0x1000440c        0x4 CMakeFiles/test_eeprom.dir/Users/cgtolley/Desktop/elsie/pico-sdk/lib/tinyusb/src/device/usbd.c.o
                0x1000440c                tud_umount_cb
 .text.tud_suspend_cb
                0x10004410        0x4 CMakeFiles/test_eeprom.dir/Users/cgtolley/Desktop/elsie/pico-sdk/lib/tinyusb/src/device/usbd.c.o
                0x10004410                tud_suspend_cb
 .text.tud_resume_cb
                0x10004414        0x4 CMakeFiles/test_eeprom.dir/Users/cgtolley/Desktop/elsie/pico-sdk/lib/tinyusb/src/device/usbd.c.o
                0x10004414                tud_resume_cb
 .text.tud_mounted
                0x10004418       0x10 CMakeFiles/test_eeprom.dir/Users/cgtolley/Desktop/elsie/pico-sdk/lib/tinyusb/src/device/usbd.c.o
                0x10004418                tud_mounted
 .text.tud_suspended
                0x10004428       0x10 CMakeFiles/test_eeprom.dir/Users/cgtolley/Desktop/elsie/pico-sdk/lib/tinyusb/src/device/usbd.c.o
                0x10004428                tud_suspended
 .text.tud_rhport_init
                0x10004438       0xf0 CMakeFiles/test_eeprom.dir/Users/cgtolley/Desktop/elsie/pico-sdk/lib/tinyusb/src/device/usbd.c.o
                0x10004438                tud_rhport_init
 .text.tud_task_ext
                0x10004528      0x7cc CMakeFiles/test_eeprom.dir/Users/cgtolley/Desktop/elsie/pico-sdk/lib/tinyusb/src/device/usbd.c.o
                0x10004528                tud_task_ext
 .text.usbd_open_edpt_pair
                0x10004cf4       0xa0 CMakeFiles/test_eeprom.dir/Users/cgtolley/Desktop/elsie/pico-sdk/lib/tinyusb/src/device/usbd.c.o
                0x10004cf4                usbd_open_edpt_pair
 .text.usbd_edpt_open
                0x10004d94       0x5c CMakeFiles/test_eeprom.dir/Users/cgtolley/Desktop/elsie/pico-sdk/lib/tinyusb/src/device/usbd.c.o
                0x10004d94                usbd_edpt_open
 .text.usbd_edpt_claim
                0x10004df0       0x24 CMakeFiles/test_eeprom.dir/Users/cgtolley/Desktop/elsie/pico-sdk/lib/tinyusb/src/device/usbd.c.o
                0x10004df0                usbd_edpt_claim
 .text.usbd_edpt_release
                0x10004e14       0x24 CMakeFiles/test_eeprom.dir/Users/cgtolley/Desktop/elsie/pico-sdk/lib/tinyusb/src/device/usbd.c.o
                0x10004e14                usbd_edpt_release
 .text.usbd_edpt_xfer
                0x10004e38       0x70 CMakeFiles/test_eeprom.dir/Users/cgtolley/Desktop/elsie/pico-sdk/lib/tinyusb/src/device/usbd.c.o
                0x10004e38                usbd_edpt_xfer
 .text.tud_control_status
                0x10004ea8       0x38 CMakeFiles/test_eeprom.dir/Users/cgtolley/Desktop/elsie/pico-sdk/lib/tinyusb/src/device/usbd_control.c.o
                0x10004ea8                tud_control_status
 .text.tud_control_xfer
                0x10004ee0       0xb4 CMakeFiles/test_eeprom.dir/Users/cgtolley/Desktop/elsie/pico-sdk/lib/tinyusb/src/device/usbd_control.c.o
                0x10004ee0                tud_control_xfer
 .text.usbd_control_reset
                0x10004f94       0x14 CMakeFiles/test_eeprom.dir/Users/cgtolley/Desktop/elsie/pico-sdk/lib/tinyusb/src/device/usbd_control.c.o
                0x10004f94                usbd_control_reset
 .text.usbd_control_set_complete_callback
                0x10004fa8        0xc CMakeFiles/test_eeprom.dir/Users/cgtolley/Desktop/elsie/pico-sdk/lib/tinyusb/src/device/usbd_control.c.o
                0x10004fa8                usbd_control_set_complete_callback
 .text.usbd_control_set_request
                0x10004fb4       0x1c CMakeFiles/test_eeprom.dir/Users/cgtolley/Desktop/elsie/pico-sdk/lib/tinyusb/src/device/usbd_control.c.o
                0x10004fb4                usbd_control_set_request
 .text.usbd_control_xfer_cb
                0x10004fd0      0x104 CMakeFiles/test_eeprom.dir/Users/cgtolley/Desktop/elsie/pico-sdk/lib/tinyusb/src/device/usbd_control.c.o
                0x10004fd0                usbd_control_xfer_cb
 .text._prep_out_transaction.isra.0
                0x100050d4       0x80 CMakeFiles/test_eeprom.dir/Users/cgtolley/Desktop/elsie/pico-sdk/lib/tinyusb/src/class/cdc/cdc_device.c.o
 .text.tud_cdc_n_connected
                0x10005154       0x2c CMakeFiles/test_eeprom.dir/Users/cgtolley/Desktop/elsie/pico-sdk/lib/tinyusb/src/class/cdc/cdc_device.c.o
                0x10005154                tud_cdc_n_connected
 .text.tud_cdc_n_available
                0x10005180       0x14 CMakeFiles/test_eeprom.dir/Users/cgtolley/Desktop/elsie/pico-sdk/lib/tinyusb/src/class/cdc/cdc_device.c.o
                0x10005180                tud_cdc_n_available
 .text.tud_cdc_n_read
                0x10005194       0x8c CMakeFiles/test_eeprom.dir/Users/cgtolley/Desktop/elsie/pico-sdk/lib/tinyusb/src/class/cdc/cdc_device.c.o
                0x10005194                tud_cdc_n_read
 .text.tud_cdc_n_write_flush
                0x10005220       0x94 CMakeFiles/test_eeprom.dir/Users/cgtolley/Desktop/elsie/pico-sdk/lib/tinyusb/src/class/cdc/cdc_device.c.o
                0x10005220                tud_cdc_n_write_flush
 .text.tud_cdc_n_write
                0x100052b4       0x3c CMakeFiles/test_eeprom.dir/Users/cgtolley/Desktop/elsie/pico-sdk/lib/tinyusb/src/class/cdc/cdc_device.c.o
                0x100052b4                tud_cdc_n_write
 .text.tud_cdc_n_write_available
                0x100052f0       0x14 CMakeFiles/test_eeprom.dir/Users/cgtolley/Desktop/elsie/pico-sdk/lib/tinyusb/src/class/cdc/cdc_device.c.o
                0x100052f0                tud_cdc_n_write_available
 .text.cdcd_init
                0x10005304       0x74 CMakeFiles/test_eeprom.dir/Users/cgtolley/Desktop/elsie/pico-sdk/lib/tinyusb/src/class/cdc/cdc_device.c.o
                0x10005304                cdcd_init
 .text.cdcd_deinit
                0x10005378       0x30 CMakeFiles/test_eeprom.dir/Users/cgtolley/Desktop/elsie/pico-sdk/lib/tinyusb/src/class/cdc/cdc_device.c.o
                0x10005378                cdcd_deinit
 .text.cdcd_reset
                0x100053a8       0x50 CMakeFiles/test_eeprom.dir/Users/cgtolley/Desktop/elsie/pico-sdk/lib/tinyusb/src/class/cdc/cdc_device.c.o
                0x100053a8                cdcd_reset
 .text.cdcd_open
                0x100053f8       0xd0 CMakeFiles/test_eeprom.dir/Users/cgtolley/Desktop/elsie/pico-sdk/lib/tinyusb/src/class/cdc/cdc_device.c.o
                0x100053f8                cdcd_open
 .text.cdcd_control_xfer_cb
                0x100054c8       0xd0 CMakeFiles/test_eeprom.dir/Users/cgtolley/Desktop/elsie/pico-sdk/lib/tinyusb/src/class/cdc/cdc_device.c.o
                0x100054c8                cdcd_control_xfer_cb
 .text.cdcd_xfer_cb
                0x10005598       0xf8 CMakeFiles/test_eeprom.dir/Users/cgtolley/Desktop/elsie/pico-sdk/lib/tinyusb/src/class/cdc/cdc_device.c.o
                0x10005598                cdcd_xfer_cb
 .text.vendord_init
                0x10005690       0x5c CMakeFiles/test_eeprom.dir/Users/cgtolley/Desktop/elsie/pico-sdk/lib/tinyusb/src/class/vendor/vendor_device.c.o
                0x10005690                vendord_init
 .text.vendord_deinit
                0x100056ec       0x1c CMakeFiles/test_eeprom.dir/Users/cgtolley/Desktop/elsie/pico-sdk/lib/tinyusb/src/class/vendor/vendor_device.c.o
                0x100056ec                vendord_deinit
 .text.vendord_reset
                0x10005708       0x24 CMakeFiles/test_eeprom.dir/Users/cgtolley/Desktop/elsie/pico-sdk/lib/tinyusb/src/class/vendor/vendor_device.c.o
                0x10005708                vendord_reset
 .text.vendord_open
                0x1000572c       0xf4 CMakeFiles/test_eeprom.dir/Users/cgtolley/Desktop/elsie/pico-sdk/lib/tinyusb/src/class/vendor/vendor_device.c.o
                0x1000572c                vendord_open
 .text.vendord_xfer_cb
                0x10005820       0x98 CMakeFiles/test_eeprom.dir/Users/cgtolley/Desktop/elsie/pico-sdk/lib/tinyusb/src/class/vendor/vendor_device.c.o
                0x10005820                vendord_xfer_cb
 .text.tusb_rhport_init
                0x100058b8       0x6c CMakeFiles/test_eeprom.dir/Users/cgtolley/Desktop/elsie/pico-sdk/lib/tinyusb/src/tusb.c.o
                0x100058b8                tusb_rhport_init
 .text.tu_edpt_claim
                0x10005924       0x60 CMakeFiles/test_eeprom.dir/Users/cgtolley/Desktop/elsie/pico-sdk/lib/tinyusb/src/tusb.c.o
                0x10005924                tu_edpt_claim
 .text.tu_edpt_release
                0x10005984       0x38 CMakeFiles/test_eeprom.dir/Users/cgtolley/Desktop/elsie/pico-sdk/lib/tinyusb/src/tusb.c.o
                0x10005984                tu_edpt_release
 .text.tu_edpt_validate
                0x100059bc       0x60 CMakeFiles/test_eeprom.dir/Users/cgtolley/Desktop/elsie/pico-sdk/lib/tinyusb/src/tusb.c.o
                0x100059bc                tu_edpt_validate
 .text.tu_edpt_bind_driver
                0x10005a1c       0x54 CMakeFiles/test_eeprom.dir/Users/cgtolley/Desktop/elsie/pico-sdk/lib/tinyusb/src/tusb.c.o
                0x10005a1c                tu_edpt_bind_driver
 .text.tu_edpt_stream_init
                0x10005a70       0x58 CMakeFiles/test_eeprom.dir/Users/cgtolley/Desktop/elsie/pico-sdk/lib/tinyusb/src/tusb.c.o
                0x10005a70                tu_edpt_stream_init
 .text.tu_edpt_stream_deinit
                0x10005ac8        0x4 CMakeFiles/test_eeprom.dir/Users/cgtolley/Desktop/elsie/pico-sdk/lib/tinyusb/src/tusb.c.o
                0x10005ac8                tu_edpt_stream_deinit
 .text.tu_edpt_stream_write_zlp_if_needed
                0x10005acc       0x6c CMakeFiles/test_eeprom.dir/Users/cgtolley/Desktop/elsie/pico-sdk/lib/tinyusb/src/tusb.c.o
                0x10005acc                tu_edpt_stream_write_zlp_if_needed
 .text.tu_edpt_stream_write_xfer
                0x10005b38       0x74 CMakeFiles/test_eeprom.dir/Users/cgtolley/Desktop/elsie/pico-sdk/lib/tinyusb/src/tusb.c.o
                0x10005b38                tu_edpt_stream_write_xfer
 .text.tu_edpt_stream_read_xfer
                0x10005bac       0xd0 CMakeFiles/test_eeprom.dir/Users/cgtolley/Desktop/elsie/pico-sdk/lib/tinyusb/src/tusb.c.o
                0x10005bac                tu_edpt_stream_read_xfer
 .text.tu_fifo_config
                0x10005c7c       0x60 CMakeFiles/test_eeprom.dir/Users/cgtolley/Desktop/elsie/pico-sdk/lib/tinyusb/src/common/tusb_fifo.c.o
                0x10005c7c                tu_fifo_config
 .text.tu_fifo_count
                0x10005cdc       0x20 CMakeFiles/test_eeprom.dir/Users/cgtolley/Desktop/elsie/pico-sdk/lib/tinyusb/src/common/tusb_fifo.c.o
                0x10005cdc                tu_fifo_count
 .text.tu_fifo_empty
                0x10005cfc       0x14 CMakeFiles/test_eeprom.dir/Users/cgtolley/Desktop/elsie/pico-sdk/lib/tinyusb/src/common/tusb_fifo.c.o
                0x10005cfc                tu_fifo_empty
 .text.tu_fifo_remaining
                0x10005d10       0x24 CMakeFiles/test_eeprom.dir/Users/cgtolley/Desktop/elsie/pico-sdk/lib/tinyusb/src/common/tusb_fifo.c.o
                0x10005d10                tu_fifo_remaining
 .text.tu_fifo_read
                0x10005d34       0x9c CMakeFiles/test_eeprom.dir/Users/cgtolley/Desktop/elsie/pico-sdk/lib/tinyusb/src/common/tusb_fifo.c.o
                0x10005d34                tu_fifo_read
 .text.tu_fifo_read_n
                0x10005dd0       0xe0 CMakeFiles/test_eeprom.dir/Users/cgtolley/Desktop/elsie/pico-sdk/lib/tinyusb/src/common/tusb_fifo.c.o
                0x10005dd0                tu_fifo_read_n
 .text.tu_fifo_write
                0x10005eb0       0xa8 CMakeFiles/test_eeprom.dir/Users/cgtolley/Desktop/elsie/pico-sdk/lib/tinyusb/src/common/tusb_fifo.c.o
                0x10005eb0                tu_fifo_write
 .text.tu_fifo_write_n
                0x10005f58      0x150 CMakeFiles/test_eeprom.dir/Users/cgtolley/Desktop/elsie/pico-sdk/lib/tinyusb/src/common/tusb_fifo.c.o
                0x10005f58                tu_fifo_write_n
 .text.tu_fifo_clear
                0x100060a8       0x38 CMakeFiles/test_eeprom.dir/Users/cgtolley/Desktop/elsie/pico-sdk/lib/tinyusb/src/common/tusb_fifo.c.o
                0x100060a8                tu_fifo_clear
 .text.tu_fifo_set_overwritable
                0x100060e0       0x3c CMakeFiles/test_eeprom.dir/Users/cgtolley/Desktop/elsie/pico-sdk/lib/tinyusb/src/common/tusb_fifo.c.o
                0x100060e0                tu_fifo_set_overwritable
 .text.poll_write_complete
                0x1000611c      0x2b8 ../libat28bv64b.a(at28bv64b.c.o)
 .text.sdp_6byte_cmd.constprop.0
                0x100063d4      0x678 ../libat28bv64b.a(at28bv64b.c.o)
 .text.at28bv64b_init
                0x10006a4c       0x94 ../libat28bv64b.a(at28bv64b.c.o)
                0x10006a4c                at28bv64b_init
 .text.at28bv64b_read_byte
                0x10006ae0      0x21c ../libat28bv64b.a(at28bv64b.c.o)
                0x10006ae0                at28bv64b_read_byte
 .text.at28bv64b_read_buf
                0x10006cfc       0x30 ../libat28bv64b.a(at28bv64b.c.o)
                0x10006cfc                at28bv64b_read_buf
 .text.at28bv64b_write_byte
                0x10006d2c      0x564 ../libat28bv64b.a(at28bv64b.c.o)
                0x10006d2c                at28bv64b_write_byte
 .text.at28bv64b_write_page
                0x10007290      0x5c0 ../libat28bv64b.a(at28bv64b.c.o)
                0x10007290                at28bv64b_write_page
 .text.at28bv64b_write_buf
                0x10007850       0x54 ../libat28bv64b.a(at28bv64b.c.o)
                0x10007850                at28bv64b_write_buf
 .text.at28bv64b_sdp_enable
                0x100078a4       0x18 ../libat28bv64b.a(at28bv64b.c.o)
                0x100078a4                at28bv64b_sdp_enable
 .text.at28bv64b_sdp_disable
                0x100078bc       0x18 ../libat28bv64b.a(at28bv64b.c.o)
                0x100078bc                at28bv64b_sdp_disable
 .text.memcmp   0x100078d4       0x80 /Applications/ArmGNUToolchain/15.2.rel1/arm-none-eabi/bin/../lib/gcc/arm-none-eabi/15.2.1/../../../../arm-none-eabi/lib/thumb/v8-m.main+fp/softfp/libg.a(libc_a-memcmp.o)
                0x100078d4                memcmp
 .text.memset   0x10007954       0x88 /Applications/ArmGNUToolchain/15.2.rel1/arm-none-eabi/bin/../lib/gcc/arm-none-eabi/15.2.1/../../../../arm-none-eabi/lib/thumb/v8-m.main+fp/softfp/libg.a(libc_a-memset.o)
                0x10007954                memset
 .text          0x100079dc       0xec /Applications/ArmGNUToolchain/15.2.rel1/arm-none-eabi/bin/../lib/gcc/arm-none-eabi/15.2.1/../../../../arm-none-eabi/lib/thumb/v8-m.main+fp/softfp/libg.a(libc_a-memcpy.o)
                0x100079dc                memcpy
 .text.strlen   0x10007ac8       0x5c /Applications/ArmGNUToolchain/15.2.rel1/arm-none-eabi/bin/../lib/gcc/arm-none-eabi/15.2.1/../../../../arm-none-eabi/lib/thumb/v8-m.main+fp/softfp/libg.a(libc_a-strlen-stub.o)
                0x10007ac8                strlen
 *(.fini)
 .fini          0x10007b24        0x4 /Applications/ArmGNUToolchain/15.2.rel1/arm-none-eabi/bin/../lib/gcc/arm-none-eabi/15.2.1/thumb/v8-m.main+fp/softfp/crti.o
                0x10007b24                _fini
 .fini.__stub   0x10007b28       0x50 linker stubs
 *crtbegin.o(.ctors)
 *crtbegin?.o(.ctors)
 *(EXCLUDE_FILE(*crtend.o *crtend?.o) .ctors)
 *(SORT_BY_NAME(.ctors.*))
 *(.ctors)
 *crtbegin.o(.dtors)
 *crtbegin?.o(.dtors)
 *(EXCLUDE_FILE(*crtend.o *crtend?.o) .dtors)
 *(SORT_BY_NAME(.dtors.*))
 *(.dtors)
                0x10007b78                        . = ALIGN (0x4)
                0x10007b78                        PROVIDE (__preinit_array_start = .)
 *(SORT_BY_NAME(.preinit_array.*))
 .preinit_array.00050
                0x10007b78        0x4 CMakeFiles/test_eeprom.dir/Users/cgtolley/Desktop/elsie/pico-sdk/src/rp2_common/pico_runtime_init/runtime_init.c.o
                0x10007b78                __pre_init_runtime_init_bootrom_reset
 .preinit_array.00100
                0x10007b7c        0x4 CMakeFiles/test_eeprom.dir/Users/cgtolley/Desktop/elsie/pico-sdk/src/rp2_common/pico_runtime_init/runtime_init.c.o
                0x10007b7c                __pre_init_runtime_init_early_resets
 .preinit_array.00101
                0x10007b80        0x4 CMakeFiles/test_eeprom.dir/Users/cgtolley/Desktop/elsie/pico-sdk/src/rp2_common/pico_runtime_init/runtime_init.c.o
                0x10007b80                __pre_init_runtime_init_usb_power_down
 .preinit_array.00500
                0x10007b84        0x4 CMakeFiles/test_eeprom.dir/Users/cgtolley/Desktop/elsie/pico-sdk/src/rp2_common/pico_runtime_init/runtime_init.c.o
                0x10007b84                __pre_init_runtime_init_clocks
 .preinit_array.00600
                0x10007b88        0x4 CMakeFiles/test_eeprom.dir/Users/cgtolley/Desktop/elsie/pico-sdk/src/rp2_common/pico_runtime_init/runtime_init.c.o
                0x10007b88                __pre_init_runtime_init_post_clock_resets
 .preinit_array.01000
                0x10007b8c        0x4 CMakeFiles/test_eeprom.dir/Users/cgtolley/Desktop/elsie/pico-sdk/src/rp2_common/hardware_boot_lock/boot_lock.c.o
                0x10007b8c                __pre_init_runtime_init_boot_locks_reset
 .preinit_array.01000
                0x10007b90        0x4 CMakeFiles/test_eeprom.dir/Users/cgtolley/Desktop/elsie/pico-sdk/src/rp2_common/pico_runtime_init/runtime_init.c.o
                0x10007b90                __pre_init_runtime_init_spin_locks_reset
 .preinit_array.01010
                0x10007b94        0x4 CMakeFiles/test_eeprom.dir/Users/cgtolley/Desktop/elsie/pico-sdk/src/rp2_common/pico_bootrom/bootrom_lock.c.o
                0x10007b94                __pre_init_runtime_init_bootrom_locking_enable
 .preinit_array.01100
                0x10007b98        0x4 CMakeFiles/test_eeprom.dir/Users/cgtolley/Desktop/elsie/pico-sdk/src/common/pico_sync/mutex.c.o
                0x10007b98                __pre_init_runtime_init_mutex
 .preinit_array.10080
                0x10007b9c        0x4 CMakeFiles/test_eeprom.dir/Users/cgtolley/Desktop/elsie/pico-sdk/src/rp2_common/pico_runtime_init/runtime_init.c.o
                0x10007b9c                __pre_init_runtime_init_install_ram_vector_table
 .preinit_array.11000
                0x10007ba0        0x4 CMakeFiles/test_eeprom.dir/Users/cgtolley/Desktop/elsie/pico-sdk/src/common/pico_time/time.c.o
                0x10007ba0                __pre_init_runtime_init_default_alarm_pool
 .preinit_array.YYYYY
                0x10007ba4        0x4 CMakeFiles/test_eeprom.dir/Users/cgtolley/Desktop/elsie/pico-sdk/src/rp2_common/pico_runtime/runtime.c.o
                0x10007ba4                __pre_init_first_per_core_initializer
 .preinit_array.ZZZZZ.00051
                0x10007ba8        0x4 CMakeFiles/test_eeprom.dir/Users/cgtolley/Desktop/elsie/pico-sdk/src/rp2_common/pico_runtime_init/runtime_init.c.o
                0x10007ba8                __pre_init_runtime_init_per_core_bootrom_reset
 .preinit_array.ZZZZZ.00200
                0x10007bac        0x4 CMakeFiles/test_eeprom.dir/Users/cgtolley/Desktop/elsie/pico-sdk/src/rp2_common/pico_runtime_init/runtime_init.c.o
                0x10007bac                __pre_init_runtime_init_per_core_enable_coprocessors
 .preinit_array.ZZZZZ.01000
                0x10007bb0        0x4 CMakeFiles/test_eeprom.dir/Users/cgtolley/Desktop/elsie/pico-sdk/src/rp2_common/hardware_sync_spin_lock/sync_spin_lock.c.o
                0x10007bb0                __pre_init_spinlock_set_extexclall
 .preinit_array.ZZZZZ.01200
                0x10007bb4        0x4 CMakeFiles/test_eeprom.dir/Users/cgtolley/Desktop/elsie/pico-sdk/src/rp2_common/hardware_irq/irq.c.o
                0x10007bb4                __pre_init_runtime_init_per_core_irq_priorities
 *(.preinit_array)
                0x10007bb8                        PROVIDE (__preinit_array_end = .)
                0x10007bb8                        . = ALIGN (0x4)
                0x10007bb8                        PROVIDE (__init_array_start = .)
 *(SORT_BY_NAME(.init_array.*))
 *(.init_array)
 .init_array    0x10007bb8        0x4 /Applications/ArmGNUToolchain/15.2.rel1/arm-none-eabi/bin/../lib/gcc/arm-none-eabi/15.2.1/thumb/v8-m.main+fp/softfp/crtbegin.o
 .init_array    0x10007bbc        0x4 CMakeFiles/test_eeprom.dir/Users/cgtolley/Desktop/elsie/pico-sdk/src/rp2_common/pico_unique_id/unique_id.c.o
                0x10007bc0                        PROVIDE (__init_array_end = .)
                0x10007bc0                        . = ALIGN (0x4)
                [!provide]                        PROVIDE (__fini_array_start = .)
 *(SORT_BY_NAME(.fini_array.*))
 *(.fini_array)
                [!provide]                        PROVIDE (__fini_array_end = .)
 *(.eh_frame*)
 .eh_frame      0x10007bc0        0x0 /Applications/ArmGNUToolchain/15.2.rel1/arm-none-eabi/bin/../lib/gcc/arm-none-eabi/15.2.1/thumb/v8-m.main+fp/softfp/crtbegin.o
                0x10007bc0                        . = ALIGN (0x4)

.glue_7         0x10007bc0        0x0
 .glue_7        0x10007bc0        0x0 linker stubs

.glue_7t        0x10007bc0        0x0
 .glue_7t       0x10007bc0        0x0 linker stubs

.vfp11_veneer   0x10007bc0        0x0
 .vfp11_veneer  0x10007bc0        0x0 linker stubs

.v4_bx          0x10007bc0        0x0
 .v4_bx         0x10007bc0        0x0 linker stubs

.iplt           0x10007bc0        0x0
 .iplt          0x10007bc0        0x0 /Applications/ArmGNUToolchain/15.2.rel1/arm-none-eabi/bin/../lib/gcc/arm-none-eabi/15.2.1/thumb/v8-m.main+fp/softfp/crtbegin.o

.boot2          0x10007bc0        0x0
                0x10007bc0                        __boot2_start__ = .
 *(.boot2)
                0x10007bc0                        __boot2_end__ = .
                0x00000001                        ASSERT (((__boot2_end__ - __boot2_start__) <= 0x100), ERROR: Pico second stage bootloader must be no more than 256 bytes in size)

.rodata         0x10007bc0      0x5cc
 *(EXCLUDE_FILE(*libm.a: *libc.a:*lib_a-mem*.o *libgcc.a:) .rodata*)
 .rodata.test_page_boundary.str1.4
                0x10007bc0      0x36c CMakeFiles/test_eeprom.dir/test_main.c.o
                                 0x60 (size before relaxing)
 .rodata.main.str1.4
                0x10007f2c        0x0 CMakeFiles/test_eeprom.dir/test_main.c.o
                                0x196 (size before relaxing)
 .rodata.panic.str1.4
                0x10007f2c        0x0 CMakeFiles/test_eeprom.dir/Users/cgtolley/Desktop/elsie/pico-sdk/src/rp2_common/pico_platform_panic/panic.c.o
                                 0x12 (size before relaxing)
 .rodata.spin_lock_claim_unused.str1.4
                0x10007f2c        0x0 CMakeFiles/test_eeprom.dir/Users/cgtolley/Desktop/elsie/pico-sdk/src/rp2_common/hardware_sync/sync.c.o
                                 0x1b (size before relaxing)
 .rodata.user_irq_claim_unused.str1.4
                0x10007f2c        0x0 CMakeFiles/test_eeprom.dir/Users/cgtolley/Desktop/elsie/pico-sdk/src/rp2_common/hardware_irq/irq.c.o
                                 0x1b (size before relaxing)
 .rodata.timer_hardware_alarm_claim.str1.4
                0x10007f2c        0x0 CMakeFiles/test_eeprom.dir/Users/cgtolley/Desktop/elsie/pico-sdk/src/rp2_common/hardware_timer/timer.c.o
                                 0x22 (size before relaxing)
 .rodata.hard_assertion_failure.str1.4
                0x10007f2c        0x0 CMakeFiles/test_eeprom.dir/Users/cgtolley/Desktop/elsie/pico-sdk/src/rp2_common/pico_runtime/runtime.c.o
                                  0xc (size before relaxing)
 .rodata.str1.4
                0x10007f2c        0x0 CMakeFiles/test_eeprom.dir/Users/cgtolley/Desktop/elsie/pico-sdk/src/rp2_common/pico_standard_binary_info/standard_binary_info.c.o
                                 0x40 (size before relaxing)
 .rodata.__bi_84
                0x10007f2c        0xc CMakeFiles/test_eeprom.dir/Users/cgtolley/Desktop/elsie/pico-sdk/src/rp2_common/pico_standard_binary_info/standard_binary_info.c.o
 .rodata.__bi_78
                0x10007f38        0xc CMakeFiles/test_eeprom.dir/Users/cgtolley/Desktop/elsie/pico-sdk/src/rp2_common/pico_standard_binary_info/standard_binary_info.c.o
 .rodata.__bi_54
                0x10007f44        0xc CMakeFiles/test_eeprom.dir/Users/cgtolley/Desktop/elsie/pico-sdk/src/rp2_common/pico_standard_binary_info/standard_binary_info.c.o
 .rodata.__bi_48
                0x10007f50        0xc CMakeFiles/test_eeprom.dir/Users/cgtolley/Desktop/elsie/pico-sdk/src/rp2_common/pico_standard_binary_info/standard_binary_info.c.o
 .rodata.__bi_42
                0x10007f5c        0xc CMakeFiles/test_eeprom.dir/Users/cgtolley/Desktop/elsie/pico-sdk/src/rp2_common/pico_standard_binary_info/standard_binary_info.c.o
 .rodata.__bi_34
                0x10007f68        0xc CMakeFiles/test_eeprom.dir/Users/cgtolley/Desktop/elsie/pico-sdk/src/rp2_common/pico_standard_binary_info/standard_binary_info.c.o
 .rodata.__bi_26
                0x10007f74        0xc CMakeFiles/test_eeprom.dir/Users/cgtolley/Desktop/elsie/pico-sdk/src/rp2_common/pico_standard_binary_info/standard_binary_info.c.o
 .rodata._ftoa.str1.4
                0x10007f80        0x0 CMakeFiles/test_eeprom.dir/Users/cgtolley/Desktop/elsie/pico-sdk/src/rp2_common/pico_printf/printf.c.o
                                 0x15 (size before relaxing)
 .rodata.pow10.0
                0x10007f80       0x50 CMakeFiles/test_eeprom.dir/Users/cgtolley/Desktop/elsie/pico-sdk/src/rp2_common/pico_printf/printf.c.o
 .rodata.crlf_str.0
                0x10007fd0        0x2 CMakeFiles/test_eeprom.dir/Users/cgtolley/Desktop/elsie/pico-sdk/src/rp2_common/pico_stdio/stdio.c.o
 *fill*         0x10007fd2        0x2 
 .rodata._resetd_driver
                0x10007fd4       0x20 CMakeFiles/test_eeprom.dir/Users/cgtolley/Desktop/elsie/pico-sdk/src/rp2_common/pico_stdio_usb/reset_interface.c.o
 .rodata.desc_ms_os_20
                0x10007ff4       0xa6 CMakeFiles/test_eeprom.dir/Users/cgtolley/Desktop/elsie/pico-sdk/src/rp2_common/pico_stdio_usb/reset_interface.c.o
 *fill*         0x1000809a        0x2 
 .rodata.desc_bos
                0x1000809c       0x21 CMakeFiles/test_eeprom.dir/Users/cgtolley/Desktop/elsie/pico-sdk/src/rp2_common/pico_stdio_usb/reset_interface.c.o
                0x1000809c                desc_bos
 .rodata.str1.4
                0x100080bd        0x0 CMakeFiles/test_eeprom.dir/Users/cgtolley/Desktop/elsie/pico-sdk/src/rp2_common/pico_stdio_usb/stdio_usb.c.o
                                 0x13 (size before relaxing)
 *fill*         0x100080bd        0x3 
 .rodata.__bi_197.0
                0x100080c0        0xc CMakeFiles/test_eeprom.dir/Users/cgtolley/Desktop/elsie/pico-sdk/src/rp2_common/pico_stdio_usb/stdio_usb.c.o
 .rodata.str1.4
                0x100080cc        0x0 CMakeFiles/test_eeprom.dir/Users/cgtolley/Desktop/elsie/pico-sdk/src/rp2_common/pico_stdio_usb/stdio_usb_descriptors.c.o
                                 0x2a (size before relaxing)
 .rodata.usbd_desc_str
                0x100080cc       0x18 CMakeFiles/test_eeprom.dir/Users/cgtolley/Desktop/elsie/pico-sdk/src/rp2_common/pico_stdio_usb/stdio_usb_descriptors.c.o
 .rodata.usbd_desc_cfg
                0x100080e4       0x54 CMakeFiles/test_eeprom.dir/Users/cgtolley/Desktop/elsie/pico-sdk/src/rp2_common/pico_stdio_usb/stdio_usb_descriptors.c.o
 .rodata.usbd_desc_device
                0x10008138       0x12 CMakeFiles/test_eeprom.dir/Users/cgtolley/Desktop/elsie/pico-sdk/src/rp2_common/pico_stdio_usb/stdio_usb_descriptors.c.o
 .rodata.str1.4
                0x1000814a        0x0 CMakeFiles/test_eeprom.dir/Users/cgtolley/Desktop/elsie/pico-sdk/lib/tinyusb/src/portable/raspberrypi/rp2040/dcd_rp2040.c.o
                                 0x14 (size before relaxing)
 .rodata.str1.4
                0x1000814a        0x0 CMakeFiles/test_eeprom.dir/Users/cgtolley/Desktop/elsie/pico-sdk/lib/tinyusb/src/portable/raspberrypi/rp2040/rp2040_usb.c.o
                                 0x48 (size before relaxing)
 *fill*         0x1000814a        0x2 
 .rodata._usbd_driver
                0x1000814c       0x40 CMakeFiles/test_eeprom.dir/Users/cgtolley/Desktop/elsie/pico-sdk/lib/tinyusb/src/device/usbd.c.o
 *(.srodata*)
                0x1000818c                        . = ALIGN (0x4)
 *(SORT_BY_ALIGNMENT(SORT_BY_NAME(.flashdata*)))
                0x1000818c                        . = ALIGN (0x4)

.ARM.extab
 *(.ARM.extab* .gnu.linkonce.armextab.*)
                0x1000818c                        __exidx_start = .

.ARM.exidx      0x1000818c        0x8
 *(.ARM.exidx* .gnu.linkonce.armexidx.*)
 .ARM.exidx     0x1000818c        0x8 /Applications/ArmGNUToolchain/15.2.rel1/arm-none-eabi/bin/../lib/gcc/arm-none-eabi/15.2.1/../../../../arm-none-eabi/lib/thumb/v8-m.main+fp/softfp/libg.a(libc_a-memcpy.o)
 .ARM.exidx.text.__udivmoddi4
                0x10008194        0x0 /Applications/ArmGNUToolchain/15.2.rel1/arm-none-eabi/bin/../lib/gcc/arm-none-eabi/15.2.1/thumb/v8-m.main+fp/softfp/libgcc.a(_udivmoddi4.o)
                                  0x8 (size before relaxing)
                0x10008194                        __exidx_end = .
                0x10008194                        . = ALIGN (0x4)
                0x10008194                        __binary_info_start = .

.binary_info    0x10008194       0x20
 *(.binary_info.keep.*)
 .binary_info.keep.__bi_ptr84
                0x10008194        0x4 CMakeFiles/test_eeprom.dir/Users/cgtolley/Desktop/elsie/pico-sdk/src/rp2_common/pico_standard_binary_info/standard_binary_info.c.o
 .binary_info.keep.__bi_ptr78
                0x10008198        0x4 CMakeFiles/test_eeprom.dir/Users/cgtolley/Desktop/elsie/pico-sdk/src/rp2_common/pico_standard_binary_info/standard_binary_info.c.o
 .binary_info.keep.__bi_ptr54
                0x1000819c        0x4 CMakeFiles/test_eeprom.dir/Users/cgtolley/Desktop/elsie/pico-sdk/src/rp2_common/pico_standard_binary_info/standard_binary_info.c.o
 .binary_info.keep.__bi_ptr48
                0x100081a0        0x4 CMakeFiles/test_eeprom.dir/Users/cgtolley/Desktop/elsie/pico-sdk/src/rp2_common/pico_standard_binary_info/standard_binary_info.c.o
 .binary_info.keep.__bi_ptr42
                0x100081a4        0x4 CMakeFiles/test_eeprom.dir/Users/cgtolley/Desktop/elsie/pico-sdk/src/rp2_common/pico_standard_binary_info/standard_binary_info.c.o
 .binary_info.keep.__bi_ptr34
                0x100081a8        0x4 CMakeFiles/test_eeprom.dir/Users/cgtolley/Desktop/elsie/pico-sdk/src/rp2_common/pico_standard_binary_info/standard_binary_info.c.o
 .binary_info.keep.__bi_ptr26
                0x100081ac        0x4 CMakeFiles/test_eeprom.dir/Users/cgtolley/Desktop/elsie/pico-sdk/src/rp2_common/pico_standard_binary_info/standard_binary_info.c.o
 *(.binary_info.*)
 .binary_info.__bi_ptr197
                0x100081b0        0x4 CMakeFiles/test_eeprom.dir/Users/cgtolley/Desktop/elsie/pico-sdk/src/rp2_common/pico_stdio_usb/stdio_usb.c.o
                0x100081b4                        __binary_info_end = .
                0x100081b4                        . = ALIGN (0x4)

.ram_vector_table
                0x20000000      0x110
 *(.ram_vector_table)
 .ram_vector_table
                0x20000000      0x110 CMakeFiles/test_eeprom.dir/Users/cgtolley/Desktop/elsie/pico-sdk/src/rp2_common/pico_runtime_init/runtime_init.c.o
                0x20000000                ram_vector_table

.uninitialized_data
                0x20000110        0x0
                0x20000110                        . = ALIGN (0x4)
 *(.uninitialized_data*)

.data           0x20000110     0x1150 load address 0x100081b4
                0x20000110                        __data_start__ = .
 *(vtable)
 *(.time_critical*)
 .time_critical.mutex_try_enter
                0x20000110       0x50 CMakeFiles/test_eeprom.dir/Users/cgtolley/Desktop/elsie/pico-sdk/src/common/pico_sync/mutex.c.o
                0x20000110                mutex_try_enter
 .time_critical.mutex_enter_block_until
                0x20000160       0x6c CMakeFiles/test_eeprom.dir/Users/cgtolley/Desktop/elsie/pico-sdk/src/common/pico_sync/mutex.c.o
                0x20000160                mutex_enter_block_until
 .time_critical.mutex_try_enter_block_until
                0x200001cc       0x68 CMakeFiles/test_eeprom.dir/Users/cgtolley/Desktop/elsie/pico-sdk/src/common/pico_sync/mutex.c.o
                0x200001cc                mutex_try_enter_block_until
 .time_critical.mutex_enter_timeout_ms
                0x20000234       0x38 CMakeFiles/test_eeprom.dir/Users/cgtolley/Desktop/elsie/pico-sdk/src/common/pico_sync/mutex.c.o
                0x20000234                mutex_enter_timeout_ms
 .time_critical.mutex_exit
                0x2000026c       0x3c CMakeFiles/test_eeprom.dir/Users/cgtolley/Desktop/elsie/pico-sdk/src/common/pico_sync/mutex.c.o
                0x2000026c                mutex_exit
 .time_critical.reset_non_control_endpoints
                0x200002a8       0x64 CMakeFiles/test_eeprom.dir/Users/cgtolley/Desktop/elsie/pico-sdk/lib/tinyusb/src/portable/raspberrypi/rp2040/dcd_rp2040.c.o
 .time_critical.hw_handle_buff_status
                0x2000030c       0x8c CMakeFiles/test_eeprom.dir/Users/cgtolley/Desktop/elsie/pico-sdk/lib/tinyusb/src/portable/raspberrypi/rp2040/dcd_rp2040.c.o
 .time_critical.dcd_rp2040_irq
                0x20000398      0x514 CMakeFiles/test_eeprom.dir/Users/cgtolley/Desktop/elsie/pico-sdk/lib/tinyusb/src/portable/raspberrypi/rp2040/dcd_rp2040.c.o
 .time_critical.prepare_ep_buffer
                0x200008ac       0xc4 CMakeFiles/test_eeprom.dir/Users/cgtolley/Desktop/elsie/pico-sdk/lib/tinyusb/src/portable/raspberrypi/rp2040/rp2040_usb.c.o
 .time_critical.sync_ep_buffer
                0x20000970       0xb8 CMakeFiles/test_eeprom.dir/Users/cgtolley/Desktop/elsie/pico-sdk/lib/tinyusb/src/portable/raspberrypi/rp2040/rp2040_usb.c.o
 .time_critical._hw_endpoint_xfer_sync
                0x20000a28       0x2c CMakeFiles/test_eeprom.dir/Users/cgtolley/Desktop/elsie/pico-sdk/lib/tinyusb/src/portable/raspberrypi/rp2040/rp2040_usb.c.o
 .time_critical.e15_is_bulkin_ep
                0x20000a54       0x28 CMakeFiles/test_eeprom.dir/Users/cgtolley/Desktop/elsie/pico-sdk/lib/tinyusb/src/portable/raspberrypi/rp2040/rp2040_usb.c.o
 .time_critical.e15_is_critical_frame_period
                0x20000a7c       0x28 CMakeFiles/test_eeprom.dir/Users/cgtolley/Desktop/elsie/pico-sdk/lib/tinyusb/src/portable/raspberrypi/rp2040/rp2040_usb.c.o
 .time_critical.hw_endpoint_reset_transfer
                0x20000aa4        0xc CMakeFiles/test_eeprom.dir/Users/cgtolley/Desktop/elsie/pico-sdk/lib/tinyusb/src/portable/raspberrypi/rp2040/rp2040_usb.c.o
                0x20000aa4                hw_endpoint_reset_transfer
 .time_critical._hw_endpoint_buffer_control_update32
                0x20000ab0       0x48 CMakeFiles/test_eeprom.dir/Users/cgtolley/Desktop/elsie/pico-sdk/lib/tinyusb/src/portable/raspberrypi/rp2040/rp2040_usb.c.o
                0x20000ab0                _hw_endpoint_buffer_control_update32
 .time_critical.hw_endpoint_start_next_buffer
                0x20000af8       0x64 CMakeFiles/test_eeprom.dir/Users/cgtolley/Desktop/elsie/pico-sdk/lib/tinyusb/src/portable/raspberrypi/rp2040/rp2040_usb.c.o
                0x20000af8                hw_endpoint_start_next_buffer
 .time_critical.hw_endpoint_xfer_continue
                0x20000b5c       0x3c CMakeFiles/test_eeprom.dir/Users/cgtolley/Desktop/elsie/pico-sdk/lib/tinyusb/src/portable/raspberrypi/rp2040/rp2040_usb.c.o
                0x20000b5c                hw_endpoint_xfer_continue
 .time_critical.tinyusb
                0x20000b98      0x218 CMakeFiles/test_eeprom.dir/Users/cgtolley/Desktop/elsie/pico-sdk/lib/tinyusb/src/device/usbd.c.o
                0x20000b98                dcd_event_handler
 *(.text*)
 .text          0x20000db0       0x30 /Applications/ArmGNUToolchain/15.2.rel1/arm-none-eabi/bin/../lib/gcc/arm-none-eabi/15.2.1/thumb/v8-m.main+fp/softfp/libgcc.a(_aeabi_uldivmod.o)
                0x20000db0                __aeabi_uldivmod
 .text.__udivmoddi4
                0x20000de0      0x340 /Applications/ArmGNUToolchain/15.2.rel1/arm-none-eabi/bin/../lib/gcc/arm-none-eabi/15.2.1/thumb/v8-m.main+fp/softfp/libgcc.a(_udivmoddi4.o)
                0x20000de0                __udivmoddi4
 .text          0x20001120        0x4 /Applications/ArmGNUToolchain/15.2.rel1/arm-none-eabi/bin/../lib/gcc/arm-none-eabi/15.2.1/thumb/v8-m.main+fp/softfp/libgcc.a(_dvmd_tls.o)
                0x20001120                __aeabi_ldiv0
                0x20001120                __aeabi_idiv0
 *fill*         0x20001124        0x4 
 .text.__stub   0x20001128       0x30 linker stubs
                0x20001158                        . = ALIGN (0x4)
 *(.rodata*)
                0x20001158                        . = ALIGN (0x4)
 *(.data*)
 .data.dev      0x20001158       0x64 CMakeFiles/test_eeprom.dir/test_main.c.o
 .data.striped_spin_lock_num
                0x200011bc        0x1 CMakeFiles/test_eeprom.dir/Users/cgtolley/Desktop/elsie/pico-sdk/src/rp2_common/hardware_sync/sync.c.o
 *fill*         0x200011bd        0x3 
 .data          0x200011c0       0x48 CMakeFiles/test_eeprom.dir/Users/cgtolley/Desktop/elsie/pico-sdk/src/rp2_common/hardware_irq/irq_handler_chain.S.o
                0x200011c0                irq_handler_chain_slots
                0x200011f0                irq_handler_chain_first_slot
                0x200011fa                irq_handler_chain_remove_tail
 .data.default_alarm_pool
                0x20001208       0x18 CMakeFiles/test_eeprom.dir/Users/cgtolley/Desktop/elsie/pico-sdk/src/common/pico_time/time.c.o
 .data.stdio_usb
                0x20001220       0x18 CMakeFiles/test_eeprom.dir/Users/cgtolley/Desktop/elsie/pico-sdk/src/rp2_common/pico_stdio_usb/stdio_usb.c.o
                0x20001220                stdio_usb
 .data._usbd_qdef
                0x20001238       0x1c CMakeFiles/test_eeprom.dir/Users/cgtolley/Desktop/elsie/pico-sdk/lib/tinyusb/src/device/usbd.c.o
                0x20001238                _usbd_qdef
 .data._usbd_rhport
                0x20001254        0x1 CMakeFiles/test_eeprom.dir/Users/cgtolley/Desktop/elsie/pico-sdk/lib/tinyusb/src/device/usbd.c.o
 *(.sdata*)
                0x20001258                        . = ALIGN (0x4)
 *fill*         0x20001255        0x3 
 *(.after_data.*)
                0x20001258                        . = ALIGN (0x4)
                0x20001258                        PROVIDE (__mutex_array_start = .)
 *(SORT_BY_NAME(.mutex_array.*))
 *(.mutex_array)
 .mutex_array   0x20001258        0x8 CMakeFiles/test_eeprom.dir/Users/cgtolley/Desktop/elsie/pico-sdk/src/rp2_common/pico_stdio/stdio.c.o
                0x20001260                        PROVIDE (__mutex_array_end = .)
 *(.jcr)
                0x20001260                        . = ALIGN (0x4)

.tm_clone_table
                0x20001260        0x0 load address 0x10009304
 .tm_clone_table
                0x20001260        0x0 /Applications/ArmGNUToolchain/15.2.rel1/arm-none-eabi/bin/../lib/gcc/arm-none-eabi/15.2.1/thumb/v8-m.main+fp/softfp/crtbegin.o
 .tm_clone_table
                0x20001260        0x0 /Applications/ArmGNUToolchain/15.2.rel1/arm-none-eabi/bin/../lib/gcc/arm-none-eabi/15.2.1/thumb/v8-m.main+fp/softfp/crtend.o

.igot.plt       0x20001260        0x0 load address 0x10009304
 .igot.plt      0x20001260        0x0 /Applications/ArmGNUToolchain/15.2.rel1/arm-none-eabi/bin/../lib/gcc/arm-none-eabi/15.2.1/thumb/v8-m.main+fp/softfp/crtbegin.o

.tdata          0x20001260        0x0 load address 0x10009304
                0x20001260                        . = ALIGN (0x4)
 *(.tdata .tdata.* .gnu.linkonce.td.*)
                0x20001260                        __tdata_end = .
                0x20001260                        PROVIDE (__data_end__ = .)
                0x100081b4                        __etext = LOADADDR (.data)

.tbss           0x20001260        0x0 load address 0x10009304
                0x20001260                        . = ALIGN (0x4)
                0x20001260                        __bss_start__ = .
                0x20001260                        __tls_base = .
 *(.tbss .tbss.* .gnu.linkonce.tb.*)
 *(.tcommon)
                0x20001260                        __tls_end = .

.bss            0x20001260      0xc28 load address 0x10009304
                0x20001260                        . = ALIGN (0x4)
                0x20001260                        __tbss_end = .
 *(SORT_BY_ALIGNMENT(SORT_BY_NAME(.bss*)))
 .bss._cdcd_itf
                0x20001260       0xc8 CMakeFiles/test_eeprom.dir/Users/cgtolley/Desktop/elsie/pico-sdk/lib/tinyusb/src/class/cdc/cdc_device.c.o
 .bss.default_alarm_pool_entries
                0x20001328      0x180 CMakeFiles/test_eeprom.dir/Users/cgtolley/Desktop/elsie/pico-sdk/src/common/pico_time/time.c.o
 .bss.last_avail_time.1
                0x200014a8        0x8 CMakeFiles/test_eeprom.dir/Users/cgtolley/Desktop/elsie/pico-sdk/src/rp2_common/pico_stdio_usb/stdio_usb.c.o
 .bss._app_driver
                0x200014b0        0x4 CMakeFiles/test_eeprom.dir/Users/cgtolley/Desktop/elsie/pico-sdk/lib/tinyusb/src/device/usbd.c.o
 .bss._cdcd_epbuf
                0x200014b4       0x80 CMakeFiles/test_eeprom.dir/Users/cgtolley/Desktop/elsie/pico-sdk/lib/tinyusb/src/class/cdc/cdc_device.c.o
 .bss._cdcd_fifo_cfg
                0x20001534        0x1 CMakeFiles/test_eeprom.dir/Users/cgtolley/Desktop/elsie/pico-sdk/lib/tinyusb/src/class/cdc/cdc_device.c.o
 *fill*         0x20001535        0x3 
 .bss._ctrl_epbuf
                0x20001538       0x40 CMakeFiles/test_eeprom.dir/Users/cgtolley/Desktop/elsie/pico-sdk/lib/tinyusb/src/device/usbd_control.c.o
 .bss._ctrl_xfer
                0x20001578       0x14 CMakeFiles/test_eeprom.dir/Users/cgtolley/Desktop/elsie/pico-sdk/lib/tinyusb/src/device/usbd_control.c.o
 .bss._sw_spin_locks
                0x2000158c       0x20 CMakeFiles/test_eeprom.dir/Users/cgtolley/Desktop/elsie/pico-sdk/src/rp2_common/hardware_sync_spin_lock/sync_spin_lock.c.o
                0x2000158c                _sw_spin_locks
 .bss._tusb_rhport_role
                0x200015ac        0x2 CMakeFiles/test_eeprom.dir/Users/cgtolley/Desktop/elsie/pico-sdk/lib/tinyusb/src/tusb.c.o
                0x200015ac                _tusb_rhport_role
 *fill*         0x200015ae        0x2 
 .bss._ubsd_mutexdef
                0x200015b0        0x8 CMakeFiles/test_eeprom.dir/Users/cgtolley/Desktop/elsie/pico-sdk/lib/tinyusb/src/device/usbd.c.o
 .bss._usbd_dev
                0x200015b8       0x54 CMakeFiles/test_eeprom.dir/Users/cgtolley/Desktop/elsie/pico-sdk/lib/tinyusb/src/device/usbd.c.o
 .bss._usbd_mutex
                0x2000160c        0x4 CMakeFiles/test_eeprom.dir/Users/cgtolley/Desktop/elsie/pico-sdk/lib/tinyusb/src/device/usbd.c.o
 .bss._usbd_q   0x20001610        0x4 CMakeFiles/test_eeprom.dir/Users/cgtolley/Desktop/elsie/pico-sdk/lib/tinyusb/src/device/usbd.c.o
 .bss._usbd_qdef_buf
                0x20001614       0xc0 CMakeFiles/test_eeprom.dir/Users/cgtolley/Desktop/elsie/pico-sdk/lib/tinyusb/src/device/usbd.c.o
                0x20001614                _usbd_qdef_buf
 .bss._vendord_epbuf
                0x200016d4       0x80 CMakeFiles/test_eeprom.dir/Users/cgtolley/Desktop/elsie/pico-sdk/lib/tinyusb/src/class/vendor/vendor_device.c.o
 .bss._vendord_itf
                0x20001754      0x24c CMakeFiles/test_eeprom.dir/Users/cgtolley/Desktop/elsie/pico-sdk/lib/tinyusb/src/class/vendor/vendor_device.c.o
 .bss.chars_available_callback
                0x200019a0        0x4 CMakeFiles/test_eeprom.dir/Users/cgtolley/Desktop/elsie/pico-sdk/src/rp2_common/pico_stdio_usb/stdio_usb.c.o
 .bss.chars_available_param
                0x200019a4        0x4 CMakeFiles/test_eeprom.dir/Users/cgtolley/Desktop/elsie/pico-sdk/src/rp2_common/pico_stdio_usb/stdio_usb.c.o
 .bss.claimed   0x200019a8        0x4 CMakeFiles/test_eeprom.dir/Users/cgtolley/Desktop/elsie/pico-sdk/src/rp2_common/hardware_sync/sync.c.o
 .bss.claimed   0x200019ac        0x2 CMakeFiles/test_eeprom.dir/Users/cgtolley/Desktop/elsie/pico-sdk/src/rp2_common/hardware_timer/timer.c.o
 *fill*         0x200019ae        0x2 
 .bss.configured_freq
                0x200019b0       0x28 CMakeFiles/test_eeprom.dir/Users/cgtolley/Desktop/elsie/pico-sdk/src/rp2_common/hardware_clocks/clocks.c.o
 .bss.desc_str.0
                0x200019d8       0x28 CMakeFiles/test_eeprom.dir/Users/cgtolley/Desktop/elsie/pico-sdk/src/rp2_common/pico_stdio_usb/stdio_usb_descriptors.c.o
 .bss.drivers   0x20001a00        0x4 CMakeFiles/test_eeprom.dir/Users/cgtolley/Desktop/elsie/pico-sdk/src/rp2_common/pico_stdio/stdio.c.o
 .bss.e15_last_sof
                0x20001a04        0x4 CMakeFiles/test_eeprom.dir/Users/cgtolley/Desktop/elsie/pico-sdk/lib/tinyusb/src/portable/raspberrypi/rp2040/rp2040_usb.c.o
                0x20001a04                e15_last_sof
 .bss.filter    0x20001a08        0x4 CMakeFiles/test_eeprom.dir/Users/cgtolley/Desktop/elsie/pico-sdk/src/rp2_common/pico_stdio/stdio.c.o
 .bss.hw_endpoints
                0x20001a0c      0x400 CMakeFiles/test_eeprom.dir/Users/cgtolley/Desktop/elsie/pico-sdk/lib/tinyusb/src/portable/raspberrypi/rp2040/dcd_rp2040.c.o
 .bss.lazy_vsnprintf
                0x20001e0c        0x4 CMakeFiles/test_eeprom.dir/Users/cgtolley/Desktop/elsie/pico-sdk/src/rp2_common/pico_printf/printf.c.o
 .bss.load_value
                0x20001e10        0x4 CMakeFiles/test_eeprom.dir/Users/cgtolley/Desktop/elsie/pico-sdk/src/rp2_common/hardware_watchdog/watchdog.c.o
 .bss.next_buffer_ptr
                0x20001e14        0x4 CMakeFiles/test_eeprom.dir/Users/cgtolley/Desktop/elsie/pico-sdk/lib/tinyusb/src/portable/raspberrypi/rp2040/dcd_rp2040.c.o
 .bss.object.0  0x20001e18       0x18 /Applications/ArmGNUToolchain/15.2.rel1/arm-none-eabi/bin/../lib/gcc/arm-none-eabi/15.2.1/thumb/v8-m.main+fp/softfp/crtbegin.o
 .bss.one_shot_timer_crit_sec
                0x20001e30        0x8 CMakeFiles/test_eeprom.dir/Users/cgtolley/Desktop/elsie/pico-sdk/src/rp2_common/pico_stdio_usb/stdio_usb.c.o
 .bss.pools     0x20001e38       0x20 CMakeFiles/test_eeprom.dir/Users/cgtolley/Desktop/elsie/pico-sdk/src/common/pico_time/time.c.o
 .bss.retrieved_id
                0x20001e58        0x8 CMakeFiles/test_eeprom.dir/Users/cgtolley/Desktop/elsie/pico-sdk/src/rp2_common/pico_unique_id/unique_id.c.o
 .bss.sleep_notifier
                0x20001e60        0x4 CMakeFiles/test_eeprom.dir/Users/cgtolley/Desktop/elsie/pico-sdk/src/common/pico_time/time.c.o
 .bss.stdio_usb_mutex
                0x20001e64        0x8 CMakeFiles/test_eeprom.dir/Users/cgtolley/Desktop/elsie/pico-sdk/src/rp2_common/pico_stdio_usb/stdio_usb.c.o
 .bss.usbd_serial_str
                0x20001e6c       0x11 CMakeFiles/test_eeprom.dir/Users/cgtolley/Desktop/elsie/pico-sdk/src/rp2_common/pico_stdio_usb/stdio_usb_descriptors.c.o
 .bss._app_driver_count
                0x20001e7d        0x1 CMakeFiles/test_eeprom.dir/Users/cgtolley/Desktop/elsie/pico-sdk/lib/tinyusb/src/device/usbd.c.o
 .bss._sof_enable
                0x20001e7e        0x1 CMakeFiles/test_eeprom.dir/Users/cgtolley/Desktop/elsie/pico-sdk/lib/tinyusb/src/portable/raspberrypi/rp2040/dcd_rp2040.c.o
 .bss._usbd_queued_setup
                0x20001e7f        0x1 CMakeFiles/test_eeprom.dir/Users/cgtolley/Desktop/elsie/pico-sdk/lib/tinyusb/src/device/usbd.c.o
 .bss.irq_handler_chain_free_slot_head
                0x20001e80        0x1 CMakeFiles/test_eeprom.dir/Users/cgtolley/Desktop/elsie/pico-sdk/src/rp2_common/hardware_irq/irq.c.o
 .bss.itf_num   0x20001e81        0x1 CMakeFiles/test_eeprom.dir/Users/cgtolley/Desktop/elsie/pico-sdk/src/rp2_common/pico_stdio_usb/reset_interface.c.o
 .bss.low_priority_irq_num
                0x20001e82        0x1 CMakeFiles/test_eeprom.dir/Users/cgtolley/Desktop/elsie/pico-sdk/src/rp2_common/pico_stdio_usb/stdio_usb.c.o
 .bss.one_shot_timer_pending
                0x20001e83        0x1 CMakeFiles/test_eeprom.dir/Users/cgtolley/Desktop/elsie/pico-sdk/src/rp2_common/pico_stdio_usb/stdio_usb.c.o
 .bss.user_irq_claimed
                0x20001e84        0x1 CMakeFiles/test_eeprom.dir/Users/cgtolley/Desktop/elsie/pico-sdk/src/rp2_common/hardware_irq/irq.c.o
 *(COMMON)
                [!provide]                        PROVIDE (__global_pointer$ = (. + 0x800))
 *(.sbss*)
                0x20001e88                        . = ALIGN (0x4)
 *fill*         0x20001e85        0x3 
                0x20001e88                        __bss_end__ = .

.heap           0x20001e88      0x800 load address 0x10009304
                0x20001e88                        __end__ = .
                0x20001e88                        end = __end__
 *(.heap*)
 .heap          0x20001e88      0x800 CMakeFiles/test_eeprom.dir/Users/cgtolley/Desktop/elsie/pico-sdk/src/rp2_common/pico_crt0/crt0.S.o
                0x20080000                        __HeapLimit = (ORIGIN (RAM) + LENGTH (RAM))

.scratch_x      0x20080000        0x0 load address 0x10009304
                0x20080000                        __scratch_x_start__ = .
 *(.scratch_x.*)
                0x20080000                        . = ALIGN (0x4)
                0x20080000                        __scratch_x_end__ = .
                0x10009304                        __scratch_x_source__ = LOADADDR (.scratch_x)

.scratch_y      0x20081000        0x0 load address 0x10009304
                0x20081000                        __scratch_y_start__ = .
 *(.scratch_y.*)
                0x20081000                        . = ALIGN (0x4)
                0x20081000                        __scratch_y_end__ = .
                0x10009304                        __scratch_y_source__ = LOADADDR (.scratch_y)

.stack1_dummy
 *(.stack1*)

.stack_dummy    0x20081000      0x800
 *(.stack*)
 .stack         0x20081000      0x800 CMakeFiles/test_eeprom.dir/Users/cgtolley/Desktop/elsie/pico-sdk/src/rp2_common/pico_crt0/crt0.S.o

.flash_end      0x10009304       0x14
 *(.embedded_end_block*)
 .embedded_end_block
                0x10009304       0x14 CMakeFiles/test_eeprom.dir/Users/cgtolley/Desktop/elsie/pico-sdk/src/rp2_common/pico_crt0/crt0.S.o
                0x10009318                        PROVIDE (__flash_binary_end = .)
                0x20080000                        __StackLimit = (ORIGIN (RAM) + LENGTH (RAM))
                0x20081000                        __StackOneTop = (ORIGIN (SCRATCH_X) + LENGTH (SCRATCH_X))
                0x20082000                        __StackTop = (ORIGIN (SCRATCH_Y) + LENGTH (SCRATCH_Y))
                0x20081000                        __StackOneBottom = (__StackOneTop - SIZEOF (.stack1_dummy))
                0x20081800                        __StackBottom = (__StackTop - SIZEOF (.stack_dummy))
                0x20082000                        PROVIDE (__stack = __StackTop)
                [!provide]                        PROVIDE (__heap_start = __end__)
                [!provide]                        PROVIDE (__heap_end = __HeapLimit)
                [!provide]                        PROVIDE (__tls_align = MAX (ALIGNOF (.tdata), ALIGNOF (.tbss)))
                [!provide]                        PROVIDE (__tls_size_align = (((__tls_size + __tls_align) - 0x1) & ~ ((__tls_align - 0x1))))
                [!provide]                        PROVIDE (__arm32_tls_tcb_offset = MAX (0x8, __tls_align))
                [!provide]                        PROVIDE (_end = __end__)
                [!provide]                        PROVIDE (__llvm_libc_heap_limit = __HeapLimit)
                0x00000001                        ASSERT ((__StackLimit >= __HeapLimit), region RAM overflowed)
                0x00000001                        ASSERT (((__binary_info_header_end - __logical_binary_start) <= 0x400), Binary info must be in first 1024 bytes of the binary)
                0x00000001                        ASSERT (((__embedded_block_end - __logical_binary_start) <= 0x1000), Embedded block must be in first 4096 bytes of the binary)
LOAD CMakeFiles/test_eeprom.dir/test_main.c.o
LOAD CMakeFiles/test_eeprom.dir/Users/cgtolley/Desktop/elsie/pico-sdk/src/rp2_common/pico_stdlib/stdlib.c.o
LOAD CMakeFiles/test_eeprom.dir/Users/cgtolley/Desktop/elsie/pico-sdk/src/rp2_common/hardware_gpio/gpio.c.o
LOAD CMakeFiles/test_eeprom.dir/Users/cgtolley/Desktop/elsie/pico-sdk/src/rp2350/pico_platform/platform.c.o
LOAD CMakeFiles/test_eeprom.dir/Users/cgtolley/Desktop/elsie/pico-sdk/src/rp2_common/pico_platform_panic/panic.c.o
LOAD CMakeFiles/test_eeprom.dir/Users/cgtolley/Desktop/elsie/pico-sdk/src/common/hardware_claim/claim.c.o
LOAD CMakeFiles/test_eeprom.dir/Users/cgtolley/Desktop/elsie/pico-sdk/src/rp2_common/hardware_sync/sync.c.o
LOAD CMakeFiles/test_eeprom.dir/Users/cgtolley/Desktop/elsie/pico-sdk/src/rp2_common/hardware_sync_spin_lock/sync_spin_lock.c.o
LOAD CMakeFiles/test_eeprom.dir/Users/cgtolley/Desktop/elsie/pico-sdk/src/rp2_common/hardware_irq/irq.c.o
LOAD CMakeFiles/test_eeprom.dir/Users/cgtolley/Desktop/elsie/pico-sdk/src/rp2_common/hardware_irq/irq_handler_chain.S.o
LOAD CMakeFiles/test_eeprom.dir/Users/cgtolley/Desktop/elsie/pico-sdk/src/common/pico_sync/sem.c.o
LOAD CMakeFiles/test_eeprom.dir/Users/cgtolley/Desktop/elsie/pico-sdk/src/common/pico_sync/lock_core.c.o
LOAD CMakeFiles/test_eeprom.dir/Users/cgtolley/Desktop/elsie/pico-sdk/src/common/pico_sync/mutex.c.o
LOAD CMakeFiles/test_eeprom.dir/Users/cgtolley/Desktop/elsie/pico-sdk/src/common/pico_sync/critical_section.c.o
LOAD CMakeFiles/test_eeprom.dir/Users/cgtolley/Desktop/elsie/pico-sdk/src/common/pico_time/time.c.o
LOAD CMakeFiles/test_eeprom.dir/Users/cgtolley/Desktop/elsie/pico-sdk/src/common/pico_time/timeout_helper.c.o
LOAD CMakeFiles/test_eeprom.dir/Users/cgtolley/Desktop/elsie/pico-sdk/src/rp2_common/hardware_timer/timer.c.o
LOAD CMakeFiles/test_eeprom.dir/Users/cgtolley/Desktop/elsie/pico-sdk/src/common/pico_util/datetime.c.o
LOAD CMakeFiles/test_eeprom.dir/Users/cgtolley/Desktop/elsie/pico-sdk/src/common/pico_util/pheap.c.o
LOAD CMakeFiles/test_eeprom.dir/Users/cgtolley/Desktop/elsie/pico-sdk/src/common/pico_util/queue.c.o
LOAD CMakeFiles/test_eeprom.dir/Users/cgtolley/Desktop/elsie/pico-sdk/src/rp2_common/hardware_uart/uart.c.o
LOAD CMakeFiles/test_eeprom.dir/Users/cgtolley/Desktop/elsie/pico-sdk/src/rp2_common/hardware_clocks/clocks.c.o
LOAD CMakeFiles/test_eeprom.dir/Users/cgtolley/Desktop/elsie/pico-sdk/src/rp2_common/hardware_pll/pll.c.o
LOAD CMakeFiles/test_eeprom.dir/Users/cgtolley/Desktop/elsie/pico-sdk/src/rp2_common/hardware_vreg/vreg.c.o
LOAD CMakeFiles/test_eeprom.dir/Users/cgtolley/Desktop/elsie/pico-sdk/src/rp2_common/hardware_watchdog/watchdog.c.o
LOAD CMakeFiles/test_eeprom.dir/Users/cgtolley/Desktop/elsie/pico-sdk/src/rp2_common/hardware_ticks/ticks.c.o
LOAD CMakeFiles/test_eeprom.dir/Users/cgtolley/Desktop/elsie/pico-sdk/src/rp2_common/pico_bootrom/bootrom.c.o
LOAD CMakeFiles/test_eeprom.dir/Users/cgtolley/Desktop/elsie/pico-sdk/src/rp2_common/pico_bootrom/bootrom_lock.c.o
LOAD CMakeFiles/test_eeprom.dir/Users/cgtolley/Desktop/elsie/pico-sdk/src/rp2_common/hardware_boot_lock/boot_lock.c.o
LOAD CMakeFiles/test_eeprom.dir/Users/cgtolley/Desktop/elsie/pico-sdk/src/rp2_common/pico_flash/flash.c.o
LOAD CMakeFiles/test_eeprom.dir/Users/cgtolley/Desktop/elsie/pico-sdk/src/rp2_common/hardware_xosc/xosc.c.o
LOAD CMakeFiles/test_eeprom.dir/Users/cgtolley/Desktop/elsie/pico-sdk/src/rp2_common/hardware_divider/divider.c.o
LOAD CMakeFiles/test_eeprom.dir/Users/cgtolley/Desktop/elsie/pico-sdk/src/rp2_common/pico_runtime/runtime.c.o
LOAD CMakeFiles/test_eeprom.dir/Users/cgtolley/Desktop/elsie/pico-sdk/src/rp2_common/pico_runtime_init/runtime_init.c.o
LOAD CMakeFiles/test_eeprom.dir/Users/cgtolley/Desktop/elsie/pico-sdk/src/rp2_common/pico_runtime_init/runtime_init_clocks.c.o
LOAD CMakeFiles/test_eeprom.dir/Users/cgtolley/Desktop/elsie/pico-sdk/src/rp2_common/pico_runtime_init/runtime_init_stack_guard.c.o
LOAD CMakeFiles/test_eeprom.dir/Users/cgtolley/Desktop/elsie/pico-sdk/src/rp2_common/pico_bit_ops/bit_ops_aeabi.S.o
LOAD CMakeFiles/test_eeprom.dir/Users/cgtolley/Desktop/elsie/pico-sdk/src/rp2_common/pico_divider/divider_compiler.c.o
LOAD CMakeFiles/test_eeprom.dir/Users/cgtolley/Desktop/elsie/pico-sdk/src/rp2_common/pico_double/double_math.c.o
LOAD CMakeFiles/test_eeprom.dir/Users/cgtolley/Desktop/elsie/pico-sdk/src/rp2_common/pico_double/double_aeabi_dcp.S.o
LOAD CMakeFiles/test_eeprom.dir/Users/cgtolley/Desktop/elsie/pico-sdk/src/rp2_common/pico_double/double_fma_dcp.S.o
LOAD CMakeFiles/test_eeprom.dir/Users/cgtolley/Desktop/elsie/pico-sdk/src/rp2_common/pico_double/double_sci_m33.S.o
LOAD CMakeFiles/test_eeprom.dir/Users/cgtolley/Desktop/elsie/pico-sdk/src/rp2_common/pico_double/double_conv_m33.S.o
LOAD CMakeFiles/test_eeprom.dir/Users/cgtolley/Desktop/elsie/pico-sdk/src/rp2_common/pico_float/float_math.c.o
LOAD CMakeFiles/test_eeprom.dir/Users/cgtolley/Desktop/elsie/pico-sdk/src/rp2_common/pico_float/float_conv32_vfp.S.o
LOAD CMakeFiles/test_eeprom.dir/Users/cgtolley/Desktop/elsie/pico-sdk/src/rp2_common/pico_float/float_common_m33.S.o